Archive member included to satisfy reference by file (symbol)

C:/ST/STM32CubeIDE_1.16.1/STM32CubeIDE/plugins/com.st.stm32cube.ide.mcu.externaltools.gnu-tools-for-stm32.12.3.rel1.win32_1.0.200.202406191623/tools/bin/../lib/gcc/arm-none-eabi/12.3.1/../../../../arm-none-eabi/lib/thumb/v7e-m+fp/hard\libstdc++_nano.a(del_ops.o)
                              ./Core/Src/EPD_test.o (operator delete(void*, unsigned int))
C:/ST/STM32CubeIDE_1.16.1/STM32CubeIDE/plugins/com.st.stm32cube.ide.mcu.externaltools.gnu-tools-for-stm32.12.3.rel1.win32_1.0.200.202406191623/tools/bin/../lib/gcc/arm-none-eabi/12.3.1/../../../../arm-none-eabi/lib/thumb/v7e-m+fp/hard\libstdc++_nano.a(new_op.o)
                              ./Core/Src/EPD_test.o (operator new(unsigned int))
C:/ST/STM32CubeIDE_1.16.1/STM32CubeIDE/plugins/com.st.stm32cube.ide.mcu.externaltools.gnu-tools-for-stm32.12.3.rel1.win32_1.0.200.202406191623/tools/bin/../lib/gcc/arm-none-eabi/12.3.1/../../../../arm-none-eabi/lib/thumb/v7e-m+fp/hard\libstdc++_nano.a(functexcept.o)
                              ./Core/Src/EPD_test.o (std::__throw_bad_alloc())
C:/ST/STM32CubeIDE_1.16.1/STM32CubeIDE/plugins/com.st.stm32cube.ide.mcu.externaltools.gnu-tools-for-stm32.12.3.rel1.win32_1.0.200.202406191623/tools/bin/../lib/gcc/arm-none-eabi/12.3.1/../../../../arm-none-eabi/lib/thumb/v7e-m+fp/hard\libstdc++_nano.a(del_op.o)
                              C:/ST/STM32CubeIDE_1.16.1/STM32CubeIDE/plugins/com.st.stm32cube.ide.mcu.externaltools.gnu-tools-for-stm32.12.3.rel1.win32_1.0.200.202406191623/tools/bin/../lib/gcc/arm-none-eabi/12.3.1/../../../../arm-none-eabi/lib/thumb/v7e-m+fp/hard\libstdc++_nano.a(del_ops.o) (operator delete(void*))
C:/ST/STM32CubeIDE_1.16.1/STM32CubeIDE/plugins/com.st.stm32cube.ide.mcu.externaltools.gnu-tools-for-stm32.12.3.rel1.win32_1.0.200.202406191623/tools/bin/../lib/gcc/arm-none-eabi/12.3.1/../../../../arm-none-eabi/lib/thumb/v7e-m+fp/hard\libstdc++_nano.a(new_handler.o)
                              C:/ST/STM32CubeIDE_1.16.1/STM32CubeIDE/plugins/com.st.stm32cube.ide.mcu.externaltools.gnu-tools-for-stm32.12.3.rel1.win32_1.0.200.202406191623/tools/bin/../lib/gcc/arm-none-eabi/12.3.1/../../../../arm-none-eabi/lib/thumb/v7e-m+fp/hard\libstdc++_nano.a(new_op.o) (std::get_new_handler())
C:/ST/STM32CubeIDE_1.16.1/STM32CubeIDE/plugins/com.st.stm32cube.ide.mcu.externaltools.gnu-tools-for-stm32.12.3.rel1.win32_1.0.200.202406191623/tools/bin/../lib/gcc/arm-none-eabi/12.3.1/../../../../arm-none-eabi/lib/thumb/v7e-m+fp/hard\libc_nano.a(libc_a-abort.o)
                              C:/ST/STM32CubeIDE_1.16.1/STM32CubeIDE/plugins/com.st.stm32cube.ide.mcu.externaltools.gnu-tools-for-stm32.12.3.rel1.win32_1.0.200.202406191623/tools/bin/../lib/gcc/arm-none-eabi/12.3.1/../../../../arm-none-eabi/lib/thumb/v7e-m+fp/hard\libstdc++_nano.a(new_op.o) (abort)
C:/ST/STM32CubeIDE_1.16.1/STM32CubeIDE/plugins/com.st.stm32cube.ide.mcu.externaltools.gnu-tools-for-stm32.12.3.rel1.win32_1.0.200.202406191623/tools/bin/../lib/gcc/arm-none-eabi/12.3.1/../../../../arm-none-eabi/lib/thumb/v7e-m+fp/hard\libc_nano.a(libc_a-exit.o)
                              C:/ST/STM32CubeIDE_1.16.1/STM32CubeIDE/plugins/com.st.stm32cube.ide.mcu.externaltools.gnu-tools-for-stm32.12.3.rel1.win32_1.0.200.202406191623/tools/bin/../lib/gcc/arm-none-eabi/12.3.1/../../../../arm-none-eabi/lib/thumb/v7e-m+fp/hard/crt0.o (exit)
C:/ST/STM32CubeIDE_1.16.1/STM32CubeIDE/plugins/com.st.stm32cube.ide.mcu.externaltools.gnu-tools-for-stm32.12.3.rel1.win32_1.0.200.202406191623/tools/bin/../lib/gcc/arm-none-eabi/12.3.1/../../../../arm-none-eabi/lib/thumb/v7e-m+fp/hard\libc_nano.a(libc_a-malloc.o)
                              C:/ST/STM32CubeIDE_1.16.1/STM32CubeIDE/plugins/com.st.stm32cube.ide.mcu.externaltools.gnu-tools-for-stm32.12.3.rel1.win32_1.0.200.202406191623/tools/bin/../lib/gcc/arm-none-eabi/12.3.1/../../../../arm-none-eabi/lib/thumb/v7e-m+fp/hard\libstdc++_nano.a(new_op.o) (malloc)
C:/ST/STM32CubeIDE_1.16.1/STM32CubeIDE/plugins/com.st.stm32cube.ide.mcu.externaltools.gnu-tools-for-stm32.12.3.rel1.win32_1.0.200.202406191623/tools/bin/../lib/gcc/arm-none-eabi/12.3.1/../../../../arm-none-eabi/lib/thumb/v7e-m+fp/hard\libc_nano.a(libc_a-mallocr.o)
                              C:/ST/STM32CubeIDE_1.16.1/STM32CubeIDE/plugins/com.st.stm32cube.ide.mcu.externaltools.gnu-tools-for-stm32.12.3.rel1.win32_1.0.200.202406191623/tools/bin/../lib/gcc/arm-none-eabi/12.3.1/../../../../arm-none-eabi/lib/thumb/v7e-m+fp/hard\libc_nano.a(libc_a-malloc.o) (_malloc_r)
C:/ST/STM32CubeIDE_1.16.1/STM32CubeIDE/plugins/com.st.stm32cube.ide.mcu.externaltools.gnu-tools-for-stm32.12.3.rel1.win32_1.0.200.202406191623/tools/bin/../lib/gcc/arm-none-eabi/12.3.1/../../../../arm-none-eabi/lib/thumb/v7e-m+fp/hard\libc_nano.a(libc_a-mlock.o)
[...]
Memory Configuration

Name             Origin             Length             Attributes
FLASH            0x08000000         0x00080000         xr
RAM              0x20000008         0x0002fff8         xrw
RAM_SHARED       0x20030000         0x00002800         xrw
*default*        0x00000000         0xffffffff

Linker script and memory map

LOAD C:/ST/STM32CubeIDE_1.16.1/STM32CubeIDE/plugins/com.st.stm32cube.ide.mcu.externaltools.gnu-tools-for-stm32.12.3.rel1.win32_1.0.200.202406191623/tools/bin/../lib/gcc/arm-none-eabi/12.3.1/thumb/v7e-m+fp/hard/crti.o
LOAD C:/ST/STM32CubeIDE_1.16.1/STM32CubeIDE/plugins/com.st.stm32cube.ide.mcu.externaltools.gnu-tools-for-stm32.12.3.rel1.win32_1.0.200.202406191623/tools/bin/../lib/gcc/arm-none-eabi/12.3.1/thumb/v7e-m+fp/hard/crtbegin.o
LOAD C:/ST/STM32CubeIDE_1.16.1/STM32CubeIDE/plugins/com.st.stm32cube.ide.mcu.externaltools.gnu-tools-for-stm32.12.3.rel1.win32_1.0.200.202406191623/tools/bin/../lib/gcc/arm-none-eabi/12.3.1/../../../../arm-none-eabi/lib/thumb/v7e-m+fp/hard/crt0.o
LOAD ./Core/Fonts/font12.o
LOAD ./Core/Fonts/font16.o
LOAD ./Core/Fonts/font20.o
LOAD ./Core/Fonts/font24.o
LOAD ./Core/Fonts/font8.o
LOAD ./Core/Src/ButtonDriver.o
LOAD ./Core/Src/Debug.o
LOAD ./Core/Src/EPD_4in26.o
LOAD ./Core/Src/EPD_test.o
LOAD ./Core/Src/FrameBuffer.o
LOAD ./Core/Src/FreeRTOSMemory.o
LOAD ./Core/Src/Rectangle.o
LOAD ./Core/Src/Screen.o
LOAD ./Core/Src/ScreenManager.o
LOAD ./Core/Src/app_freertos.o
LOAD ./Core/Src/main.o
LOAD ./Core/Src/stm32wbxx_hal_msp.o
LOAD ./Core/Src/stm32wbxx_hal_timebase_tim.o
LOAD ./Core/Src/stm32wbxx_it.o
LOAD ./Core/Src/syscalls.o
LOAD ./Core/Src/sysmem.o
LOAD ./Core/Src/system_stm32wbxx.o
LOAD ./Core/Startup/startup_stm32wb55rgvx.o
LOAD ./Drivers/BSP/P-NUCLEO-WB55.Nucleo/stm32wbxx_nucleo.o
LOAD ./Drivers/STM32WBxx_HAL_Driver/Src/stm32wbxx_hal.o
LOAD ./Drivers/STM32WBxx_HAL_Driver/Src/stm32wbxx_hal_cortex.o
LOAD ./Drivers/STM32WBxx_HAL_Driver/Src/stm32wbxx_hal_dma.o
LOAD ./Drivers/STM32WBxx_HAL_Driver/Src/stm32wbxx_hal_dma_ex.o
LOAD ./Drivers/STM32WBxx_HAL_Driver/Src/stm32wbxx_hal_exti.o
LOAD ./Drivers/STM32WBxx_HAL_Driver/Src/stm32wbxx_hal_flash.o
LOAD ./Drivers/STM32WBxx_HAL_Driver/Src/stm32wbxx_hal_flash_ex.o
LOAD ./Drivers/STM32WBxx_HAL_Driver/Src/stm32wbxx_hal_gpio.o
LOAD ./Drivers/STM32WBxx_HAL_Driver/Src/stm32wbxx_hal_hsem.o
LOAD ./Drivers/STM32WBxx_HAL_Driver/Src/stm32wbxx_hal_pwr.o
LOAD ./Drivers/STM32WBxx_HAL_Driver/Src/stm32wbxx_hal_pwr_ex.o
LOAD ./Drivers/STM32WBxx_HAL_Driver/Src/stm32wbxx_hal_rcc.o
LOAD ./Drivers/STM32WBxx_HAL_Driver/Src/stm32wbxx_hal_rcc_ex.o
LOAD ./Drivers/STM32WBxx_HAL_Driver/Src/stm32wbxx_hal_spi.o
LOAD ./Drivers/STM32WBxx_HAL_Driver/Src/stm32wbxx_hal_spi_ex.o
LOAD ./Drivers/STM32WBxx_HAL_Driver/Src/stm32wbxx_hal_tim.o
LOAD ./Drivers/STM32WBxx_HAL_Driver/Src/stm32wbxx_hal_tim_ex.o
LOAD ./Drivers/STM32WBxx_HAL_Driver/Src/stm32wbxx_hal_uart.o
LOAD ./Drivers/STM32WBxx_HAL_Driver/Src/stm32wbxx_hal_uart_ex.o
LOAD ./Drivers/STM32WBxx_HAL_Driver/Src/stm32wbxx_hal_usart.o
LOAD ./Drivers/STM32WBxx_HAL_Driver/Src/stm32wbxx_hal_usart_ex.o
LOAD ./Drivers/STM32WBxx_HAL_Driver/Src/stm32wbxx_ll_rcc.o
LOAD ./Middlewares/Third_Party/FreeRTOS/Source/CMSIS_RTOS_V2/cmsis_os2.o
LOAD ./Middlewares/Third_Party/FreeRTOS/Source/croutine.o
LOAD ./Middlewares/Third_Party/FreeRTOS/Source/event_groups.o
LOAD ./Middlewares/Third_Party/FreeRTOS/Source/list.o
LOAD ./Middlewares/Third_Party/FreeRTOS/Source/queue.o
LOAD ./Middlewares/Third_Party/FreeRTOS/Source/stream_buffer.o
LOAD ./Middlewares/Third_Party/FreeRTOS/Source/tasks.o
LOAD ./Middlewares/Third_Party/FreeRTOS/Source/timers.o
LOAD ./Middlewares/Third_Party/FreeRTOS/Source/portable/GCC/ARM_CM4F/port.o
LOAD ./Middlewares/Third_Party/FreeRTOS/Source/portable/MemMang/heap_4.o
START GROUP
LOAD C:/ST/STM32CubeIDE_1.16.1/STM32CubeIDE/plugins/com.st.stm32cube.ide.mcu.externaltools.gnu-tools-for-stm32.12.3.rel1.win32_1.0.200.202406191623/tools/bin/../lib/gcc/arm-none-eabi/12.3.1/../../../../arm-none-eabi/lib/thumb/v7e-m+fp/hard\libstdc++_nano.a
LOAD C:/ST/STM32CubeIDE_1.16.1/STM32CubeIDE/plugins/com.st.stm32cube.ide.mcu.externaltools.gnu-tools-for-stm32.12.3.rel1.win32_1.0.200.202406191623/tools/bin/../lib/gcc/arm-none-eabi/12.3.1/../../../../arm-none-eabi/lib/thumb/v7e-m+fp/hard\libsupc++_nano.a
END GROUP
LOAD C:/ST/STM32CubeIDE_1.16.1/STM32CubeIDE/plugins/com.st.stm32cube.ide.mcu.externaltools.gnu-tools-for-stm32.12.3.rel1.win32_1.0.200.202406191623/tools/bin/../lib/gcc/arm-none-eabi/12.3.1/../../../../arm-none-eabi/lib/thumb/v7e-m+fp/hard\libstdc++_nano.a
LOAD C:/ST/STM32CubeIDE_1.16.1/STM32CubeIDE/plugins/com.st.stm32cube.ide.mcu.externaltools.gnu-tools-for-stm32.12.3.rel1.win32_1.0.200.202406191623/tools/bin/../lib/gcc/arm-none-eabi/12.3.1/../../../../arm-none-eabi/lib/thumb/v7e-m+fp/hard\libm.a
LOAD C:/ST/STM32CubeIDE_1.16.1/STM32CubeIDE/plugins/com.st.stm32cube.ide.mcu.externaltools.gnu-tools-for-stm32.12.3.rel1.win32_1.0.200.202406191623/tools/bin/../lib/gcc/arm-none-eabi/12.3.1/../../../../arm-none-eabi/lib/thumb/v7e-m+fp/hard\libc_nano.a
START GROUP
LOAD C:/ST/STM32CubeIDE_1.16.1/STM32CubeIDE/plugins/com.st.stm32cube.ide.mcu.externaltools.gnu-tools-for-stm32.12.3.rel1.win32_1.0.200.202406191623/tools/bin/../lib/gcc/arm-none-eabi/12.3.1/thumb/v7e-m+fp/hard\libgcc.a
LOAD C:/ST/STM32CubeIDE_1.16.1/STM32CubeIDE/plugins/com.st.stm32cube.ide.mcu.externaltools.gnu-tools-for-stm32.12.3.rel1.win32_1.0.200.202406191623/tools/bin/../lib/gcc/arm-none-eabi/12.3.1/../../../../arm-none-eabi/lib/thumb/v7e-m+fp/hard\libc_nano.a
END GROUP
START GROUP
LOAD C:/ST/STM32CubeIDE_1.16.1/STM32CubeIDE/plugins/com.st.stm32cube.ide.mcu.externaltools.gnu-tools-for-stm32.12.3.rel1.win32_1.0.200.202406191623/tools/bin/../lib/gcc/arm-none-eabi/12.3.1/thumb/v7e-m+fp/hard\libgcc.a
LOAD C:/ST/STM32CubeIDE_1.16.1/STM32CubeIDE/plugins/com.st.stm32cube.ide.mcu.externaltools.gnu-tools-for-stm32.12.3.rel1.win32_1.0.200.202406191623/tools/bin/../lib/gcc/arm-none-eabi/12.3.1/../../../../arm-none-eabi/lib/thumb/v7e-m+fp/hard\libc_nano.a
LOAD C:/ST/STM32CubeIDE_1.16.1/STM32CubeIDE/plugins/com.st.stm32cube.ide.mcu.externaltools.gnu-tools-for-stm32.12.3.rel1.win32_1.0.200.202406191623/tools/bin/../lib/gcc/arm-none-eabi/12.3.1/../../../../arm-none-eabi/lib/thumb/v7e-m+fp/hard\libnosys.a
END GROUP
START GROUP
LOAD C:/ST/STM32CubeIDE_1.16.1/STM32CubeIDE/plugins/com.st.stm32cube.ide.mcu.externaltools.gnu-tools-for-stm32.12.3.rel1.win32_1.0.200.202406191623/tools/bin/../lib/gcc/arm-none-eabi/12.3.1/thumb/v7e-m+fp/hard\libgcc.a
LOAD C:/ST/STM32CubeIDE_1.16.1/STM32CubeIDE/plugins/com.st.stm32cube.ide.mcu.externaltools.gnu-tools-for-stm32.12.3.rel1.win32_1.0.200.202406191623/tools/bin/../lib/gcc/arm-none-eabi/12.3.1/../../../../arm-none-eabi/lib/thumb/v7e-m+fp/hard\libc_nano.a
LOAD C:/ST/STM32CubeIDE_1.16.1/STM32CubeIDE/plugins/com.st.stm32cube.ide.mcu.externaltools.gnu-tools-for-stm32.12.3.rel1.win32_1.0.200.202406191623/tools/bin/../lib/gcc/arm-none-eabi/12.3.1/../../../../arm-none-eabi/lib/thumb/v7e-m+fp/hard\libnosys.a
END GROUP
LOAD C:/ST/STM32CubeIDE_1.16.1/STM32CubeIDE/plugins/com.st.stm32cube.ide.mcu.externaltools.gnu-tools-for-stm32.12.3.rel1.win32_1.0.200.202406191623/tools/bin/../lib/gcc/arm-none-eabi/12.3.1/thumb/v7e-m+fp/hard/crtend.o
LOAD C:/ST/STM32CubeIDE_1.16.1/STM32CubeIDE/plugins/com.st.stm32cube.ide.mcu.externaltools.gnu-tools-for-stm32.12.3.rel1.win32_1.0.200.202406191623/tools/bin/../lib/gcc/arm-none-eabi/12.3.1/thumb/v7e-m+fp/hard/crtn.o
                0x20030000                        _estack = (ORIGIN (RAM) + LENGTH (RAM))
                0x00000200                        _Min_Heap_Size = 0x200
                0x00000400                        _Min_Stack_Size = 0x400

.isr_vector     0x08000000      0x13c
                0x08000000                        . = ALIGN (0x4)
 *(.isr_vector)
 .isr_vector    0x08000000      0x13c ./Core/Startup/startup_stm32wb55rgvx.o
                0x08000000                g_pfnVectors
                0x0800013c                        . = ALIGN (0x4)

.text           0x08000140     0xf84c
                0x08000140                        . = ALIGN (0x4)
 *(.text)
 .text          0x08000140       0x40 C:/ST/STM32CubeIDE_1.16.1/STM32CubeIDE/plugins/com.st.stm32cube.ide.mcu.externaltools.gnu-tools-for-stm32.12.3.rel1.win32_1.0.200.202406191623/tools/bin/../lib/gcc/arm-none-eabi/12.3.1/thumb/v7e-m+fp/hard/crtbegin.o
 .text          0x08000180       0xa0 C:/ST/STM32CubeIDE_1.16.1/STM32CubeIDE/plugins/com.st.stm32cube.ide.mcu.externaltools.gnu-tools-for-stm32.12.3.rel1.win32_1.0.200.202406191623/tools/bin/../lib/gcc/arm-none-eabi/12.3.1/../../../../arm-none-eabi/lib/thumb/v7e-m+fp/hard\libc_nano.a(libc_a-memchr.o)
                0x08000180                memchr
 .text          0x08000220       0x10 C:/ST/STM32CubeIDE_1.16.1/STM32CubeIDE/plugins/com.st.stm32cube.ide.mcu.externaltools.gnu-tools-for-stm32.12.3.rel1.win32_1.0.200.202406191623/tools/bin/../lib/gcc/arm-none-eabi/12.3.1/../../../../arm-none-eabi/lib/thumb/v7e-m+fp/hard\libc_nano.a(libc_a-strlen.o)
                0x08000220                strlen
 .text          0x08000230      0x378 C:/ST/STM32CubeIDE_1.16.1/STM32CubeIDE/plugins/com.st.stm32cube.ide.mcu.externaltools.gnu-tools-for-stm32.12.3.rel1.win32_1.0.200.202406191623/tools/bin/../lib/gcc/arm-none-eabi/12.3.1/thumb/v7e-m+fp/hard\libgcc.a(_arm_addsubdf3.o)
                0x08000230                __aeabi_drsub
                0x08000238                __aeabi_dsub
                0x08000238                __subdf3
                0x0800023c                __aeabi_dadd
                0x0800023c                __adddf3
                0x080004b4                __floatunsidf
                0x080004b4                __aeabi_ui2d
                0x080004d4                __floatsidf
                0x080004d4                __aeabi_i2d
                0x080004f8                __aeabi_f2d
                0x080004f8                __extendsfdf2
                0x0800053c                __floatundidf
                0x0800053c                __aeabi_ul2d
                0x0800054c                __floatdidf
                0x0800054c                __aeabi_l2d
 .text          0x080005a8      0x424 C:/ST/STM32CubeIDE_1.16.1/STM32CubeIDE/plugins/com.st.stm32cube.ide.mcu.externaltools.gnu-tools-for-stm32.12.3.rel1.win32_1.0.200.202406191623/tools/bin/../lib/gcc/arm-none-eabi/12.3.1/thumb/v7e-m+fp/hard\libgcc.a(_arm_muldivdf3.o)
                0x080005a8                __aeabi_dmul
                0x080005a8                __muldf3
                0x080007fc                __divdf3
                0x080007fc                __aeabi_ddiv
 .text          0x080009cc      0x110 C:/ST/STM32CubeIDE_1.16.1/STM32CubeIDE/plugins/com.st.stm32cube.ide.mcu.externaltools.gnu-tools-for-stm32.12.3.rel1.win32_1.0.200.202406191623/tools/bin/../lib/gcc/arm-none-eabi/12.3.1/thumb/v7e-m+fp/hard\libgcc.a(_arm_cmpdf2.o)
                0x080009cc                __gtdf2
                0x080009cc                __gedf2
                0x080009d4                __ltdf2
                0x080009d4                __ledf2
                0x080009dc                __nedf2
                0x080009dc                __eqdf2
                0x080009dc                __cmpdf2
                0x08000a58                __aeabi_cdrcmple
                0x08000a68                __aeabi_cdcmpeq
                0x08000a68                __aeabi_cdcmple
                0x08000a78                __aeabi_dcmpeq
                0x08000a8c                __aeabi_dcmplt
                0x08000aa0                __aeabi_dcmple
                0x08000ab4                __aeabi_dcmpge
                0x08000ac8                __aeabi_dcmpgt
 .text          0x08000adc       0x2c C:/ST/STM32CubeIDE_1.16.1/STM32CubeIDE/plugins/com.st.stm32cube.ide.mcu.externaltools.gnu-tools-for-stm32.12.3.rel1.win32_1.0.200.202406191623/tools/bin/../lib/gcc/arm-none-eabi/12.3.1/thumb/v7e-m+fp/hard\libgcc.a(_arm_unorddf2.o)
                0x08000adc                __unorddf2
                0x08000adc                __aeabi_dcmpun
 .text          0x08000b08       0x50 C:/ST/STM32CubeIDE_1.16.1/STM32CubeIDE/plugins/com.st.stm32cube.ide.mcu.externaltools.gnu-tools-for-stm32.12.3.rel1.win32_1.0.200.202406191623/tools/bin/../lib/gcc/arm-none-eabi/12.3.1/thumb/v7e-m+fp/hard\libgcc.a(_arm_fixdfsi.o)
                0x08000b08                __aeabi_d2iz
                0x08000b08                __fixdfsi
 .text          0x08000b58       0x30 C:/ST/STM32CubeIDE_1.16.1/STM32CubeIDE/plugins/com.st.stm32cube.ide.mcu.externaltools.gnu-tools-for-stm32.12.3.rel1.win32_1.0.200.202406191623/tools/bin/../lib/gcc/arm-none-eabi/12.3.1/thumb/v7e-m+fp/hard\libgcc.a(_aeabi_uldivmod.o)
                0x08000b58                __aeabi_uldivmod
 .text          0x08000b88      0x2bc C:/ST/STM32CubeIDE_1.16.1/STM32CubeIDE/plugins/com.st.stm32cube.ide.mcu.externaltools.gnu-tools-for-stm32.12.3.rel1.win32_1.0.200.202406191623/tools/bin/../lib/gcc/arm-none-eabi/12.3.1/thumb/v7e-m+fp/hard\libgcc.a(_udivmoddi4.o)
                0x08000b88                __udivmoddi4
 .text          0x08000e44        0x4 C:/ST/STM32CubeIDE_1.16.1/STM32CubeIDE/plugins/com.st.stm32cube.ide.mcu.externaltools.gnu-tools-for-stm32.12.3.rel1.win32_1.0.200.202406191623/tools/bin/../lib/gcc/arm-none-eabi/12.3.1/thumb/v7e-m+fp/hard\libgcc.a(_dvmd_tls.o)
                0x08000e44                __aeabi_idiv0
                0x08000e44                __aeabi_ldiv0
 *(.text*)
 .text._Z12log_message2hPKcz
                0x08000e48       0x48 ./Core/Src/Debug.o
                0x08000e48                log_message2(unsigned char, char const*, ...)
 .text._ZN9EPD_4in26C2EP12GPIO_TypeDeftS1_tS1_tS1_tS1_tP19__SPI_HandleTypeDef
                0x08000e90       0x60 ./Core/Src/EPD_4in26.o
                0x08000e90                EPD_4in26::EPD_4in26(GPIO_TypeDef*, unsigned short, GPIO_TypeDef*, unsigned short, GPIO_TypeDef*, unsigned short, GPIO_TypeDef*, unsigned short, GPIO_TypeDef*, unsigned short, __SPI_HandleTypeDef*)
                0x08000e90                EPD_4in26::EPD_4in26(GPIO_TypeDef*, unsigned short, GPIO_TypeDef*, unsigned short, GPIO_TypeDef*, unsigned short, GPIO_TypeDef*, unsigned short, GPIO_TypeDef*, unsigned short, __SPI_HandleTypeDef*)
 .text._ZN9EPD_4in267pinInitEv
                0x08000ef0       0x52 ./Core/Src/EPD_4in26.o
                0x08000ef0                EPD_4in26::pinInit()
 .text._ZN9EPD_4in2615EPD_4in26_ResetEv
                0x08000f42       0x52 ./Core/Src/EPD_4in26.o
                0x08000f42                EPD_4in26::EPD_4in26_Reset()
 .text._ZN9EPD_4in2621EPD_4in26_SendCommandEh
                0x08000f94       0xa8 ./Core/Src/EPD_4in26.o
                0x08000f94                EPD_4in26::EPD_4in26_SendCommand(unsigned char)
 .text._ZN9EPD_4in2618EPD_4in26_SendDataEh
                0x0800103c       0x54 ./Core/Src/EPD_4in26.o
                0x0800103c                EPD_4in26::EPD_4in26_SendData(unsigned char)
 .text._ZN9EPD_4in2619EPD_4in26_SendData2EPhm
                0x08001090       0x56 ./Core/Src/EPD_4in26.o
                0x08001090                EPD_4in26::EPD_4in26_SendData2(unsigned char*, unsigned long)
 .text._ZN9EPD_4in2618EPD_4in26_ReadBusyEv
                0x080010e6       0x40 ./Core/Src/EPD_4in26.o
                0x080010e6                EPD_4in26::EPD_4in26_ReadBusy()
 .text._ZN9EPD_4in2623EPD_4in26_TurnOnDisplayEv
                0x08001126       0x2e ./Core/Src/EPD_4in26.o
                0x08001126                EPD_4in26::EPD_4in26_TurnOnDisplay()
 .text._ZN9EPD_4in2628EPD_4in26_TurnOnDisplay_PartEv
                0x08001154       0x2e ./Core/Src/EPD_4in26.o
                0x08001154                EPD_4in26::EPD_4in26_TurnOnDisplay_Part()
 .text._ZN9EPD_4in2620EPD_4in26_SetWindowsEtttt
                0x08001182       0xba ./Core/Src/EPD_4in26.o
                0x08001182                EPD_4in26::EPD_4in26_SetWindows(unsigned short, unsigned short, unsigned short, unsigned short)
 .text._ZN9EPD_4in2619EPD_4in26_SetCursorEtt
                0x0800123c       0x6c ./Core/Src/EPD_4in26.o
                0x0800123c                EPD_4in26::EPD_4in26_SetCursor(unsigned short, unsigned short)
 .text._ZN9EPD_4in2614EPD_4in26_InitEv
                0x080012a8       0xd4 ./Core/Src/EPD_4in26.o
                0x080012a8                EPD_4in26::EPD_4in26_Init()
 .text._ZN9EPD_4in2622EPD_4in26_Display_BaseEPKh
                0x0800137c       0x8a ./Core/Src/EPD_4in26.o
                0x0800137c                EPD_4in26::EPD_4in26_Display_Base(unsigned char const*)
 .text._ZN9EPD_4in2623EPD_4in26_WriteToBufferEPKhtttt
                0x08001406       0xca ./Core/Src/EPD_4in26.o
                0x08001406                EPD_4in26::EPD_4in26_WriteToBuffer(unsigned char const*, unsigned short, unsigned short, unsigned short, unsigned short)
 .text._ZSt23__is_constant_evaluatedv
                0x080014d0       0x10 ./Core/Src/EPD_test.o
                0x080014d0                std::__is_constant_evaluated()
 .text._ZnwjPv  0x080014e0       0x18 ./Core/Src/EPD_test.o
                0x080014e0                operator new(unsigned int, void*)
 .text._ZNK15FreeRTOSDeleterclEPv
                0x080014f8       0x18 ./Core/Src/EPD_test.o
                0x080014f8                FreeRTOSDeleter::operator()(void*) const
 .text._ZN11FrameBuffer11getInstanceEtttt
                0x08001510       0x88 ./Core/Src/EPD_test.o
                0x08001510                FrameBuffer::getInstance(unsigned short, unsigned short, unsigned short, unsigned short)
 .text._ZN11FrameBuffer8getImageEv
                0x08001598       0x1a ./Core/Src/EPD_test.o
                0x08001598                FrameBuffer::getImage()
 *fill*         0x080015b2        0x2 
 .text._ZN8DrawableC2EPFvvEttt
                0x080015b4       0x64 ./Core/Src/EPD_test.o
                0x080015b4                Drawable::Drawable(void (*)(), unsigned short, unsigned short, unsigned short)
                0x080015b4                Drawable::Drawable(void (*)(), unsigned short, unsigned short, unsigned short)
 .text._ZN8Drawable10onInteractEv
                0x08001618       0x1e ./Core/Src/EPD_test.o
                0x08001618                Drawable::onInteract()
 .text._ZN8Drawable9clearAreaER11FrameBuffertt
                0x08001636       0x22 ./Core/Src/EPD_test.o
                0x08001636                Drawable::clearArea(FrameBuffer&, unsigned short, unsigned short)
 .text._ZN8Drawable9highlightEb
                0x08001658       0x18 ./Core/Src/EPD_test.o
                0x08001658                Drawable::highlight(bool)
 .text._ZN8Drawable12resetUpdatedEv
                0x08001670       0x1a ./Core/Src/EPD_test.o
                0x08001670                Drawable::resetUpdated()
 .text._ZN8Drawable12interactableEv
                0x0800168a       0x22 ./Core/Src/EPD_test.o
                0x0800168a                Drawable::interactable()
 .text._ZN8Drawable11addCallbackEPFvvE
                0x080016ac       0x1c ./Core/Src/EPD_test.o
                0x080016ac                Drawable::addCallback(void (*)())
 .text._ZN8DrawableD2Ev
                0x080016c8       0x20 ./Core/Src/EPD_test.o
                0x080016c8                Drawable::~Drawable()
                0x080016c8                Drawable::~Drawable()
 .text._ZN8DrawableD0Ev
                0x080016e8       0x20 ./Core/Src/EPD_test.o
                0x080016e8                Drawable::~Drawable()
 .text._ZN9ContainerC2EttttPFvvE
                0x08001708       0x5c ./Core/Src/EPD_test.o
                0x08001708                Container::Container(unsigned short, unsigned short, unsigned short, unsigned short, void (*)())
                0x08001708                Container::Container(unsigned short, unsigned short, unsigned short, unsigned short, void (*)())
 .text._ZN9Container4drawER11FrameBuffertt
                0x08001764       0xae ./Core/Src/EPD_test.o
                0x08001764                Container::draw(FrameBuffer&, unsigned short, unsigned short)
 .text._ZN9Container12resetUpdatedEv
                0x08001812       0x4a ./Core/Src/EPD_test.o
                0x08001812                Container::resetUpdated()
 .text._ZN9Container9highlightEb
                0x0800185c       0x56 ./Core/Src/EPD_test.o
                0x0800185c                Container::highlight(bool)
 .text._ZN9Container11addDrawableEP8Drawable
                0x080018b2       0x34 ./Core/Src/EPD_test.o
                0x080018b2                Container::addDrawable(Drawable*)
 .text._ZN9Container7setXEndEt
                0x080018e6       0x1e ./Core/Src/EPD_test.o
                0x080018e6                Container::setXEnd(unsigned short)
 .text._ZN9Container9setXStartEt
                0x08001904       0x1e ./Core/Src/EPD_test.o
                0x08001904                Container::setXStart(unsigned short)
 .text._ZN9Container7setYEndEt
                0x08001922       0x1e ./Core/Src/EPD_test.o
                0x08001922                Container::setYEnd(unsigned short)
 .text._ZN9Container9setYStartEt
                0x08001940       0x1e ./Core/Src/EPD_test.o
                0x08001940                Container::setYStart(unsigned short)
 .text._ZN6ScreenC2EPFv6ButtonEtttt
                0x0800195e       0x3e ./Core/Src/EPD_test.o
                0x0800195e                Screen::Screen(void (*)(Button), unsigned short, unsigned short, unsigned short, unsigned short)
                0x0800195e                Screen::Screen(void (*)(Button), unsigned short, unsigned short, unsigned short, unsigned short)
 .text._ZN6ScreenD2Ev
                0x0800199c       0x16 ./Core/Src/EPD_test.o
                0x0800199c                Screen::~Screen()
                0x0800199c                Screen::~Screen()
 .text._ZN6Screen11addDrawableEP8Drawable
                0x080019b2       0x56 ./Core/Src/EPD_test.o
                0x080019b2                Screen::addDrawable(Drawable*)
 .text._ZN6Screen8getImageEv
                0x08001a08       0x2a ./Core/Src/EPD_test.o
                0x08001a08                Screen::getImage()
 .text._ZN6Screen11cleanRenderEv
                0x08001a32       0xae ./Core/Src/EPD_test.o
                0x08001a32                Screen::cleanRender()
 .text._ZN6Screen5clearEt
                0x08001ae0       0x30 ./Core/Src/EPD_test.o
                0x08001ae0                Screen::clear(unsigned short)
 .text._ZN6Screen17setButtonCallbackEPFv6ButtonE
                0x08001b10       0x1c ./Core/Src/EPD_test.o
                0x08001b10                Screen::setButtonCallback(void (*)(Button))
 .text._ZN9Rectangle4drawER11FrameBuffertt
                0x08001b2c       0x82 ./Core/Src/EPD_test.o
                0x08001b2c                Rectangle::draw(FrameBuffer&, unsigned short, unsigned short)
 .text._ZN9Rectangle9clearAreaER11FrameBuffertt
                0x08001bae       0x62 ./Core/Src/EPD_test.o
                0x08001bae                Rectangle::clearArea(FrameBuffer&, unsigned short, unsigned short)
 .text._ZN9RectangleC2Ettttt9DOT_PIXEL9DRAW_FILLPFvvEttt
                0x08001c10       0x70 ./Core/Src/EPD_test.o
                0x08001c10                Rectangle::Rectangle(unsigned short, unsigned short, unsigned short, unsigned short, unsigned short, DOT_PIXEL, DRAW_FILL, void (*)(), unsigned short, unsigned short, unsigned short)
                0x08001c10                Rectangle::Rectangle(unsigned short, unsigned short, unsigned short, unsigned short, unsigned short, DOT_PIXEL, DRAW_FILL, void (*)(), unsigned short, unsigned short, unsigned short)
 .text._ZN9RectangleD2Ev
                0x08001c80       0x24 ./Core/Src/EPD_test.o
                0x08001c80                Rectangle::~Rectangle()
                0x08001c80                Rectangle::~Rectangle()
 .text._ZN9RectangleD0Ev
                0x08001ca4       0x20 ./Core/Src/EPD_test.o
                0x08001ca4                Rectangle::~Rectangle()
 .text._ZN28HighLightOnInteractRectangleC2Ettttt9DOT_PIXEL9DRAW_FILLPFvvEttt
                0x08001cc4       0x60 ./Core/Src/EPD_test.o
                0x08001cc4                HighLightOnInteractRectangle::HighLightOnInteractRectangle(unsigned short, unsigned short, unsigned short, unsigned short, unsigned short, DOT_PIXEL, DRAW_FILL, void (*)(), unsigned short, unsigned short, unsigned short)
                0x08001cc4                HighLightOnInteractRectangle::HighLightOnInteractRectangle(unsigned short, unsigned short, unsigned short, unsigned short, unsigned short, DOT_PIXEL, DRAW_FILL, void (*)(), unsigned short, unsigned short, unsigned short)
 .text._ZN28HighLightOnInteractRectangle9highlightEb
                0x08001d24       0x32 ./Core/Src/EPD_test.o
                0x08001d24                HighLightOnInteractRectangle::highlight(bool)
 .text._ZN13ScreenManagerC2EP9EPD_4in26
                0x08001d56       0x2a ./Core/Src/EPD_test.o
                0x08001d56                ScreenManager::ScreenManager(EPD_4in26*)
                0x08001d56                ScreenManager::ScreenManager(EPD_4in26*)
 .text._ZN6BitMapC2EPKhttttt
                0x08001d80       0x60 ./Core/Src/EPD_test.o
                0x08001d80                BitMap::BitMap(unsigned char const*, unsigned short, unsigned short, unsigned short, unsigned short, unsigned short)
                0x08001d80                BitMap::BitMap(unsigned char const*, unsigned short, unsigned short, unsigned short, unsigned short, unsigned short)
 .text._ZN6BitMap4drawER11FrameBuffertt
                0x08001de0       0x64 ./Core/Src/EPD_test.o
                0x08001de0                BitMap::draw(FrameBuffer&, unsigned short, unsigned short)
 .text._ZN6BitMap9highlightEb
                0x08001e44       0x18 ./Core/Src/EPD_test.o
                0x08001e44                BitMap::highlight(bool)
 .text._ZN8DrawText4drawER11FrameBuffertt
                0x08001e5c       0xa2 ./Core/Src/EPD_test.o
                0x08001e5c                DrawText::draw(FrameBuffer&, unsigned short, unsigned short)
 .text._ZN8DrawText11updatedTextEv
                0x08001efe       0x1a ./Core/Src/EPD_test.o
                0x08001efe                DrawText::updatedText()
 .text._ZN8DrawTextC2EttPKcP6_tFonttt
                0x08001f18       0x60 ./Core/Src/EPD_test.o
                0x08001f18                DrawText::DrawText(unsigned short, unsigned short, char const*, _tFont*, unsigned short, unsigned short)
                0x08001f18                DrawText::DrawText(unsigned short, unsigned short, char const*, _tFont*, unsigned short, unsigned short)
 .text._ZN8DrawTextC2EttP10PAINT_TIMEP6_tFonttt
                0x08001f78       0x60 ./Core/Src/EPD_test.o
                0x08001f78                DrawText::DrawText(unsigned short, unsigned short, PAINT_TIME*, _tFont*, unsigned short, unsigned short)
                0x08001f78                DrawText::DrawText(unsigned short, unsigned short, PAINT_TIME*, _tFont*, unsigned short, unsigned short)
 .text._ZN8DrawTextD2Ev
                0x08001fd8       0x24 ./Core/Src/EPD_test.o
                0x08001fd8                DrawText::~DrawText()
                0x08001fd8                DrawText::~DrawText()
 .text._ZN8DrawTextD0Ev
                0x08001ffc       0x20 ./Core/Src/EPD_test.o
                0x08001ffc                DrawText::~DrawText()
 .text._ZN21HighlightableDrawTextC2EttPKcP6_tFonttt
                0x0800201c       0x40 ./Core/Src/EPD_test.o
                0x0800201c                HighlightableDrawText::HighlightableDrawText(unsigned short, unsigned short, char const*, _tFont*, unsigned short, unsigned short)
                0x0800201c                HighlightableDrawText::HighlightableDrawText(unsigned short, unsigned short, char const*, _tFont*, unsigned short, unsigned short)
 .text._ZN21HighlightableDrawText9highlightEb
                0x0800205c       0x3e ./Core/Src/EPD_test.o
                0x0800205c                HighlightableDrawText::highlight(bool)
 *fill*         0x0800209a        0x2 
 .text._ZN17SetPointContainerC2Ev
                0x0800209c       0x88 ./Core/Src/EPD_test.o
                0x0800209c                SetPointContainer::SetPointContainer()
                0x0800209c                SetPointContainer::SetPointContainer()
 .text._ZZ29updateSetPointDynamicElementshENKUlvE_clEv
                0x08002124       0x14 ./Core/Src/EPD_test.o
 .text._ZZ29updateSetPointDynamicElementshENUlvE_4_FUNEv
                0x08002138        0xc ./Core/Src/EPD_test.o
 .text._ZZ29updateSetPointDynamicElementshENKUlvE_cvPFvvEEv
                0x08002144       0x1c ./Core/Src/EPD_test.o
 .text._ZZ29updateSetPointDynamicElementshENKUlvE0_clEv
                0x08002160       0x14 ./Core/Src/EPD_test.o
 .text._ZZ29updateSetPointDynamicElementshENUlvE0_4_FUNEv
                0x08002174        0xc ./Core/Src/EPD_test.o
 .text._ZZ29updateSetPointDynamicElementshENKUlvE0_cvPFvvEEv
                0x08002180       0x1c ./Core/Src/EPD_test.o
 .text._Z29updateSetPointDynamicElementsh
                0x0800219c      0x138 ./Core/Src/EPD_test.o
                0x0800219c                updateSetPointDynamicElements(unsigned char)
 .text._Z29setPointInitializeConnectionsR6Screen
                0x080022d4       0xbc ./Core/Src/EPD_test.o
                0x080022d4                setPointInitializeConnections(Screen&)
 .text._Z23setPointScreenCallback16Button
                0x08002390       0xb4 ./Core/Src/EPD_test.o
                0x08002390                setPointScreenCallback1(Button)
 .text._ZZ21EPD_MainMenuWithQueuevENKUlvE_clEv
                0x08002444       0x2c ./Core/Src/EPD_test.o
 .text._ZZ21EPD_MainMenuWithQueuevENUlvE_4_FUNEv
                0x08002470        0xc ./Core/Src/EPD_test.o
 .text._ZZ21EPD_MainMenuWithQueuevENKUlvE_cvPFvvEEv
                0x0800247c       0x1c ./Core/Src/EPD_test.o
 .text._ZZ21EPD_MainMenuWithQueuevENKUlvE0_clEv
                0x08002498       0x2c ./Core/Src/EPD_test.o
 .text._ZZ21EPD_MainMenuWithQueuevENUlvE0_4_FUNEv
                0x080024c4        0xc ./Core/Src/EPD_test.o
 .text._ZZ21EPD_MainMenuWithQueuevENKUlvE0_cvPFvvEEv
                0x080024d0       0x1c ./Core/Src/EPD_test.o
 .text._ZZ21EPD_MainMenuWithQueuevENKUlvE1_clEv
                0x080024ec       0x14 ./Core/Src/EPD_test.o
 .text._ZZ21EPD_MainMenuWithQueuevENUlvE1_4_FUNEv
                0x08002500        0xc ./Core/Src/EPD_test.o
 .text._ZZ21EPD_MainMenuWithQueuevENKUlvE1_cvPFvvEEv
                0x0800250c       0x1c ./Core/Src/EPD_test.o
 .text._ZZ21EPD_MainMenuWithQueuevENKUlvE2_clEv
                0x08002528       0x14 ./Core/Src/EPD_test.o
 .text._ZZ21EPD_MainMenuWithQueuevENUlvE2_4_FUNEv
                0x0800253c        0xc ./Core/Src/EPD_test.o
 .text._ZZ21EPD_MainMenuWithQueuevENKUlvE2_cvPFvvEEv
                0x08002548       0x1c ./Core/Src/EPD_test.o
 .text._ZZ21EPD_MainMenuWithQueuevENKUlvE3_clEv
                0x08002564       0x30 ./Core/Src/EPD_test.o
 .text._ZZ21EPD_MainMenuWithQueuevENUlvE3_4_FUNEv
                0x08002594        0xc ./Core/Src/EPD_test.o
 .text._ZZ21EPD_MainMenuWithQueuevENKUlvE3_cvPFvvEEv
                0x080025a0       0x1c ./Core/Src/EPD_test.o
 .text._ZZ21EPD_MainMenuWithQueuevENKUlvE4_clEv
                0x080025bc       0x30 ./Core/Src/EPD_test.o
 .text._ZZ21EPD_MainMenuWithQueuevENUlvE4_4_FUNEv
                0x080025ec        0xc ./Core/Src/EPD_test.o
 .text._ZZ21EPD_MainMenuWithQueuevENKUlvE4_cvPFvvEEv
                0x080025f8       0x1c ./Core/Src/EPD_test.o
 .text._ZZ21EPD_MainMenuWithQueuevENKUlvE5_clEv
                0x08002614       0x30 ./Core/Src/EPD_test.o
 .text._ZZ21EPD_MainMenuWithQueuevENUlvE5_4_FUNEv
                0x08002644        0xc ./Core/Src/EPD_test.o
 .text._ZZ21EPD_MainMenuWithQueuevENKUlvE5_cvPFvvEEv
                0x08002650       0x1c ./Core/Src/EPD_test.o
 .text._ZZ21EPD_MainMenuWithQueuevENKUlvE6_clEv
                0x0800266c       0x30 ./Core/Src/EPD_test.o
 .text._ZZ21EPD_MainMenuWithQueuevENUlvE6_4_FUNEv
                0x0800269c        0xc ./Core/Src/EPD_test.o
 .text._ZZ21EPD_MainMenuWithQueuevENKUlvE6_cvPFvvEEv
                0x080026a8       0x1c ./Core/Src/EPD_test.o
 .text._ZZ21EPD_MainMenuWithQueuevENKUlvE7_clEv
                0x080026c4       0x30 ./Core/Src/EPD_test.o
 .text._ZZ21EPD_MainMenuWithQueuevENUlvE7_4_FUNEv
                0x080026f4        0xc ./Core/Src/EPD_test.o
 .text._ZZ21EPD_MainMenuWithQueuevENKUlvE7_cvPFvvEEv
                0x08002700       0x1c ./Core/Src/EPD_test.o
 .text._ZZ21EPD_MainMenuWithQueuevENKUlvE8_clEv
                0x0800271c       0x30 ./Core/Src/EPD_test.o
 .text._ZZ21EPD_MainMenuWithQueuevENUlvE8_4_FUNEv
                0x0800274c        0xc ./Core/Src/EPD_test.o
 .text._ZZ21EPD_MainMenuWithQueuevENKUlvE8_cvPFvvEEv
                0x08002758       0x1c ./Core/Src/EPD_test.o
 .text._ZZ21EPD_MainMenuWithQueuevENKUlvE9_clEv
                0x08002774       0x30 ./Core/Src/EPD_test.o
 .text._ZZ21EPD_MainMenuWithQueuevENUlvE9_4_FUNEv
                0x080027a4        0xc ./Core/Src/EPD_test.o
 .text._ZZ21EPD_MainMenuWithQueuevENKUlvE9_cvPFvvEEv
                0x080027b0       0x1c ./Core/Src/EPD_test.o
 .text._ZZ21EPD_MainMenuWithQueuevENKUl6ButtonE10_clES_
                0x080027cc       0x3c ./Core/Src/EPD_test.o
 .text._ZZ21EPD_MainMenuWithQueuevENUl6ButtonE10_4_FUNES_
                0x08002808       0x16 ./Core/Src/EPD_test.o
 *fill*         0x0800281e        0x2 
 .text._ZZ21EPD_MainMenuWithQueuevENKUl6ButtonE10_cvPFvS_EEv
                0x08002820       0x1c ./Core/Src/EPD_test.o
 .text._ZZ21EPD_MainMenuWithQueuevENKUl6ButtonE11_clES_
                0x0800283c       0xb8 ./Core/Src/EPD_test.o
 .text._ZZ21EPD_MainMenuWithQueuevENUl6ButtonE11_4_FUNES_
                0x080028f4       0x16 ./Core/Src/EPD_test.o
 *fill*         0x0800290a        0x2 
 .text._ZZ21EPD_MainMenuWithQueuevENKUl6ButtonE11_cvPFvS_EEv
                0x0800290c       0x1c ./Core/Src/EPD_test.o
 .text._ZZ21EPD_MainMenuWithQueuevENKUl6ButtonE12_clES_
                0x08002928       0xb8 ./Core/Src/EPD_test.o
 .text._ZZ21EPD_MainMenuWithQueuevENUl6ButtonE12_4_FUNES_
                0x080029e0       0x16 ./Core/Src/EPD_test.o
 *fill*         0x080029f6        0x2 
 .text._ZZ21EPD_MainMenuWithQueuevENKUl6ButtonE12_cvPFvS_EEv
                0x080029f8       0x1c ./Core/Src/EPD_test.o
 .text._Z21EPD_MainMenuWithQueuev
                0x08002a14      0xfb4 ./Core/Src/EPD_test.o
                0x08002a14                EPD_MainMenuWithQueue()
 .text._ZNKSt10unique_ptrI11FrameBuffer15FreeRTOSDeleterEcvbEv
                0x080039c8       0x22 ./Core/Src/EPD_test.o
                0x080039c8                std::unique_ptr<FrameBuffer, FreeRTOSDeleter>::operator bool() const
 .text._ZNSt10unique_ptrI11FrameBuffer15FreeRTOSDeleterE5resetEPS0_
                0x080039ea       0x28 ./Core/Src/EPD_test.o
                0x080039ea                std::unique_ptr<FrameBuffer, FreeRTOSDeleter>::reset(FrameBuffer*)
 .text._ZNKSt10unique_ptrI11FrameBuffer15FreeRTOSDeleterEdeEv
                0x08003a12       0x36 ./Core/Src/EPD_test.o
                0x08003a12                std::unique_ptr<FrameBuffer, FreeRTOSDeleter>::operator*() const
 .text._ZNKSt10unique_ptrIA_h15FreeRTOSDeleterE3getEv
                0x08003a48       0x1a ./Core/Src/EPD_test.o
                0x08003a48                std::unique_ptr<unsigned char [], FreeRTOSDeleter>::get() const
 .text._ZNKSt10unique_ptrI11FrameBuffer15FreeRTOSDeleterE3getEv
                0x08003a62       0x1a ./Core/Src/EPD_test.o
                0x08003a62                std::unique_ptr<FrameBuffer, FreeRTOSDeleter>::get() const
 .text._ZSt4moveIRP11FrameBufferEONSt16remove_referenceIT_E4typeEOS4_
                0x08003a7c       0x16 ./Core/Src/EPD_test.o
                0x08003a7c                std::remove_reference<FrameBuffer*&>::type&& std::move<FrameBuffer*&>(FrameBuffer*&)
 .text._ZNSt15__uniq_ptr_implI11FrameBuffer15FreeRTOSDeleterE5resetEPS0_
                0x08003a92       0x40 ./Core/Src/EPD_test.o
                0x08003a92                std::__uniq_ptr_impl<FrameBuffer, FreeRTOSDeleter>::reset(FrameBuffer*)
 .text._ZNKSt15__uniq_ptr_implIh15FreeRTOSDeleterE6_M_ptrEv
                0x08003ad2       0x1c ./Core/Src/EPD_test.o
                0x08003ad2                std::__uniq_ptr_impl<unsigned char, FreeRTOSDeleter>::_M_ptr() const
 .text._ZNKSt15__uniq_ptr_implI11FrameBuffer15FreeRTOSDeleterE6_M_ptrEv
                0x08003aee       0x1c ./Core/Src/EPD_test.o
                0x08003aee                std::__uniq_ptr_impl<FrameBuffer, FreeRTOSDeleter>::_M_ptr() const
 .text._ZNSt15__uniq_ptr_implI11FrameBuffer15FreeRTOSDeleterE6_M_ptrEv
                0x08003b0a       0x1a ./Core/Src/EPD_test.o
                0x08003b0a                std::__uniq_ptr_impl<FrameBuffer, FreeRTOSDeleter>::_M_ptr()
 .text._ZNSt15__uniq_ptr_implI11FrameBuffer15FreeRTOSDeleterE10_M_deleterEv
                0x08003b24       0x1a ./Core/Src/EPD_test.o
                0x08003b24                std::__uniq_ptr_impl<FrameBuffer, FreeRTOSDeleter>::_M_deleter()
 .text._ZSt3getILj0EJPh15FreeRTOSDeleterEERKNSt13tuple_elementIXT_ESt5tupleIJDpT0_EEE4typeERKS6_
                0x08003b3e       0x1a ./Core/Src/EPD_test.o
                0x08003b3e                std::tuple_element<0u, std::tuple<unsigned char*, FreeRTOSDeleter> >::type const& std::get<0u, unsigned char*, FreeRTOSDeleter>(std::tuple<unsigned char*, FreeRTOSDeleter> const&)
 .text._ZSt3getILj0EJP11FrameBuffer15FreeRTOSDeleterEERKNSt13tuple_elementIXT_ESt5tupleIJDpT0_EEE4typeERKS7_
                0x08003b58       0x1a ./Core/Src/EPD_test.o
                0x08003b58                std::tuple_element<0u, std::tuple<FrameBuffer*, FreeRTOSDeleter> >::type const& std::get<0u, FrameBuffer*, FreeRTOSDeleter>(std::tuple<FrameBuffer*, FreeRTOSDeleter> const&)
 .text._ZSt3getILj0EJP11FrameBuffer15FreeRTOSDeleterEERNSt13tuple_elementIXT_ESt5tupleIJDpT0_EEE4typeERS7_
                0x08003b72       0x1a ./Core/Src/EPD_test.o
                0x08003b72                std::tuple_element<0u, std::tuple<FrameBuffer*, FreeRTOSDeleter> >::type& std::get<0u, FrameBuffer*, FreeRTOSDeleter>(std::tuple<FrameBuffer*, FreeRTOSDeleter>&)
 .text._ZSt3getILj1EJP11FrameBuffer15FreeRTOSDeleterEERNSt13tuple_elementIXT_ESt5tupleIJDpT0_EEE4typeERS7_
                0x08003b8c       0x18 ./Core/Src/EPD_test.o
                0x08003b8c                std::tuple_element<1u, std::tuple<FrameBuffer*, FreeRTOSDeleter> >::type& std::get<1u, FrameBuffer*, FreeRTOSDeleter>(std::tuple<FrameBuffer*, FreeRTOSDeleter>&)
 .text._ZSt12__get_helperILj0EPhJ15FreeRTOSDeleterEERKT0_RKSt11_Tuple_implIXT_EJS2_DpT1_EE
                0x08003ba4       0x18 ./Core/Src/EPD_test.o
                0x08003ba4                unsigned char* const& std::__get_helper<0u, unsigned char*, FreeRTOSDeleter>(std::_Tuple_impl<0u, unsigned char*, FreeRTOSDeleter> const&)
 .text._ZSt12__get_helperILj0EP11FrameBufferJ15FreeRTOSDeleterEERKT0_RKSt11_Tuple_implIXT_EJS3_DpT1_EE
                0x08003bbc       0x18 ./Core/Src/EPD_test.o
                0x08003bbc                FrameBuffer* const& std::__get_helper<0u, FrameBuffer*, FreeRTOSDeleter>(std::_Tuple_impl<0u, FrameBuffer*, FreeRTOSDeleter> const&)
 .text._ZSt12__get_helperILj0EP11FrameBufferJ15FreeRTOSDeleterEERT0_RSt11_Tuple_implIXT_EJS3_DpT1_EE
                0x08003bd4       0x18 ./Core/Src/EPD_test.o
                0x08003bd4                FrameBuffer*& std::__get_helper<0u, FrameBuffer*, FreeRTOSDeleter>(std::_Tuple_impl<0u, FrameBuffer*, FreeRTOSDeleter>&)
 .text._ZSt12__get_helperILj1E15FreeRTOSDeleterJEERT0_RSt11_Tuple_implIXT_EJS1_DpT1_EE
                0x08003bec       0x18 ./Core/Src/EPD_test.o
                0x08003bec                FreeRTOSDeleter& std::__get_helper<1u, FreeRTOSDeleter>(std::_Tuple_impl<1u, FreeRTOSDeleter>&)
 .text._ZNSt11_Tuple_implILj0EJPh15FreeRTOSDeleterEE7_M_headERKS2_
                0x08003c04       0x1a ./Core/Src/EPD_test.o
                0x08003c04                std::_Tuple_impl<0u, unsigned char*, FreeRTOSDeleter>::_M_head(std::_Tuple_impl<0u, unsigned char*, FreeRTOSDeleter> const&)
 .text._ZNSt11_Tuple_implILj0EJP11FrameBuffer15FreeRTOSDeleterEE7_M_headERKS3_
                0x08003c1e       0x1a ./Core/Src/EPD_test.o
                0x08003c1e                std::_Tuple_impl<0u, FrameBuffer*, FreeRTOSDeleter>::_M_head(std::_Tuple_impl<0u, FrameBuffer*, FreeRTOSDeleter> const&)
 .text._ZNSt11_Tuple_implILj0EJP11FrameBuffer15FreeRTOSDeleterEE7_M_headERS3_
                0x08003c38       0x1a ./Core/Src/EPD_test.o
                0x08003c38                std::_Tuple_impl<0u, FrameBuffer*, FreeRTOSDeleter>::_M_head(std::_Tuple_impl<0u, FrameBuffer*, FreeRTOSDeleter>&)
 .text._ZNSt11_Tuple_implILj1EJ15FreeRTOSDeleterEE7_M_headERS1_
                0x08003c52       0x18 ./Core/Src/EPD_test.o
                0x08003c52                std::_Tuple_impl<1u, FreeRTOSDeleter>::_M_head(std::_Tuple_impl<1u, FreeRTOSDeleter>&)
 .text._ZNSt10_Head_baseILj0EPhLb0EE7_M_headERKS1_
                0x08003c6a       0x16 ./Core/Src/EPD_test.o
                0x08003c6a                std::_Head_base<0u, unsigned char*, false>::_M_head(std::_Head_base<0u, unsigned char*, false> const&)
 .text._ZNSt10_Head_baseILj0EP11FrameBufferLb0EE7_M_headERKS2_
                0x08003c80       0x16 ./Core/Src/EPD_test.o
                0x08003c80                std::_Head_base<0u, FrameBuffer*, false>::_M_head(std::_Head_base<0u, FrameBuffer*, false> const&)
 .text._ZNSt10_Head_baseILj0EP11FrameBufferLb0EE7_M_headERS2_
                0x08003c96       0x16 ./Core/Src/EPD_test.o
                0x08003c96                std::_Head_base<0u, FrameBuffer*, false>::_M_head(std::_Head_base<0u, FrameBuffer*, false>&)
 .text._ZNSt10_Head_baseILj1E15FreeRTOSDeleterLb1EE7_M_headERS1_
                0x08003cac       0x16 ./Core/Src/EPD_test.o
                0x08003cac                std::_Head_base<1u, FreeRTOSDeleter, true>::_M_head(std::_Head_base<1u, FreeRTOSDeleter, true>&)
 *fill*         0x08003cc2        0x2 
 .text._ZN21HighlightableDrawTextD2Ev
                0x08003cc4       0x24 ./Core/Src/EPD_test.o
                0x08003cc4                HighlightableDrawText::~HighlightableDrawText()
                0x08003cc4                HighlightableDrawText::~HighlightableDrawText()
 .text._ZN21HighlightableDrawTextD0Ev
                0x08003ce8       0x20 ./Core/Src/EPD_test.o
                0x08003ce8                HighlightableDrawText::~HighlightableDrawText()
 .text._ZN6BitMapD2Ev
                0x08003d08       0x24 ./Core/Src/EPD_test.o
                0x08003d08                BitMap::~BitMap()
                0x08003d08                BitMap::~BitMap()
 .text._ZN6BitMapD0Ev
                0x08003d2c       0x20 ./Core/Src/EPD_test.o
                0x08003d2c                BitMap::~BitMap()
 .text._ZN28HighLightOnInteractRectangleD2Ev
                0x08003d4c       0x24 ./Core/Src/EPD_test.o
                0x08003d4c                HighLightOnInteractRectangle::~HighLightOnInteractRectangle()
                0x08003d4c                HighLightOnInteractRectangle::~HighLightOnInteractRectangle()
 .text._ZN28HighLightOnInteractRectangleD0Ev
                0x08003d70       0x20 ./Core/Src/EPD_test.o
                0x08003d70                HighLightOnInteractRectangle::~HighLightOnInteractRectangle()
 .text._ZN9ContainerD2Ev
                0x08003d90       0x24 ./Core/Src/EPD_test.o
                0x08003d90                Container::~Container()
                0x08003d90                Container::~Container()
 .text._ZN9ContainerD0Ev
                0x08003db4       0x20 ./Core/Src/EPD_test.o
                0x08003db4                Container::~Container()
 .text._ZN17SetPointContainerD2Ev
                0x08003dd4       0x30 ./Core/Src/EPD_test.o
                0x08003dd4                SetPointContainer::~SetPointContainer()
                0x08003dd4                SetPointContainer::~SetPointContainer()
 .text._Z41__static_initialization_and_destruction_0ii
                0x08003e04      0x158 ./Core/Src/EPD_test.o
 .text._GLOBAL__sub_I_setPointContainerHeightIndent
                0x08003f5c       0x10 ./Core/Src/EPD_test.o
 .text._GLOBAL__sub_D_setPointContainerHeightIndent
                0x08003f6c       0x10 ./Core/Src/EPD_test.o
 .text._ZNSt11_Tuple_implILj1EJ15FreeRTOSDeleterEEC2Ev
                0x08003f7c       0x18 ./Core/Src/FrameBuffer.o
                0x08003f7c                std::_Tuple_impl<1u, FreeRTOSDeleter>::_Tuple_impl()
 .text._ZNSt10_Head_baseILj1E15FreeRTOSDeleterLb1EEC2Ev
                0x08003f94       0x16 ./Core/Src/FrameBuffer.o
                0x08003f94                std::_Head_base<1u, FreeRTOSDeleter, true>::_Head_base()
 .text._ZN11FrameBufferC2Etttt
                0x08003faa       0x3e ./Core/Src/FrameBuffer.o
                0x08003faa                FrameBuffer::FrameBuffer(unsigned short, unsigned short, unsigned short, unsigned short)
                0x08003faa                FrameBuffer::FrameBuffer(unsigned short, unsigned short, unsigned short, unsigned short)
 .text._ZNSt15__uniq_ptr_dataIh15FreeRTOSDeleterLb1ELb1EEaSEOS1_
                0x08003fe8       0x20 ./Core/Src/FrameBuffer.o
                0x08003fe8                std::__uniq_ptr_data<unsigned char, FreeRTOSDeleter, true, true>::operator=(std::__uniq_ptr_data<unsigned char, FreeRTOSDeleter, true, true>&&)
 .text._ZNSt10unique_ptrIA_h15FreeRTOSDeleterEaSEOS2_
                0x08004008       0x20 ./Core/Src/FrameBuffer.o
                0x08004008                std::unique_ptr<unsigned char [], FreeRTOSDeleter>::operator=(std::unique_ptr<unsigned char [], FreeRTOSDeleter>&&)
 .text._ZN11FrameBuffer15Paint_initImageEtttt
                0x08004028       0xfc ./Core/Src/FrameBuffer.o
                0x08004028                FrameBuffer::Paint_initImage(unsigned short, unsigned short, unsigned short, unsigned short)
 .text._ZN11FrameBuffer14Paint_SetPixelEttt
                0x08004124      0x2cc ./Core/Src/FrameBuffer.o
                0x08004124                FrameBuffer::Paint_SetPixel(unsigned short, unsigned short, unsigned short)
 .text._ZN11FrameBuffer11Paint_ClearEt
                0x080043f0      0x14e ./Core/Src/FrameBuffer.o
                0x080043f0                FrameBuffer::Paint_Clear(unsigned short)
 .text._ZN11FrameBuffer18Paint_ClearWindowsEttttt
                0x0800453e       0x58 ./Core/Src/FrameBuffer.o
                0x0800453e                FrameBuffer::Paint_ClearWindows(unsigned short, unsigned short, unsigned short, unsigned short, unsigned short)
 .text._ZN11FrameBuffer15Paint_DrawPointEttt9DOT_PIXEL9DOT_STYLE
                0x08004596      0x134 ./Core/Src/FrameBuffer.o
                0x08004596                FrameBuffer::Paint_DrawPoint(unsigned short, unsigned short, unsigned short, DOT_PIXEL, DOT_STYLE)
 *fill*         0x080046ca        0x2 
 .text._ZN11FrameBuffer14Paint_DrawLineEttttt9DOT_PIXEL10LINE_STYLE
                0x080046cc      0x164 ./Core/Src/FrameBuffer.o
                0x080046cc                FrameBuffer::Paint_DrawLine(unsigned short, unsigned short, unsigned short, unsigned short, unsigned short, DOT_PIXEL, LINE_STYLE)
 .text._ZN11FrameBuffer19Paint_DrawRectangleEttttt9DOT_PIXEL9DRAW_FILL
                0x08004830      0x114 ./Core/Src/FrameBuffer.o
                0x08004830                FrameBuffer::Paint_DrawRectangle(unsigned short, unsigned short, unsigned short, unsigned short, unsigned short, DOT_PIXEL, DRAW_FILL)
 .text._ZN11FrameBuffer14Paint_DrawCharEttcP6_tFonttt
                0x08004944      0x14c ./Core/Src/FrameBuffer.o
                0x08004944                FrameBuffer::Paint_DrawChar(unsigned short, unsigned short, char, _tFont*, unsigned short, unsigned short)
 .text._ZN11FrameBuffer19Paint_DrawString_ENEttPKcP6_tFonttt
                0x08004a90       0xac ./Core/Src/FrameBuffer.o
                0x08004a90                FrameBuffer::Paint_DrawString_EN(unsigned short, unsigned short, char const*, _tFont*, unsigned short, unsigned short)
 .text._ZN11FrameBuffer14Paint_DrawTimeEttP10PAINT_TIMEP6_tFonttt
                0x08004b3c      0x2a8 ./Core/Src/FrameBuffer.o
                0x08004b3c                FrameBuffer::Paint_DrawTime(unsigned short, unsigned short, PAINT_TIME*, _tFont*, unsigned short, unsigned short)
 .text._ZN11FrameBuffer22Paint_DrawBitMap_PasteEPKhtttth
                0x08004de4       0xdc ./Core/Src/FrameBuffer.o
                0x08004de4                FrameBuffer::Paint_DrawBitMap_Paste(unsigned char const*, unsigned short, unsigned short, unsigned short, unsigned short, unsigned char)
 .text._ZNSt10unique_ptrI11FrameBuffer15FreeRTOSDeleterED2Ev
                0x08004ec0       0x44 ./Core/Src/FrameBuffer.o
                0x08004ec0                std::unique_ptr<FrameBuffer, FreeRTOSDeleter>::~unique_ptr()
                0x08004ec0                std::unique_ptr<FrameBuffer, FreeRTOSDeleter>::~unique_ptr()
 .text._ZNSt15__uniq_ptr_implIh15FreeRTOSDeleterEC2Ev
                0x08004f04       0x1a ./Core/Src/FrameBuffer.o
                0x08004f04                std::__uniq_ptr_impl<unsigned char, FreeRTOSDeleter>::__uniq_ptr_impl()
                0x08004f04                std::__uniq_ptr_impl<unsigned char, FreeRTOSDeleter>::__uniq_ptr_impl()
 .text._ZNSt15__uniq_ptr_dataIh15FreeRTOSDeleterLb1ELb1EECI2St15__uniq_ptr_implIhS0_EEv
                0x08004f1e       0x1a ./Core/Src/FrameBuffer.o
                0x08004f1e                std::__uniq_ptr_data<unsigned char, FreeRTOSDeleter, true, true>::__uniq_ptr_impl()
                0x08004f1e                std::__uniq_ptr_data<unsigned char, FreeRTOSDeleter, true, true>::__uniq_ptr_impl()
 .text._ZNSt10unique_ptrIA_h15FreeRTOSDeleterEC2IS1_vEEv
                0x08004f38       0x20 ./Core/Src/FrameBuffer.o
                0x08004f38                std::unique_ptr<unsigned char [], FreeRTOSDeleter>::unique_ptr<FreeRTOSDeleter, void>()
                0x08004f38                std::unique_ptr<unsigned char [], FreeRTOSDeleter>::unique_ptr<FreeRTOSDeleter, void>()
 .text._ZNSt10unique_ptrIA_h15FreeRTOSDeleterED2Ev
                0x08004f58       0x3e ./Core/Src/FrameBuffer.o
                0x08004f58                std::unique_ptr<unsigned char [], FreeRTOSDeleter>::~unique_ptr()
                0x08004f58                std::unique_ptr<unsigned char [], FreeRTOSDeleter>::~unique_ptr()
 .text._ZNSt15__uniq_ptr_implIh15FreeRTOSDeleterEaSEOS1_
                0x08004f96       0x38 ./Core/Src/FrameBuffer.o
                0x08004f96                std::__uniq_ptr_impl<unsigned char, FreeRTOSDeleter>::operator=(std::__uniq_ptr_impl<unsigned char, FreeRTOSDeleter>&&)
 .text._ZNKSt10unique_ptrIA_h15FreeRTOSDeleterEcvbEv
                0x08004fce       0x22 ./Core/Src/FrameBuffer.o
                0x08004fce                std::unique_ptr<unsigned char [], FreeRTOSDeleter>::operator bool() const
 .text._ZNKSt10unique_ptrIA_h15FreeRTOSDeleterEixEj
                0x08004ff0       0x3c ./Core/Src/FrameBuffer.o
                0x08004ff0                std::unique_ptr<unsigned char [], FreeRTOSDeleter>::operator[](unsigned int) const
 .text._ZNSt10unique_ptrI11FrameBuffer15FreeRTOSDeleterE11get_deleterEv
                0x0800502c       0x1a ./Core/Src/FrameBuffer.o
                0x0800502c                std::unique_ptr<FrameBuffer, FreeRTOSDeleter>::get_deleter()
 .text._ZNSt5tupleIJPh15FreeRTOSDeleterEEC2ILb1ELb1EEEv
                0x08005046       0x1a ./Core/Src/FrameBuffer.o
                0x08005046                std::tuple<unsigned char*, FreeRTOSDeleter>::tuple<true, true>()
                0x08005046                std::tuple<unsigned char*, FreeRTOSDeleter>::tuple<true, true>()
 .text._ZNSt15__uniq_ptr_implIh15FreeRTOSDeleterE6_M_ptrEv
                0x08005060       0x1a ./Core/Src/FrameBuffer.o
                0x08005060                std::__uniq_ptr_impl<unsigned char, FreeRTOSDeleter>::_M_ptr()
 .text._ZNSt10unique_ptrIA_h15FreeRTOSDeleterE11get_deleterEv
                0x0800507a       0x1a ./Core/Src/FrameBuffer.o
                0x0800507a                std::unique_ptr<unsigned char [], FreeRTOSDeleter>::get_deleter()
 .text._ZNSt15__uniq_ptr_implIh15FreeRTOSDeleterE5resetEPh
                0x08005094       0x40 ./Core/Src/FrameBuffer.o
                0x08005094                std::__uniq_ptr_impl<unsigned char, FreeRTOSDeleter>::reset(unsigned char*)
 .text._ZNSt15__uniq_ptr_implIh15FreeRTOSDeleterE7releaseEv
                0x080050d4       0x2a ./Core/Src/FrameBuffer.o
                0x080050d4                std::__uniq_ptr_impl<unsigned char, FreeRTOSDeleter>::release()
 .text._ZNSt15__uniq_ptr_implIh15FreeRTOSDeleterE10_M_deleterEv
                0x080050fe       0x1a ./Core/Src/FrameBuffer.o
                0x080050fe                std::__uniq_ptr_impl<unsigned char, FreeRTOSDeleter>::_M_deleter()
 .text._ZSt7forwardI15FreeRTOSDeleterEOT_RNSt16remove_referenceIS1_E4typeE
                0x08005118       0x16 ./Core/Src/FrameBuffer.o
                0x08005118                FreeRTOSDeleter&& std::forward<FreeRTOSDeleter>(std::remove_reference<FreeRTOSDeleter>::type&)
 .text._ZNSt11_Tuple_implILj0EJPh15FreeRTOSDeleterEEC2Ev
                0x0800512e       0x20 ./Core/Src/FrameBuffer.o
                0x0800512e                std::_Tuple_impl<0u, unsigned char*, FreeRTOSDeleter>::_Tuple_impl()
                0x0800512e                std::_Tuple_impl<0u, unsigned char*, FreeRTOSDeleter>::_Tuple_impl()
 .text._ZSt3getILj0EJPh15FreeRTOSDeleterEERNSt13tuple_elementIXT_ESt5tupleIJDpT0_EEE4typeERS6_
                0x0800514e       0x1a ./Core/Src/FrameBuffer.o
                0x0800514e                std::tuple_element<0u, std::tuple<unsigned char*, FreeRTOSDeleter> >::type& std::get<0u, unsigned char*, FreeRTOSDeleter>(std::tuple<unsigned char*, FreeRTOSDeleter>&)
 .text._ZSt3getILj1EJPh15FreeRTOSDeleterEERNSt13tuple_elementIXT_ESt5tupleIJDpT0_EEE4typeERS6_
                0x08005168       0x18 ./Core/Src/FrameBuffer.o
                0x08005168                std::tuple_element<1u, std::tuple<unsigned char*, FreeRTOSDeleter> >::type& std::get<1u, unsigned char*, FreeRTOSDeleter>(std::tuple<unsigned char*, FreeRTOSDeleter>&)
 .text._ZNSt10_Head_baseILj0EPhLb0EEC2Ev
                0x08005180       0x1c ./Core/Src/FrameBuffer.o
                0x08005180                std::_Head_base<0u, unsigned char*, false>::_Head_base()
                0x08005180                std::_Head_base<0u, unsigned char*, false>::_Head_base()
 .text._ZSt12__get_helperILj0EPhJ15FreeRTOSDeleterEERT0_RSt11_Tuple_implIXT_EJS2_DpT1_EE
                0x0800519c       0x18 ./Core/Src/FrameBuffer.o
                0x0800519c                unsigned char*& std::__get_helper<0u, unsigned char*, FreeRTOSDeleter>(std::_Tuple_impl<0u, unsigned char*, FreeRTOSDeleter>&)
 .text._ZNSt11_Tuple_implILj0EJPh15FreeRTOSDeleterEE7_M_headERS2_
                0x080051b4       0x1a ./Core/Src/FrameBuffer.o
                0x080051b4                std::_Tuple_impl<0u, unsigned char*, FreeRTOSDeleter>::_M_head(std::_Tuple_impl<0u, unsigned char*, FreeRTOSDeleter>&)
 .text._ZNSt10_Head_baseILj0EPhLb0EE7_M_headERS1_
                0x080051ce       0x16 ./Core/Src/FrameBuffer.o
                0x080051ce                std::_Head_base<0u, unsigned char*, false>::_M_head(std::_Head_base<0u, unsigned char*, false>&)
 .text._Z41__static_initialization_and_destruction_0ii
                0x080051e4       0x2c ./Core/Src/FrameBuffer.o
 .text._GLOBAL__sub_I__ZN11FrameBuffer8instanceE
                0x08005210       0x10 ./Core/Src/FrameBuffer.o
 .text._GLOBAL__sub_D__ZN11FrameBuffer8instanceE
                0x08005220       0x10 ./Core/Src/FrameBuffer.o
 .text._Z26make_unique_freertos_arrayj
                0x08005230       0x22 ./Core/Src/FreeRTOSMemory.o
                0x08005230                make_unique_freertos_array(unsigned int)
 .text._ZNSt15__uniq_ptr_dataIh15FreeRTOSDeleterLb1ELb1EECI2St15__uniq_ptr_implIhS0_EEPh
                0x08005252       0x20 ./Core/Src/FreeRTOSMemory.o
                0x08005252                std::__uniq_ptr_data<unsigned char, FreeRTOSDeleter, true, true>::__uniq_ptr_impl(unsigned char*)
                0x08005252                std::__uniq_ptr_data<unsigned char, FreeRTOSDeleter, true, true>::__uniq_ptr_impl(unsigned char*)
 .text._ZNSt10unique_ptrIA_h15FreeRTOSDeleterEC2IPhS1_vbEET_
                0x08005272       0x1e ./Core/Src/FreeRTOSMemory.o
                0x08005272                std::unique_ptr<unsigned char [], FreeRTOSDeleter>::unique_ptr<unsigned char*, FreeRTOSDeleter, void, bool>(unsigned char*)
                0x08005272                std::unique_ptr<unsigned char [], FreeRTOSDeleter>::unique_ptr<unsigned char*, FreeRTOSDeleter, void, bool>(unsigned char*)
 .text._ZNSt15__uniq_ptr_implIh15FreeRTOSDeleterEC2EPh
                0x08005290       0x28 ./Core/Src/FreeRTOSMemory.o
                0x08005290                std::__uniq_ptr_impl<unsigned char, FreeRTOSDeleter>::__uniq_ptr_impl(unsigned char*)
                0x08005290                std::__uniq_ptr_impl<unsigned char, FreeRTOSDeleter>::__uniq_ptr_impl(unsigned char*)
 .text._ZN8Drawable13triggerActionEv
                0x080052b8       0x1e ./Core/Src/ScreenManager.o
                0x080052b8                Drawable::triggerAction()
 .text._ZN6Screen15optimizedRenderEv
                0x080052d6       0x5a ./Core/Src/ScreenManager.o
                0x080052d6                Screen::optimizedRender()
 .text._ZN6Screen10selectNextEv
                0x08005330       0xa0 ./Core/Src/ScreenManager.o
                0x08005330                Screen::selectNext()
 .text._ZN6Screen10selectPrevEv
                0x080053d0       0xa2 ./Core/Src/ScreenManager.o
                0x080053d0                Screen::selectPrev()
 .text._ZN6Screen8interactEv
                0x08005472       0x2a ./Core/Src/ScreenManager.o
                0x08005472                Screen::interact()
 .text._ZN6Screen11buttonPressE6Button
                0x0800549c       0x22 ./Core/Src/ScreenManager.o
                0x0800549c                Screen::buttonPress(Button)
 .text._ZN13ScreenManager13initFirstTimeEv
                0x080054be       0x34 ./Core/Src/ScreenManager.o
                0x080054be                ScreenManager::initFirstTime()
 .text._ZN13ScreenManager9addScreenE10ScreenTypeP6Screen
                0x080054f2       0x32 ./Core/Src/ScreenManager.o
                0x080054f2                ScreenManager::addScreen(ScreenType, Screen*)
 .text._ZN13ScreenManager18updateActiveScreenEv
                0x08005524       0x9c ./Core/Src/ScreenManager.o
                0x08005524                ScreenManager::updateActiveScreen()
 .text._ZN13ScreenManager18setNewActiveScreenE10ScreenType
                0x080055c0       0x38 ./Core/Src/ScreenManager.o
                0x080055c0                ScreenManager::setNewActiveScreen(ScreenType)
 .text._ZN13ScreenManager19displayActiveScreenEv
                0x080055f8       0x3a ./Core/Src/ScreenManager.o
                0x080055f8                ScreenManager::displayActiveScreen()
 .text._ZN13ScreenManager10onInteractEv
                0x08005632       0x22 ./Core/Src/ScreenManager.o
                0x08005632                ScreenManager::onInteract()
 .text._ZN13ScreenManager16nextInteractableEv
                0x08005654       0x22 ./Core/Src/ScreenManager.o
                0x08005654                ScreenManager::nextInteractable()
 .text._ZN13ScreenManager16prevInteractableEv
                0x08005676       0x22 ./Core/Src/ScreenManager.o
                0x08005676                ScreenManager::prevInteractable()
 .text._ZN13ScreenManager11buttonPressE6Button
                0x08005698       0x26 ./Core/Src/ScreenManager.o
                0x08005698                ScreenManager::buttonPress(Button)
 *fill*         0x080056be        0x2 
 .text._ZN13ScreenManager13setPrevScreenEv
                0x080056c0       0x58 ./Core/Src/ScreenManager.o
                0x080056c0                ScreenManager::setPrevScreen()
 .text.vApplicationStackOverflowHook
                0x08005718       0x16 ./Core/Src/app_freertos.o
                0x08005718                vApplicationStackOverflowHook
 .text.vApplicationMallocFailedHook
                0x0800572e        0xe ./Core/Src/app_freertos.o
                0x0800572e                vApplicationMallocFailedHook
 .text.LL_AHB2_GRP1_EnableClock
                0x0800573c       0x32 ./Core/Src/main.o
 *fill*         0x0800576e        0x2 
 .text.HAL_GPIO_EXTI_Callback
                0x08005770       0xd8 ./Core/Src/main.o
                0x08005770                HAL_GPIO_EXTI_Callback
 .text.main     0x08005848      0x11c ./Core/Src/main.o
                0x08005848                main
 .text._Z18SystemClock_Configv
                0x08005964       0xc4 ./Core/Src/main.o
                0x08005964                SystemClock_Config()
 .text._Z24PeriphCommonClock_Configv
                0x08005a28       0x44 ./Core/Src/main.o
                0x08005a28                PeriphCommonClock_Config()
 .text._ZL12MX_SPI1_Initv
                0x08005a6c       0x84 ./Core/Src/main.o
 .text._ZL12MX_GPIO_Initv
                0x08005af0       0xdc ./Core/Src/main.o
 .text._Z11EPaperEntryPv
                0x08005bcc       0x14 ./Core/Src/main.o
                0x08005bcc                EPaperEntry(void*)
 .text.HAL_TIM_PeriodElapsedCallback
                0x08005be0       0x24 ./Core/Src/main.o
                0x08005be0                HAL_TIM_PeriodElapsedCallback
 .text.Error_Handler
                0x08005c04        0xc ./Core/Src/main.o
                0x08005c04                Error_Handler
 .text.LL_AHB2_GRP1_EnableClock
                0x08005c10       0x32 ./Core/Src/stm32wbxx_hal_msp.o
 .text.LL_APB2_GRP1_EnableClock
                0x08005c42       0x32 ./Core/Src/stm32wbxx_hal_msp.o
 .text.HAL_MspInit
                0x08005c74       0x14 ./Core/Src/stm32wbxx_hal_msp.o
                0x08005c74                HAL_MspInit
 .text.HAL_SPI_MspInit
                0x08005c88       0x60 ./Core/Src/stm32wbxx_hal_msp.o
                0x08005c88                HAL_SPI_MspInit
 .text.LL_APB2_GRP1_EnableClock
                0x08005ce8       0x32 ./Core/Src/stm32wbxx_hal_timebase_tim.o
 *fill*         0x08005d1a        0x2 
 .text.HAL_InitTick
                0x08005d1c       0x98 ./Core/Src/stm32wbxx_hal_timebase_tim.o
                0x08005d1c                HAL_InitTick
 .text.NMI_Handler
                0x08005db4        0x8 ./Core/Src/stm32wbxx_it.o
                0x08005db4                NMI_Handler
 .text.HardFault_Handler
                0x08005dbc        0x8 ./Core/Src/stm32wbxx_it.o
                0x08005dbc                HardFault_Handler
 .text.MemManage_Handler
                0x08005dc4        0x8 ./Core/Src/stm32wbxx_it.o
                0x08005dc4                MemManage_Handler
 .text.BusFault_Handler
                0x08005dcc        0x8 ./Core/Src/stm32wbxx_it.o
                0x08005dcc                BusFault_Handler
 .text.UsageFault_Handler
                0x08005dd4        0x8 ./Core/Src/stm32wbxx_it.o
                0x08005dd4                UsageFault_Handler
 .text.DebugMon_Handler
                0x08005ddc        0xe ./Core/Src/stm32wbxx_it.o
                0x08005ddc                DebugMon_Handler
 .text.EXTI0_IRQHandler
                0x08005dea        0xe ./Core/Src/stm32wbxx_it.o
                0x08005dea                EXTI0_IRQHandler
 .text.EXTI1_IRQHandler
                0x08005df8        0xe ./Core/Src/stm32wbxx_it.o
                0x08005df8                EXTI1_IRQHandler
 .text.EXTI2_IRQHandler
                0x08005e06        0xe ./Core/Src/stm32wbxx_it.o
                0x08005e06                EXTI2_IRQHandler
 .text.EXTI3_IRQHandler
                0x08005e14        0xe ./Core/Src/stm32wbxx_it.o
                0x08005e14                EXTI3_IRQHandler
 .text.EXTI4_IRQHandler
                0x08005e22        0xe ./Core/Src/stm32wbxx_it.o
                0x08005e22                EXTI4_IRQHandler
 .text.TIM1_TRG_COM_TIM17_IRQHandler
                0x08005e30       0x14 ./Core/Src/stm32wbxx_it.o
                0x08005e30                TIM1_TRG_COM_TIM17_IRQHandler
 .text._getpid  0x08005e44       0x10 ./Core/Src/syscalls.o
                0x08005e44                _getpid
 .text._kill    0x08005e54       0x20 ./Core/Src/syscalls.o
                0x08005e54                _kill
 .text._exit    0x08005e74       0x16 ./Core/Src/syscalls.o
                0x08005e74                _exit
 .text._read    0x08005e8a       0x3a ./Core/Src/syscalls.o
                0x08005e8a                _read
 .text._write   0x08005ec4       0x38 ./Core/Src/syscalls.o
                0x08005ec4                _write
 .text._close   0x08005efc       0x18 ./Core/Src/syscalls.o
                0x08005efc                _close
 .text._fstat   0x08005f14       0x20 ./Core/Src/syscalls.o
                0x08005f14                _fstat
 .text._isatty  0x08005f34       0x16 ./Core/Src/syscalls.o
                0x08005f34                _isatty
 .text._lseek   0x08005f4a       0x1a ./Core/Src/syscalls.o
                0x08005f4a                _lseek
 .text._sbrk    0x08005f64       0x6c ./Core/Src/sysmem.o
                0x08005f64                _sbrk
 .text.SystemInit
                0x08005fd0       0xa4 ./Core/Src/system_stm32wbxx.o
                0x08005fd0                SystemInit
 .text.data_initializers
                0x08006074       0x18 ./Core/Startup/startup_stm32wb55rgvx.o
 .text.Reset_Handler
                0x0800608c       0x58 ./Core/Startup/startup_stm32wb55rgvx.o
                0x0800608c                Reset_Handler
 .text.Default_Handler
                0x080060e4        0x2 ./Core/Startup/startup_stm32wb55rgvx.o
                0x080060e4                RTC_Alarm_IRQHandler
                0x080060e4                TIM1_CC_IRQHandler
                0x080060e4                TSC_IRQHandler
                0x080060e4                USB_HP_IRQHandler
                0x080060e4                LPTIM2_IRQHandler
                0x080060e4                I2C3_ER_IRQHandler
                0x080060e4                FPU_IRQHandler
                0x080060e4                TIM1_UP_TIM16_IRQHandler
                0x080060e4                AES1_IRQHandler
                0x080060e4                SPI1_IRQHandler
                0x080060e4                PWR_SOTF_BLEACT_802ACT_RFPHASE_IRQHandler
                0x080060e4                DMA2_Channel2_IRQHandler
                0x080060e4                DMA1_Channel4_IRQHandler
                0x080060e4                ADC1_IRQHandler
                0x080060e4                PKA_IRQHandler
                0x080060e4                DMA1_Channel7_IRQHandler
                0x080060e4                LCD_IRQHandler
                0x080060e4                IPCC_C1_TX_IRQHandler
                0x080060e4                DMA2_Channel1_IRQHandler
                0x080060e4                QUADSPI_IRQHandler
                0x080060e4                I2C1_EV_IRQHandler
                0x080060e4                DMAMUX1_OVR_IRQHandler
                0x080060e4                DMA1_Channel6_IRQHandler
                0x080060e4                DMA2_Channel4_IRQHandler
                0x080060e4                RCC_IRQHandler
                0x080060e4                DMA1_Channel1_IRQHandler
                0x080060e4                Default_Handler
                0x080060e4                DMA2_Channel7_IRQHandler
                0x080060e4                EXTI15_10_IRQHandler
                0x080060e4                IPCC_C1_RX_IRQHandler
                0x080060e4                C2SEV_PWR_C2H_IRQHandler
                0x080060e4                AES2_IRQHandler
                0x080060e4                I2C3_EV_IRQHandler
                0x080060e4                EXTI9_5_IRQHandler
                0x080060e4                RTC_WKUP_IRQHandler
                0x080060e4                PVD_PVM_IRQHandler
                0x080060e4                SPI2_IRQHandler
                0x080060e4                DMA2_Channel5_IRQHandler
                0x080060e4                CRS_IRQHandler
                0x080060e4                DMA1_Channel5_IRQHandler
                0x080060e4                USB_LP_IRQHandler
                0x080060e4                RNG_IRQHandler
                0x080060e4                TAMP_STAMP_LSECSS_IRQHandler
                0x080060e4                DMA1_Channel3_IRQHandler
                0x080060e4                COMP_IRQHandler
                0x080060e4                HSEM_IRQHandler
                0x080060e4                WWDG_IRQHandler
                0x080060e4                LPUART1_IRQHandler
                0x080060e4                DMA2_Channel6_IRQHandler
                0x080060e4                TIM2_IRQHandler
                0x080060e4                TIM1_BRK_IRQHandler
                0x080060e4                DMA1_Channel2_IRQHandler
                0x080060e4                FLASH_IRQHandler
                0x080060e4                USART1_IRQHandler
                0x080060e4                I2C1_ER_IRQHandler
                0x080060e4                LPTIM1_IRQHandler
                0x080060e4                SAI1_IRQHandler
                0x080060e4                DMA2_Channel3_IRQHandler
 .text.LL_AHB2_GRP1_EnableClock
                0x080060e6       0x32 ./Drivers/BSP/P-NUCLEO-WB55.Nucleo/stm32wbxx_nucleo.o
 .text.LL_APB2_GRP1_EnableClock
                0x08006118       0x32 ./Drivers/BSP/P-NUCLEO-WB55.Nucleo/stm32wbxx_nucleo.o
 *fill*         0x0800614a        0x2 
 .text.BSP_COM_Init
                0x0800614c       0x60 ./Drivers/BSP/P-NUCLEO-WB55.Nucleo/stm32wbxx_nucleo.o
                0x0800614c                BSP_COM_Init
 .text.MX_LPUART1_Init
                0x080061ac       0x64 ./Drivers/BSP/P-NUCLEO-WB55.Nucleo/stm32wbxx_nucleo.o
                0x080061ac                MX_LPUART1_Init
 .text.__io_putchar
                0x08006210       0x38 ./Drivers/BSP/P-NUCLEO-WB55.Nucleo/stm32wbxx_nucleo.o
                0x08006210                __io_putchar
 .text.COM1_MspInit
                0x08006248       0x60 ./Drivers/BSP/P-NUCLEO-WB55.Nucleo/stm32wbxx_nucleo.o
 .text.HAL_Init
                0x080062a8       0x40 ./Drivers/STM32WBxx_HAL_Driver/Src/stm32wbxx_hal.o
                0x080062a8                HAL_Init
 .text.HAL_IncTick
                0x080062e8       0x28 ./Drivers/STM32WBxx_HAL_Driver/Src/stm32wbxx_hal.o
                0x080062e8                HAL_IncTick
 .text.HAL_GetTick
                0x08006310       0x18 ./Drivers/STM32WBxx_HAL_Driver/Src/stm32wbxx_hal.o
                0x08006310                HAL_GetTick
 .text.HAL_GetTickPrio
                0x08006328       0x18 ./Drivers/STM32WBxx_HAL_Driver/Src/stm32wbxx_hal.o
                0x08006328                HAL_GetTickPrio
 .text.HAL_Delay
                0x08006340       0x48 ./Drivers/STM32WBxx_HAL_Driver/Src/stm32wbxx_hal.o
                0x08006340                HAL_Delay
 .text.__NVIC_SetPriorityGrouping
                0x08006388       0x48 ./Drivers/STM32WBxx_HAL_Driver/Src/stm32wbxx_hal_cortex.o
 .text.__NVIC_GetPriorityGrouping
                0x080063d0       0x1c ./Drivers/STM32WBxx_HAL_Driver/Src/stm32wbxx_hal_cortex.o
 .text.__NVIC_EnableIRQ
                0x080063ec       0x3c ./Drivers/STM32WBxx_HAL_Driver/Src/stm32wbxx_hal_cortex.o
 .text.__NVIC_SetPriority
                0x08006428       0x54 ./Drivers/STM32WBxx_HAL_Driver/Src/stm32wbxx_hal_cortex.o
 .text.NVIC_EncodePriority
                0x0800647c       0x66 ./Drivers/STM32WBxx_HAL_Driver/Src/stm32wbxx_hal_cortex.o
 .text.HAL_NVIC_SetPriorityGrouping
                0x080064e2       0x16 ./Drivers/STM32WBxx_HAL_Driver/Src/stm32wbxx_hal_cortex.o
                0x080064e2                HAL_NVIC_SetPriorityGrouping
 .text.HAL_NVIC_SetPriority
                0x080064f8       0x34 ./Drivers/STM32WBxx_HAL_Driver/Src/stm32wbxx_hal_cortex.o
                0x080064f8                HAL_NVIC_SetPriority
 .text.HAL_NVIC_EnableIRQ
                0x0800652c       0x1c ./Drivers/STM32WBxx_HAL_Driver/Src/stm32wbxx_hal_cortex.o
                0x0800652c                HAL_NVIC_EnableIRQ
 .text.HAL_GPIO_Init
                0x08006548      0x2e0 ./Drivers/STM32WBxx_HAL_Driver/Src/stm32wbxx_hal_gpio.o
                0x08006548                HAL_GPIO_Init
 .text.HAL_GPIO_ReadPin
                0x08006828       0x30 ./Drivers/STM32WBxx_HAL_Driver/Src/stm32wbxx_hal_gpio.o
                0x08006828                HAL_GPIO_ReadPin
 .text.HAL_GPIO_WritePin
                0x08006858       0x30 ./Drivers/STM32WBxx_HAL_Driver/Src/stm32wbxx_hal_gpio.o
                0x08006858                HAL_GPIO_WritePin
 .text.HAL_GPIO_EXTI_IRQHandler
                0x08006888       0x30 ./Drivers/STM32WBxx_HAL_Driver/Src/stm32wbxx_hal_gpio.o
                0x08006888                HAL_GPIO_EXTI_IRQHandler
 .text.HAL_PWR_EnableBkUpAccess
                0x080068b8       0x20 ./Drivers/STM32WBxx_HAL_Driver/Src/stm32wbxx_hal_pwr.o
                0x080068b8                HAL_PWR_EnableBkUpAccess
 .text.HAL_PWREx_GetVoltageRange
                0x080068d8       0x1c ./Drivers/STM32WBxx_HAL_Driver/Src/stm32wbxx_hal_pwr_ex.o
                0x080068d8                HAL_PWREx_GetVoltageRange
 .text.LL_RCC_HSE_IsEnabledDiv2
                0x080068f4       0x24 ./Drivers/STM32WBxx_HAL_Driver/Src/stm32wbxx_hal_rcc.o
 .text.LL_RCC_HSE_Enable
                0x08006918       0x1e ./Drivers/STM32WBxx_HAL_Driver/Src/stm32wbxx_hal_rcc.o
 .text.LL_RCC_HSE_Disable
                0x08006936       0x1e ./Drivers/STM32WBxx_HAL_Driver/Src/stm32wbxx_hal_rcc.o
 .text.LL_RCC_HSE_IsReady
                0x08006954       0x24 ./Drivers/STM32WBxx_HAL_Driver/Src/stm32wbxx_hal_rcc.o
 .text.LL_RCC_HSI_Enable
                0x08006978       0x1e ./Drivers/STM32WBxx_HAL_Driver/Src/stm32wbxx_hal_rcc.o
 .text.LL_RCC_HSI_Disable
                0x08006996       0x1e ./Drivers/STM32WBxx_HAL_Driver/Src/stm32wbxx_hal_rcc.o
 .text.LL_RCC_HSI_IsReady
                0x080069b4       0x24 ./Drivers/STM32WBxx_HAL_Driver/Src/stm32wbxx_hal_rcc.o
 .text.LL_RCC_HSI_SetCalibTrimming
                0x080069d8       0x2a ./Drivers/STM32WBxx_HAL_Driver/Src/stm32wbxx_hal_rcc.o
 .text.LL_RCC_HSI48_Enable
                0x08006a02       0x22 ./Drivers/STM32WBxx_HAL_Driver/Src/stm32wbxx_hal_rcc.o
 .text.LL_RCC_HSI48_Disable
                0x08006a24       0x22 ./Drivers/STM32WBxx_HAL_Driver/Src/stm32wbxx_hal_rcc.o
 .text.LL_RCC_HSI48_IsReady
                0x08006a46       0x24 ./Drivers/STM32WBxx_HAL_Driver/Src/stm32wbxx_hal_rcc.o
 .text.LL_RCC_LSE_Enable
                0x08006a6a       0x22 ./Drivers/STM32WBxx_HAL_Driver/Src/stm32wbxx_hal_rcc.o
 .text.LL_RCC_LSE_Disable
                0x08006a8c       0x22 ./Drivers/STM32WBxx_HAL_Driver/Src/stm32wbxx_hal_rcc.o
 .text.LL_RCC_LSE_EnableBypass
                0x08006aae       0x22 ./Drivers/STM32WBxx_HAL_Driver/Src/stm32wbxx_hal_rcc.o
 .text.LL_RCC_LSE_DisableBypass
                0x08006ad0       0x22 ./Drivers/STM32WBxx_HAL_Driver/Src/stm32wbxx_hal_rcc.o
 .text.LL_RCC_LSE_IsReady
                0x08006af2       0x24 ./Drivers/STM32WBxx_HAL_Driver/Src/stm32wbxx_hal_rcc.o
 .text.LL_RCC_LSI1_Enable
                0x08006b16       0x22 ./Drivers/STM32WBxx_HAL_Driver/Src/stm32wbxx_hal_rcc.o
 .text.LL_RCC_LSI1_Disable
                0x08006b38       0x22 ./Drivers/STM32WBxx_HAL_Driver/Src/stm32wbxx_hal_rcc.o
 .text.LL_RCC_LSI1_IsReady
                0x08006b5a       0x24 ./Drivers/STM32WBxx_HAL_Driver/Src/stm32wbxx_hal_rcc.o
 .text.LL_RCC_LSI2_Enable
                0x08006b7e       0x22 ./Drivers/STM32WBxx_HAL_Driver/Src/stm32wbxx_hal_rcc.o
 .text.LL_RCC_LSI2_Disable
                0x08006ba0       0x22 ./Drivers/STM32WBxx_HAL_Driver/Src/stm32wbxx_hal_rcc.o
 .text.LL_RCC_LSI2_IsReady
                0x08006bc2       0x24 ./Drivers/STM32WBxx_HAL_Driver/Src/stm32wbxx_hal_rcc.o
 .text.LL_RCC_LSI2_SetTrimming
                0x08006be6       0x2e ./Drivers/STM32WBxx_HAL_Driver/Src/stm32wbxx_hal_rcc.o
 .text.LL_RCC_MSI_Enable
                0x08006c14       0x1e ./Drivers/STM32WBxx_HAL_Driver/Src/stm32wbxx_hal_rcc.o
 .text.LL_RCC_MSI_Disable
                0x08006c32       0x1e ./Drivers/STM32WBxx_HAL_Driver/Src/stm32wbxx_hal_rcc.o
 .text.LL_RCC_MSI_IsReady
                0x08006c50       0x22 ./Drivers/STM32WBxx_HAL_Driver/Src/stm32wbxx_hal_rcc.o
 .text.LL_RCC_MSI_SetRange
                0x08006c72       0x28 ./Drivers/STM32WBxx_HAL_Driver/Src/stm32wbxx_hal_rcc.o
 .text.LL_RCC_MSI_GetRange
                0x08006c9a       0x2a ./Drivers/STM32WBxx_HAL_Driver/Src/stm32wbxx_hal_rcc.o
 .text.LL_RCC_MSI_SetCalibTrimming
                0x08006cc4       0x2a ./Drivers/STM32WBxx_HAL_Driver/Src/stm32wbxx_hal_rcc.o
 .text.LL_RCC_SetSysClkSource
                0x08006cee       0x28 ./Drivers/STM32WBxx_HAL_Driver/Src/stm32wbxx_hal_rcc.o
 .text.LL_RCC_GetSysClkSource
                0x08006d16       0x18 ./Drivers/STM32WBxx_HAL_Driver/Src/stm32wbxx_hal_rcc.o
 .text.LL_RCC_SetAHBPrescaler
                0x08006d2e       0x28 ./Drivers/STM32WBxx_HAL_Driver/Src/stm32wbxx_hal_rcc.o
 .text.LL_C2_RCC_SetAHBPrescaler
                0x08006d56       0x2c ./Drivers/STM32WBxx_HAL_Driver/Src/stm32wbxx_hal_rcc.o
 .text.LL_RCC_SetAHB4Prescaler
                0x08006d82       0x2e ./Drivers/STM32WBxx_HAL_Driver/Src/stm32wbxx_hal_rcc.o
 .text.LL_RCC_SetAPB1Prescaler
                0x08006db0       0x28 ./Drivers/STM32WBxx_HAL_Driver/Src/stm32wbxx_hal_rcc.o
 .text.LL_RCC_SetAPB2Prescaler
                0x08006dd8       0x28 ./Drivers/STM32WBxx_HAL_Driver/Src/stm32wbxx_hal_rcc.o
 .text.LL_RCC_GetAHBPrescaler
                0x08006e00       0x18 ./Drivers/STM32WBxx_HAL_Driver/Src/stm32wbxx_hal_rcc.o
 .text.LL_C2_RCC_GetAHBPrescaler
                0x08006e18       0x1a ./Drivers/STM32WBxx_HAL_Driver/Src/stm32wbxx_hal_rcc.o
 .text.LL_RCC_GetAHB4Prescaler
                0x08006e32       0x1c ./Drivers/STM32WBxx_HAL_Driver/Src/stm32wbxx_hal_rcc.o
 .text.LL_RCC_GetAPB1Prescaler
                0x08006e4e       0x18 ./Drivers/STM32WBxx_HAL_Driver/Src/stm32wbxx_hal_rcc.o
 .text.LL_RCC_GetAPB2Prescaler
                0x08006e66       0x18 ./Drivers/STM32WBxx_HAL_Driver/Src/stm32wbxx_hal_rcc.o
 .text.LL_RCC_PLL_Enable
                0x08006e7e       0x1e ./Drivers/STM32WBxx_HAL_Driver/Src/stm32wbxx_hal_rcc.o
 .text.LL_RCC_PLL_Disable
                0x08006e9c       0x1e ./Drivers/STM32WBxx_HAL_Driver/Src/stm32wbxx_hal_rcc.o
 .text.LL_RCC_PLL_IsReady
                0x08006eba       0x24 ./Drivers/STM32WBxx_HAL_Driver/Src/stm32wbxx_hal_rcc.o
 .text.LL_RCC_PLL_GetN
                0x08006ede       0x1a ./Drivers/STM32WBxx_HAL_Driver/Src/stm32wbxx_hal_rcc.o
 .text.LL_RCC_PLL_GetR
                0x08006ef8       0x18 ./Drivers/STM32WBxx_HAL_Driver/Src/stm32wbxx_hal_rcc.o
 .text.LL_RCC_PLL_GetDivider
                0x08006f10       0x18 ./Drivers/STM32WBxx_HAL_Driver/Src/stm32wbxx_hal_rcc.o
 .text.LL_RCC_PLL_GetMainSource
                0x08006f28       0x18 ./Drivers/STM32WBxx_HAL_Driver/Src/stm32wbxx_hal_rcc.o
 .text.LL_RCC_IsActiveFlag_HPRE
                0x08006f40       0x24 ./Drivers/STM32WBxx_HAL_Driver/Src/stm32wbxx_hal_rcc.o
 .text.LL_RCC_IsActiveFlag_C2HPRE
                0x08006f64       0x26 ./Drivers/STM32WBxx_HAL_Driver/Src/stm32wbxx_hal_rcc.o
 .text.LL_RCC_IsActiveFlag_SHDHPRE
                0x08006f8a       0x26 ./Drivers/STM32WBxx_HAL_Driver/Src/stm32wbxx_hal_rcc.o
 .text.LL_RCC_IsActiveFlag_PPRE1
                0x08006fb0       0x24 ./Drivers/STM32WBxx_HAL_Driver/Src/stm32wbxx_hal_rcc.o
 .text.LL_RCC_IsActiveFlag_PPRE2
                0x08006fd4       0x24 ./Drivers/STM32WBxx_HAL_Driver/Src/stm32wbxx_hal_rcc.o
 .text.HAL_RCC_OscConfig
                0x08006ff8      0x6e8 ./Drivers/STM32WBxx_HAL_Driver/Src/stm32wbxx_hal_rcc.o
                0x08006ff8                HAL_RCC_OscConfig
 .text.HAL_RCC_ClockConfig
                0x080076e0      0x280 ./Drivers/STM32WBxx_HAL_Driver/Src/stm32wbxx_hal_rcc.o
                0x080076e0                HAL_RCC_ClockConfig
 .text.HAL_RCC_GetSysClockFreq
                0x08007960       0xd8 ./Drivers/STM32WBxx_HAL_Driver/Src/stm32wbxx_hal_rcc.o
                0x08007960                HAL_RCC_GetSysClockFreq
 .text.HAL_RCC_GetHCLKFreq
                0x08007a38       0x28 ./Drivers/STM32WBxx_HAL_Driver/Src/stm32wbxx_hal_rcc.o
                0x08007a38                HAL_RCC_GetHCLKFreq
 .text.HAL_RCC_GetPCLK1Freq
                0x08007a60       0x2c ./Drivers/STM32WBxx_HAL_Driver/Src/stm32wbxx_hal_rcc.o
                0x08007a60                HAL_RCC_GetPCLK1Freq
 .text.HAL_RCC_GetPCLK2Freq
                0x08007a8c       0x2c ./Drivers/STM32WBxx_HAL_Driver/Src/stm32wbxx_hal_rcc.o
                0x08007a8c                HAL_RCC_GetPCLK2Freq
 .text.HAL_RCC_GetClockConfig
                0x08007ab8       0x64 ./Drivers/STM32WBxx_HAL_Driver/Src/stm32wbxx_hal_rcc.o
                0x08007ab8                HAL_RCC_GetClockConfig
 .text.RCC_SetFlashLatencyFromMSIRange
                0x08007b1c       0x70 ./Drivers/STM32WBxx_HAL_Driver/Src/stm32wbxx_hal_rcc.o
 .text.RCC_SetFlashLatency
                0x08007b8c       0xf8 ./Drivers/STM32WBxx_HAL_Driver/Src/stm32wbxx_hal_rcc.o
 .text.LL_RCC_LSE_IsEnabled
                0x08007c84       0x24 ./Drivers/STM32WBxx_HAL_Driver/Src/stm32wbxx_hal_rcc_ex.o
 .text.LL_RCC_LSE_IsReady
                0x08007ca8       0x24 ./Drivers/STM32WBxx_HAL_Driver/Src/stm32wbxx_hal_rcc_ex.o
 .text.LL_RCC_SetRFWKPClockSource
                0x08007ccc       0x2c ./Drivers/STM32WBxx_HAL_Driver/Src/stm32wbxx_hal_rcc_ex.o
 .text.LL_RCC_SetSMPSClockSource
                0x08007cf8       0x28 ./Drivers/STM32WBxx_HAL_Driver/Src/stm32wbxx_hal_rcc_ex.o
 .text.LL_RCC_SetSMPSPrescaler
                0x08007d20       0x28 ./Drivers/STM32WBxx_HAL_Driver/Src/stm32wbxx_hal_rcc_ex.o
 .text.LL_RCC_SetUSARTClockSource
                0x08007d48       0x2c ./Drivers/STM32WBxx_HAL_Driver/Src/stm32wbxx_hal_rcc_ex.o
 .text.LL_RCC_SetLPUARTClockSource
                0x08007d74       0x2c ./Drivers/STM32WBxx_HAL_Driver/Src/stm32wbxx_hal_rcc_ex.o
 .text.LL_RCC_SetI2CClockSource
                0x08007da0       0x3a ./Drivers/STM32WBxx_HAL_Driver/Src/stm32wbxx_hal_rcc_ex.o
 .text.LL_RCC_SetLPTIMClockSource
                0x08007dda       0x34 ./Drivers/STM32WBxx_HAL_Driver/Src/stm32wbxx_hal_rcc_ex.o
 .text.LL_RCC_SetSAIClockSource
                0x08007e0e       0x2c ./Drivers/STM32WBxx_HAL_Driver/Src/stm32wbxx_hal_rcc_ex.o
 .text.LL_RCC_SetRNGClockSource
                0x08007e3a       0x2c ./Drivers/STM32WBxx_HAL_Driver/Src/stm32wbxx_hal_rcc_ex.o
 .text.LL_RCC_SetCLK48ClockSource
                0x08007e66       0x2c ./Drivers/STM32WBxx_HAL_Driver/Src/stm32wbxx_hal_rcc_ex.o
 .text.LL_RCC_SetUSBClockSource
                0x08007e92       0x16 ./Drivers/STM32WBxx_HAL_Driver/Src/stm32wbxx_hal_rcc_ex.o
 .text.LL_RCC_SetADCClockSource
                0x08007ea8       0x2c ./Drivers/STM32WBxx_HAL_Driver/Src/stm32wbxx_hal_rcc_ex.o
 .text.LL_RCC_SetRTCClockSource
                0x08007ed4       0x2c ./Drivers/STM32WBxx_HAL_Driver/Src/stm32wbxx_hal_rcc_ex.o
 .text.LL_RCC_GetRTCClockSource
                0x08007f00       0x1a ./Drivers/STM32WBxx_HAL_Driver/Src/stm32wbxx_hal_rcc_ex.o
 .text.LL_RCC_ForceBackupDomainReset
                0x08007f1a       0x22 ./Drivers/STM32WBxx_HAL_Driver/Src/stm32wbxx_hal_rcc_ex.o
 .text.LL_RCC_ReleaseBackupDomainReset
                0x08007f3c       0x22 ./Drivers/STM32WBxx_HAL_Driver/Src/stm32wbxx_hal_rcc_ex.o
 .text.LL_RCC_PLLSAI1_Enable
                0x08007f5e       0x1e ./Drivers/STM32WBxx_HAL_Driver/Src/stm32wbxx_hal_rcc_ex.o
 .text.LL_RCC_PLLSAI1_Disable
                0x08007f7c       0x1e ./Drivers/STM32WBxx_HAL_Driver/Src/stm32wbxx_hal_rcc_ex.o
 .text.LL_RCC_PLLSAI1_IsReady
                0x08007f9a       0x24 ./Drivers/STM32WBxx_HAL_Driver/Src/stm32wbxx_hal_rcc_ex.o
 .text.HAL_RCCEx_PeriphCLKConfig
                0x08007fbe      0x2ec ./Drivers/STM32WBxx_HAL_Driver/Src/stm32wbxx_hal_rcc_ex.o
                0x08007fbe                HAL_RCCEx_PeriphCLKConfig
 .text.RCCEx_PLLSAI1_ConfigNP
                0x080082aa       0xb6 ./Drivers/STM32WBxx_HAL_Driver/Src/stm32wbxx_hal_rcc_ex.o
 .text.RCCEx_PLLSAI1_ConfigNQ
                0x08008360       0xb6 ./Drivers/STM32WBxx_HAL_Driver/Src/stm32wbxx_hal_rcc_ex.o
 .text.RCCEx_PLLSAI1_ConfigNR
                0x08008416       0xb6 ./Drivers/STM32WBxx_HAL_Driver/Src/stm32wbxx_hal_rcc_ex.o
 .text.HAL_SPI_Init
                0x080084cc      0x146 ./Drivers/STM32WBxx_HAL_Driver/Src/stm32wbxx_hal_spi.o
                0x080084cc                HAL_SPI_Init
 .text.HAL_SPI_Transmit
                0x08008612      0x2ea ./Drivers/STM32WBxx_HAL_Driver/Src/stm32wbxx_hal_spi.o
                0x08008612                HAL_SPI_Transmit
 .text.SPI_WaitFlagStateUntilTimeout
                0x080088fc      0x110 ./Drivers/STM32WBxx_HAL_Driver/Src/stm32wbxx_hal_spi.o
 .text.SPI_WaitFifoStateUntilTimeout
                0x08008a0c      0x12c ./Drivers/STM32WBxx_HAL_Driver/Src/stm32wbxx_hal_spi.o
 .text.SPI_EndRxTxTransaction
                0x08008b38       0x8c ./Drivers/STM32WBxx_HAL_Driver/Src/stm32wbxx_hal_spi.o
 .text.HAL_TIM_Base_Init
                0x08008bc4       0xae ./Drivers/STM32WBxx_HAL_Driver/Src/stm32wbxx_hal_tim.o
                0x08008bc4                HAL_TIM_Base_Init
 .text.HAL_TIM_Base_MspInit
                0x08008c72       0x14 ./Drivers/STM32WBxx_HAL_Driver/Src/stm32wbxx_hal_tim.o
                0x08008c72                HAL_TIM_Base_MspInit
 *fill*         0x08008c86        0x2 
 .text.HAL_TIM_Base_Start_IT
                0x08008c88       0x9c ./Drivers/STM32WBxx_HAL_Driver/Src/stm32wbxx_hal_tim.o
                0x08008c88                HAL_TIM_Base_Start_IT
 .text.HAL_TIM_IRQHandler
                0x08008d24      0x20e ./Drivers/STM32WBxx_HAL_Driver/Src/stm32wbxx_hal_tim.o
                0x08008d24                HAL_TIM_IRQHandler
 .text.HAL_TIM_OC_DelayElapsedCallback
                0x08008f32       0x14 ./Drivers/STM32WBxx_HAL_Driver/Src/stm32wbxx_hal_tim.o
                0x08008f32                HAL_TIM_OC_DelayElapsedCallback
 .text.HAL_TIM_IC_CaptureCallback
                0x08008f46       0x14 ./Drivers/STM32WBxx_HAL_Driver/Src/stm32wbxx_hal_tim.o
                0x08008f46                HAL_TIM_IC_CaptureCallback
 .text.HAL_TIM_PWM_PulseFinishedCallback
                0x08008f5a       0x14 ./Drivers/STM32WBxx_HAL_Driver/Src/stm32wbxx_hal_tim.o
                0x08008f5a                HAL_TIM_PWM_PulseFinishedCallback
 .text.HAL_TIM_TriggerCallback
                0x08008f6e       0x14 ./Drivers/STM32WBxx_HAL_Driver/Src/stm32wbxx_hal_tim.o
                0x08008f6e                HAL_TIM_TriggerCallback
 *fill*         0x08008f82        0x2 
 .text.TIM_Base_SetConfig
                0x08008f84       0xe0 ./Drivers/STM32WBxx_HAL_Driver/Src/stm32wbxx_hal_tim.o
                0x08008f84                TIM_Base_SetConfig
 .text.HAL_TIMEx_CommutCallback
                0x08009064       0x14 ./Drivers/STM32WBxx_HAL_Driver/Src/stm32wbxx_hal_tim_ex.o
                0x08009064                HAL_TIMEx_CommutCallback
 .text.HAL_TIMEx_BreakCallback
                0x08009078       0x14 ./Drivers/STM32WBxx_HAL_Driver/Src/stm32wbxx_hal_tim_ex.o
                0x08009078                HAL_TIMEx_BreakCallback
 .text.HAL_TIMEx_Break2Callback
                0x0800908c       0x14 ./Drivers/STM32WBxx_HAL_Driver/Src/stm32wbxx_hal_tim_ex.o
                0x0800908c                HAL_TIMEx_Break2Callback
 .text.LL_RCC_GetUSARTClockSource
                0x080090a0       0x20 ./Drivers/STM32WBxx_HAL_Driver/Src/stm32wbxx_hal_uart.o
 .text.LL_RCC_GetLPUARTClockSource
                0x080090c0       0x20 ./Drivers/STM32WBxx_HAL_Driver/Src/stm32wbxx_hal_uart.o
 .text.HAL_UART_Init
                0x080090e0       0xa0 ./Drivers/STM32WBxx_HAL_Driver/Src/stm32wbxx_hal_uart.o
                0x080090e0                HAL_UART_Init
 .text.HAL_UART_MspInit
                0x08009180       0x14 ./Drivers/STM32WBxx_HAL_Driver/Src/stm32wbxx_hal_uart.o
                0x08009180                HAL_UART_MspInit
 .text.HAL_UART_Transmit
                0x08009194      0x11c ./Drivers/STM32WBxx_HAL_Driver/Src/stm32wbxx_hal_uart.o
                0x08009194                HAL_UART_Transmit
 .text.UART_SetConfig
                0x080092b0      0x450 ./Drivers/STM32WBxx_HAL_Driver/Src/stm32wbxx_hal_uart.o
                0x080092b0                UART_SetConfig
 .text.UART_AdvFeatureConfig
                0x08009700      0x144 ./Drivers/STM32WBxx_HAL_Driver/Src/stm32wbxx_hal_uart.o
                0x08009700                UART_AdvFeatureConfig
 .text.UART_CheckIdleState
                0x08009844      0x154 ./Drivers/STM32WBxx_HAL_Driver/Src/stm32wbxx_hal_uart.o
                0x08009844                UART_CheckIdleState
 .text.UART_WaitOnFlagUntilTimeout
                0x08009998       0xda ./Drivers/STM32WBxx_HAL_Driver/Src/stm32wbxx_hal_uart.o
                0x08009998                UART_WaitOnFlagUntilTimeout
 .text.UART_EndRxTransfer
                0x08009a72       0xcc ./Drivers/STM32WBxx_HAL_Driver/Src/stm32wbxx_hal_uart.o
 *fill*         0x08009b3e        0x2 
 .text.__NVIC_SetPriority
                0x08009b40       0x54 ./Middlewares/Third_Party/FreeRTOS/Source/CMSIS_RTOS_V2/cmsis_os2.o
 .text.SysTick_Handler
                0x08009b94       0x20 ./Middlewares/Third_Party/FreeRTOS/Source/CMSIS_RTOS_V2/cmsis_os2.o
                0x08009b94                SysTick_Handler
 .text.SVC_Setup
                0x08009bb4       0x12 ./Middlewares/Third_Party/FreeRTOS/Source/CMSIS_RTOS_V2/cmsis_os2.o
 *fill*         0x08009bc6        0x2 
 .text.osKernelInitialize
                0x08009bc8       0x48 ./Middlewares/Third_Party/FreeRTOS/Source/CMSIS_RTOS_V2/cmsis_os2.o
                0x08009bc8                osKernelInitialize
 .text.osKernelStart
                0x08009c10       0x4c ./Middlewares/Third_Party/FreeRTOS/Source/CMSIS_RTOS_V2/cmsis_os2.o
                0x08009c10                osKernelStart
 .text.osThreadNew
                0x08009c5c      0x124 ./Middlewares/Third_Party/FreeRTOS/Source/CMSIS_RTOS_V2/cmsis_os2.o
                0x08009c5c                osThreadNew
 .text.osDelay  0x08009d80       0x36 ./Middlewares/Third_Party/FreeRTOS/Source/CMSIS_RTOS_V2/cmsis_os2.o
                0x08009d80                osDelay
 .text.osSemaphoreNew
                0x08009db6      0x112 ./Middlewares/Third_Party/FreeRTOS/Source/CMSIS_RTOS_V2/cmsis_os2.o
                0x08009db6                osSemaphoreNew
 .text.vApplicationGetIdleTaskMemory
                0x08009ec8       0x34 ./Middlewares/Third_Party/FreeRTOS/Source/CMSIS_RTOS_V2/cmsis_os2.o
                0x08009ec8                vApplicationGetIdleTaskMemory
 .text.vApplicationGetTimerTaskMemory
                0x08009efc       0x34 ./Middlewares/Third_Party/FreeRTOS/Source/CMSIS_RTOS_V2/cmsis_os2.o
                0x08009efc                vApplicationGetTimerTaskMemory
 .text.vListInitialise
                0x08009f30       0x40 ./Middlewares/Third_Party/FreeRTOS/Source/list.o
                0x08009f30                vListInitialise
 .text.vListInitialiseItem
                0x08009f70       0x1a ./Middlewares/Third_Party/FreeRTOS/Source/list.o
                0x08009f70                vListInitialiseItem
 .text.vListInsertEnd
                0x08009f8a       0x48 ./Middlewares/Third_Party/FreeRTOS/Source/list.o
                0x08009f8a                vListInsertEnd
 .text.vListInsert
                0x08009fd2       0x72 ./Middlewares/Third_Party/FreeRTOS/Source/list.o
                0x08009fd2                vListInsert
 .text.uxListRemove
                0x0800a044       0x54 ./Middlewares/Third_Party/FreeRTOS/Source/list.o
                0x0800a044                uxListRemove
 .text.xQueueGenericReset
                0x0800a098       0xd4 ./Middlewares/Third_Party/FreeRTOS/Source/queue.o
                0x0800a098                xQueueGenericReset
 .text.xQueueGenericCreateStatic
                0x0800a16c       0xfa ./Middlewares/Third_Party/FreeRTOS/Source/queue.o
                0x0800a16c                xQueueGenericCreateStatic
 .text.xQueueGenericCreate
                0x0800a266       0x76 ./Middlewares/Third_Party/FreeRTOS/Source/queue.o
                0x0800a266                xQueueGenericCreate
 .text.prvInitialiseNewQueue
                0x0800a2dc       0x46 ./Middlewares/Third_Party/FreeRTOS/Source/queue.o
 .text.xQueueCreateCountingSemaphoreStatic
                0x0800a322       0x72 ./Middlewares/Third_Party/FreeRTOS/Source/queue.o
                0x0800a322                xQueueCreateCountingSemaphoreStatic
 .text.xQueueCreateCountingSemaphore
                0x0800a394       0x6a ./Middlewares/Third_Party/FreeRTOS/Source/queue.o
                0x0800a394                xQueueCreateCountingSemaphore
 *fill*         0x0800a3fe        0x2 
 .text.xQueueGenericSend
                0x0800a400      0x204 ./Middlewares/Third_Party/FreeRTOS/Source/queue.o
                0x0800a400                xQueueGenericSend
 .text.xQueueGenericSendFromISR
                0x0800a604      0x13c ./Middlewares/Third_Party/FreeRTOS/Source/queue.o
                0x0800a604                xQueueGenericSendFromISR
 .text.xQueueReceive
                0x0800a740      0x1c4 ./Middlewares/Third_Party/FreeRTOS/Source/queue.o
                0x0800a740                xQueueReceive
 .text.vQueueDelete
                0x0800a904       0x48 ./Middlewares/Third_Party/FreeRTOS/Source/queue.o
                0x0800a904                vQueueDelete
 .text.prvCopyDataToQueue
                0x0800a94c       0xd4 ./Middlewares/Third_Party/FreeRTOS/Source/queue.o
 .text.prvCopyDataFromQueue
                0x0800aa20       0x4c ./Middlewares/Third_Party/FreeRTOS/Source/queue.o
 .text.prvUnlockQueue
                0x0800aa6c       0xa4 ./Middlewares/Third_Party/FreeRTOS/Source/queue.o
 .text.prvIsQueueEmpty
                0x0800ab10       0x2c ./Middlewares/Third_Party/FreeRTOS/Source/queue.o
 .text.prvIsQueueFull
                0x0800ab3c       0x30 ./Middlewares/Third_Party/FreeRTOS/Source/queue.o