../Core/Inc/Drawable.h:27:18:virtual void Drawable::onInteract()	0	static
../Core/Inc/Drawable.h:32:18:virtual void Drawable::clearArea(FrameBuffer&)	0	static
../Core/Inc/Drawable.h:53:18:virtual void Drawable::resetUpdated()	0	static
../Core/Inc/Container.h:24:10:virtual void Container::draw(FrameBuffer&, uint16_t, uint16_t)	32	static
../Core/Inc/Container.h:37:10:virtual void Container::resetUpdated()	16	static
../Core/Inc/Container.h:43:10:virtual void Container::highlight(bool)	24	static
../Core/Inc/Rectangle.h:39:10:virtual void Rectangle::highlight(bool)	0	static
../Core/Inc/Rectangle.h:55:5:Rectangle::~Rectangle()	0	static
../Core/Inc/Circle.h:28:10:virtual void Circle::highlight(bool)	0	static
../Core/Inc/Circle.h:39:5:Circle::~Circle()	0	static
../Core/Inc/BitMap.hpp:27:7:virtual void BitMap::highlight(bool)	0	static
../Core/Inc/DrawText.hpp:41:10:virtual void DrawText::highlight(bool)	0	static
../Core/Inc/DrawText.hpp:56:5:DrawText::~DrawText()	0	static
../Core/Src/EPD_test.cpp:146:78:static void EPD_MainMenuWithQueue()::<lambda()>::_FUN()	0	static
../Core/Inc/BitMap.hpp:13:7:BitMap::~BitMap()	0	static
../Core/Inc/Container.h:16:7:Container::~Container()	0	static
../Core/Inc/BitMap.hpp:13:7:virtual BitMap::~BitMap()	8	static
../Core/Inc/Container.h:16:7:virtual Container::~Container()	8	static
../Core/Inc/Rectangle.h:55:5:virtual Rectangle::~Rectangle()	8	static
../Core/Inc/DrawText.hpp:56:5:virtual DrawText::~DrawText()	8	static
../Core/Inc/Circle.h:39:5:virtual Circle::~Circle()	8	static
../Core/Inc/BitMap.hpp:19:7:virtual void BitMap::draw(FrameBuffer&, uint16_t, uint16_t)	24	static
../Core/Inc/DrawText.hpp:30:10:virtual void DrawText::draw(FrameBuffer&, uint16_t, uint16_t)	40	static
../Core/Inc/Circle.h:24:10:virtual void Circle::draw(FrameBuffer&, uint16_t, uint16_t)	32	static
../Core/Inc/Rectangle.h:27:10:virtual void Rectangle::draw(FrameBuffer&, uint16_t, uint16_t)	40	static
../Core/Inc/Rectangle.h:34:10:virtual void Rectangle::clearArea(FrameBuffer&)	16	static
../Core/Src/EPD_test.cpp:220:29:static void EPD_MainMenuWithQueue()::<lambda(Button)>::_FUN(Button)	16	static
../Core/Src/EPD_test.cpp:207:34:static void EPD_MainMenuWithQueue()::<lambda(Button)>::_FUN(Button)	16	static
../Core/Src/EPD_test.cpp:76:75:static void EPD_MainMenuWithQueue()::<lambda()>::_FUN()	16	static
../Core/Src/EPD_test.cpp:520:4:static void EPD_EventHandling()::<lambda()>::_FUN()	0	static
../Core/Src/EPD_test.cpp:155:76:static void EPD_MainMenuWithQueue()::<lambda()>::_FUN()	0	static
../Core/Src/EPD_test.cpp:164:76:static void EPD_MainMenuWithQueue()::<lambda()>::_FUN()	0	static
../Core/Src/EPD_test.cpp:500:4:static void EPD_EventHandling()::<lambda()>::_FUN()	0	static
../Core/Inc/FrameBuffer.h:144:25:static FrameBuffer& FrameBuffer::getInstance(uint16_t, uint16_t, uint16_t, uint16_t)	40	static
../Core/Inc/Screen.h:97:10:void Screen::clear(uint16_t)	8	static
../Core/Inc/Screen.h:57:19:uint8_t* Screen::getImage()	8	static
../Core/Inc/Container.h:49:10:void Container::addDrawable(Drawable*)	0	static
../Core/Inc/Screen.h:42:10:void Screen::addDrawable(Drawable*)	0	static
../Core/Inc/Screen.h:78:10:void Screen::cleanRender()	24	static
../Core/Src/EPD_test.cpp:39:6:void EPD_MainMenuWithQueue()	1592	static
../Core/Src/EPD_test.cpp:303:6:void EPD_MainMenu()	160	static
../Core/Src/EPD_test.cpp:393:6:void EPD_MainScreen()	264	static
../Core/Src/EPD_test.cpp:470:6:void EPD_Clear()	88	static
../Core/Src/EPD_test.cpp:484:6:void EPD_EventHandling()	136	static
../Core/Src/EPD_test.cpp:564:6:void EPD_ScreenManager_PartialRefresh()	136	static
../Core/Src/EPD_test.cpp:632:6:void EPD_ScreenManager_PartialRefreshAndScreenSwitching()	440	static
../Core/Src/EPD_test.cpp:689:6:void EPD_partial_refresh()	200	static
../Core/Src/EPD_test.cpp:814:6:void EPD_multiple_Screens()	312	static
../Core/Src/EPD_test.cpp:887:6:void EPD_screen_multiple_objects()	200	static
../Core/Src/EPD_test.cpp:941:6:void EPD_basic_controller_test()	88	static
../Core/Src/EPD_test.cpp:964:6:void EPD_frame_buffer_draw_test()	96	static
