../Core/Inc/FrameBuffer.h:144:25:static FrameBuffer& FrameBuffer::getInstance(uint16_t, uint16_t, uint16_t, uint16_t)	40	static
../Core/Inc/Screen.h:78:10:void Screen::cleanRender()	24	static
../Core/Src/ScreenManager.cpp:7:6:void ScreenManager::initFirstTime()	8	static
../Core/Src/ScreenManager.cpp:25:6:void ScreenManager::updateActiveScreen()	40	static
../Core/Src/ScreenManager.cpp:71:6:void ScreenManager::displayActiveScreen()	8	static
../Core/Src/ScreenManager.cpp:17:6:void ScreenManager::addScreen(ScreenType, Screen*)	0	static
../Core/Src/ScreenManager.cpp:58:6:void ScreenManager::setNewActiveScreen(ScreenType)	0	static
../Core/Src/ScreenManager.cpp:80:6:void ScreenManager::onInteract()	0	static
../Core/Src/ScreenManager.cpp:87:6:void ScreenManager::nextInteractable()	8	static
../Core/Src/ScreenManager.cpp:93:6:void ScreenManager::prevInteractable()	8	static
../Core/Src/ScreenManager.cpp:99:6:void ScreenManager::buttonPress(Button)	0	static
