C:\ST\STM32CubeIDE_1.16.1\STM32CubeIDE\plugins\com.st.stm32cube.ide.mcu.externaltools.gnu-tools-for-stm32.12.3.rel1.win32_1.0.200.202406191623\tools\arm-none-eabi\include\c++\12.3.1\arm-none-eabi\thumb\v7e-m+fp\hard\bits\c++config.h:516:3:constexpr bool std::__is_constant_evaluated()	4	static
C:\ST\STM32CubeIDE_1.16.1\STM32CubeIDE\plugins\com.st.stm32cube.ide.mcu.externaltools.gnu-tools-for-stm32.12.3.rel1.win32_1.0.200.202406191623\tools\bin/../lib/gcc/arm-none-eabi/12.3.1/../../../../arm-none-eabi/include/c++/12.3.1/new:174:33:void* operator new(std::size_t, void*)	16	static
C:\ST\STM32CubeIDE_1.16.1\STM32CubeIDE\plugins\com.st.stm32cube.ide.mcu.externaltools.gnu-tools-for-stm32.12.3.rel1.win32_1.0.200.202406191623\tools\arm-none-eabi\include\c++\12.3.1\arm-none-eabi\thumb\v7e-m+fp\hard\bits\gthr-default.h:229:1:int __gthread_key_delete(__gthread_key_t)	16	static
../Core/Inc/FreeRTOSMemory.hpp:15:10:void FreeRTOSDeleter::operator()(void*) const	16	static
../Core/Inc/FrameBuffer.h:144:25:static FrameBuffer& FrameBuffer::getInstance(uint16_t, uint16_t, uint16_t, uint16_t)	40	static
../Core/Inc/FrameBuffer.h:157:9:uint8_t* FrameBuffer::getImage()	16	static
../Core/Inc/Drawable.h:22:2:Drawable::Drawable(Callback, uint16_t, uint16_t, uint16_t)	24	static
../Core/Inc/Drawable.h:35:18:virtual void Drawable::onInteract()	16	static
../Core/Inc/Drawable.h:40:18:virtual void Drawable::clearArea(FrameBuffer&, uint16_t, uint16_t)	24	static
../Core/Inc/Drawable.h:42:18:virtual void Drawable::highlight(bool)	16	static
../Core/Inc/Drawable.h:44:18:virtual void Drawable::resetUpdated()	16	static
../Core/Inc/Drawable.h:53:10:bool Drawable::interactable()	16	static
../Core/Inc/Drawable.h:63:10:void Drawable::addCallback(Callback)	16	static
../Core/Inc/Drawable.h:67:13:Drawable::~Drawable()	16	static
../Core/Inc/Drawable.h:67:13:virtual Drawable::~Drawable()	16	static
../Core/Inc/Container.h:18:2:Container::Container(uint16_t, uint16_t, uint16_t, uint16_t, Drawable::Callback)	32	static
../Core/Inc/Container.h:24:10:virtual void Container::draw(FrameBuffer&, uint16_t, uint16_t)	40	static
../Core/Inc/Container.h:42:10:virtual void Container::resetUpdated()	24	static
../Core/Inc/Container.h:48:10:virtual void Container::highlight(bool)	24	static
../Core/Inc/Container.h:55:10:void Container::addDrawable(Drawable*)	16	static
../Core/Inc/Container.h:65:7:void Container::setXEnd(uint16_t)	16	static
../Core/Inc/Container.h:73:7:void Container::setXStart(uint16_t)	16	static
../Core/Inc/Container.h:81:7:void Container::setYEnd(uint16_t)	16	static
../Core/Inc/Container.h:89:7:void Container::setYStart(uint16_t)	16	static
../Core/Inc/Screen.h:26:5:Screen::Screen(Callback, uint16_t, uint16_t, uint16_t, uint16_t)	24	static
../Core/Inc/Screen.h:36:5:Screen::~Screen()	16	static
../Core/Inc/Screen.h:64:10:void Screen::addDrawable(Drawable*)	16	static
../Core/Inc/Screen.h:75:19:uint8_t* Screen::getImage()	24	static
../Core/Inc/Screen.h:90:10:void Screen::cleanRender()	32	static
../Core/Inc/Screen.h:107:10:void Screen::clear(uint16_t)	24	static
../Core/Inc/Screen.h:160:10:void Screen::setButtonCallback(Callback)	16	static
../Core/Inc/Rectangle.h:25:7:virtual void Rectangle::draw(FrameBuffer&, uint16_t, uint16_t)	56	static
../Core/Inc/Rectangle.h:34:10:virtual void Rectangle::clearArea(FrameBuffer&, uint16_t, uint16_t)	40	static
../Core/Inc/Rectangle.h:40:5:Rectangle::Rectangle(uint16_t, uint16_t, uint16_t, uint16_t, uint16_t, DOT_PIXEL, DRAW_FILL, Drawable::Callback, uint16_t, uint16_t, uint16_t)	32	static
../Core/Inc/Rectangle.h:45:5:Rectangle::~Rectangle()	16	static
../Core/Inc/Rectangle.h:45:5:virtual Rectangle::~Rectangle()	16	static
../Core/Inc/Rectangle.h:51:7:void Rectangle::setColor(uint16_t)	16	static
../Core/Inc/Rectangle.h:103:2:HighLightOnInteractRectangle::HighLightOnInteractRectangle(uint16_t, uint16_t, uint16_t, uint16_t, uint16_t, DOT_PIXEL, DRAW_FILL, Drawable::Callback, uint16_t, uint16_t, uint16_t)	64	static
../Core/Inc/Rectangle.h:111:15:virtual void HighLightOnInteractRectangle::highlight(bool)	16	static
../Core/Inc/Circle.h:24:10:virtual void Circle::draw(FrameBuffer&, uint16_t, uint16_t)	48	static
../Core/Inc/Circle.h:28:10:virtual void Circle::highlight(bool)	16	static
../Core/Inc/Circle.h:36:5:Circle::Circle(uint16_t, uint16_t, uint16_t, uint16_t, DOT_PIXEL, DRAW_FILL)	32	static
../Core/Inc/Circle.h:39:5:Circle::~Circle()	16	static
../Core/Inc/Circle.h:39:5:virtual Circle::~Circle()	16	static
../Core/Inc/ScreenManager.h:31:2:ScreenManager::ScreenManager(EPD_4in26*)	16	static
C:\ST\STM32CubeIDE_1.16.1\STM32CubeIDE\plugins\com.st.stm32cube.ide.mcu.externaltools.gnu-tools-for-stm32.12.3.rel1.win32_1.0.200.202406191623\tools\bin/../lib/gcc/arm-none-eabi/12.3.1/../../../../arm-none-eabi/include/c++/12.3.1/bits/stl_deque.h:96:3:constexpr std::size_t std::__deque_buf_size(size_t)	16	static
../Core/Inc/BitMap.hpp:15:2:BitMap::BitMap(const uint8_t*, uint16_t, uint16_t, uint16_t, uint16_t, uint16_t)	32	static
../Core/Inc/BitMap.hpp:19:7:virtual void BitMap::draw(FrameBuffer&, uint16_t, uint16_t)	48	static
../Core/Inc/BitMap.hpp:27:7:virtual void BitMap::highlight(bool)	16	static
../Core/Inc/DrawText.hpp:30:10:virtual void DrawText::draw(FrameBuffer&, uint16_t, uint16_t)	48	static
../Core/Inc/DrawText.hpp:41:10:void DrawText::updatedText()	16	static
../Core/Inc/DrawText.hpp:46:5:DrawText::DrawText(uint16_t, uint16_t, const char*, sFONT*, uint16_t, uint16_t)	32	static
../Core/Inc/DrawText.hpp:50:5:DrawText::DrawText(uint16_t, uint16_t, PAINT_TIME*, sFONT*, uint16_t, uint16_t)	32	static
../Core/Inc/DrawText.hpp:55:5:DrawText::~DrawText()	16	static
../Core/Inc/DrawText.hpp:55:5:virtual DrawText::~DrawText()	16	static
../Core/Inc/DrawText.hpp:61:2:HighlightableDrawText::HighlightableDrawText(uint16_t, uint16_t, const char*, sFONT*, uint16_t, uint16_t)	40	static
../Core/Inc/DrawText.hpp:69:10:virtual void HighlightableDrawText::highlight(bool)	16	static
../Core/Src/EPD_test.cpp:49:3:SetPointContainer::SetPointContainer()	48	static
../Core/Src/EPD_test.cpp:114:6:void updateSetPointMainArea(Screen)	16	static
../Core/Src/EPD_test.cpp:129:42:updateSetPointDynamicElements(uint8_t)::<lambda()>	16	static
../Core/Src/EPD_test.cpp:129:42:static void updateSetPointDynamicElements(uint8_t)::<lambda()>::_FUN()	8	static
../Core/Src/EPD_test.cpp:129:42:updateSetPointDynamicElements(uint8_t)::<lambda()>::operator void (*)()() const	16	static
../Core/Src/EPD_test.cpp:139:42:updateSetPointDynamicElements(uint8_t)::<lambda()>	16	static
../Core/Src/EPD_test.cpp:139:42:static void updateSetPointDynamicElements(uint8_t)::<lambda()>::_FUN()	8	static
../Core/Src/EPD_test.cpp:139:42:updateSetPointDynamicElements(uint8_t)::<lambda()>::operator void (*)()() const	16	static
../Core/Src/EPD_test.cpp:118:6:void updateSetPointDynamicElements(uint8_t)	104	static
../Core/Src/EPD_test.cpp:155:6:void setPointInitializeConnections(Screen&)	32	static
../Core/Src/EPD_test.cpp:217:114:drawAlertScreen(Screen&)::<lambda()>	16	static
../Core/Src/EPD_test.cpp:217:114:static void drawAlertScreen(Screen&)::<lambda()>::_FUN()	8	static
../Core/Src/EPD_test.cpp:217:114:drawAlertScreen(Screen&)::<lambda()>::operator void (*)()() const	16	static
../Core/Src/EPD_test.cpp:226:153:drawAlertScreen(Screen&)::<lambda()>	16	static
../Core/Src/EPD_test.cpp:226:153:static void drawAlertScreen(Screen&)::<lambda()>::_FUN()	8	static
../Core/Src/EPD_test.cpp:226:153:drawAlertScreen(Screen&)::<lambda()>::operator void (*)()() const	16	static
../Core/Src/EPD_test.cpp:184:6:void drawAlertScreen(Screen&)	736	static
../Core/Src/EPD_test.cpp:249:6:void drawClockDateScreen(Screen&)	424	static
../Core/Src/EPD_test.cpp:272:6:void setPointScreenCallback1(Button)	24	static
../Core/Src/EPD_test.cpp:301:6:void setPointScreenCallback2(Button)	24	static
../Core/Src/EPD_test.cpp:342:75:EPD_MainMenuWithQueue()::<lambda()>	24	static
../Core/Src/EPD_test.cpp:342:75:static void EPD_MainMenuWithQueue()::<lambda()>::_FUN()	8	static
../Core/Src/EPD_test.cpp:342:75:EPD_MainMenuWithQueue()::<lambda()>::operator void (*)()() const	16	static
../Core/Src/EPD_test.cpp:405:78:EPD_MainMenuWithQueue()::<lambda()>	24	static
../Core/Src/EPD_test.cpp:405:78:static void EPD_MainMenuWithQueue()::<lambda()>::_FUN()	8	static
../Core/Src/EPD_test.cpp:405:78:EPD_MainMenuWithQueue()::<lambda()>::operator void (*)()() const	16	static
../Core/Src/EPD_test.cpp:415:76:EPD_MainMenuWithQueue()::<lambda()>	16	static
../Core/Src/EPD_test.cpp:415:76:static void EPD_MainMenuWithQueue()::<lambda()>::_FUN()	8	static
../Core/Src/EPD_test.cpp:415:76:EPD_MainMenuWithQueue()::<lambda()>::operator void (*)()() const	16	static
../Core/Src/EPD_test.cpp:424:76:EPD_MainMenuWithQueue()::<lambda()>	16	static
../Core/Src/EPD_test.cpp:424:76:static void EPD_MainMenuWithQueue()::<lambda()>::_FUN()	8	static
../Core/Src/EPD_test.cpp:424:76:EPD_MainMenuWithQueue()::<lambda()>::operator void (*)()() const	16	static
../Core/Src/EPD_test.cpp:475:123:EPD_MainMenuWithQueue()::<lambda()>	24	static
../Core/Src/EPD_test.cpp:475:123:static void EPD_MainMenuWithQueue()::<lambda()>::_FUN()	8	static
../Core/Src/EPD_test.cpp:475:123:EPD_MainMenuWithQueue()::<lambda()>::operator void (*)()() const	16	static
../Core/Src/EPD_test.cpp:486:154:EPD_MainMenuWithQueue()::<lambda()>	24	static
../Core/Src/EPD_test.cpp:486:154:static void EPD_MainMenuWithQueue()::<lambda()>::_FUN()	8	static
../Core/Src/EPD_test.cpp:486:154:EPD_MainMenuWithQueue()::<lambda()>::operator void (*)()() const	16	static
../Core/Src/EPD_test.cpp:497:156:EPD_MainMenuWithQueue()::<lambda()>	24	static
../Core/Src/EPD_test.cpp:497:156:static void EPD_MainMenuWithQueue()::<lambda()>::_FUN()	8	static
../Core/Src/EPD_test.cpp:497:156:EPD_MainMenuWithQueue()::<lambda()>::operator void (*)()() const	16	static
../Core/Src/EPD_test.cpp:508:155:EPD_MainMenuWithQueue()::<lambda()>	24	static
../Core/Src/EPD_test.cpp:508:155:static void EPD_MainMenuWithQueue()::<lambda()>::_FUN()	8	static
../Core/Src/EPD_test.cpp:508:155:EPD_MainMenuWithQueue()::<lambda()>::operator void (*)()() const	16	static
../Core/Src/EPD_test.cpp:519:153:EPD_MainMenuWithQueue()::<lambda()>	24	static
../Core/Src/EPD_test.cpp:519:153:static void EPD_MainMenuWithQueue()::<lambda()>::_FUN()	8	static
../Core/Src/EPD_test.cpp:519:153:EPD_MainMenuWithQueue()::<lambda()>::operator void (*)()() const	16	static
../Core/Src/EPD_test.cpp:530:155:EPD_MainMenuWithQueue()::<lambda()>	24	static
../Core/Src/EPD_test.cpp:530:155:static void EPD_MainMenuWithQueue()::<lambda()>::_FUN()	8	static
../Core/Src/EPD_test.cpp:530:155:EPD_MainMenuWithQueue()::<lambda()>::operator void (*)()() const	16	static
../Core/Src/EPD_test.cpp:541:153:EPD_MainMenuWithQueue()::<lambda()>	24	static
../Core/Src/EPD_test.cpp:541:153:static void EPD_MainMenuWithQueue()::<lambda()>::_FUN()	8	static
../Core/Src/EPD_test.cpp:541:153:EPD_MainMenuWithQueue()::<lambda()>::operator void (*)()() const	16	static
../Core/Src/EPD_test.cpp:610:34:EPD_MainMenuWithQueue()::<lambda(Button)>	24	static
../Core/Src/EPD_test.cpp:610:34:static void EPD_MainMenuWithQueue()::<lambda(Button)>::_FUN(Button)	16	static
../Core/Src/EPD_test.cpp:610:34:EPD_MainMenuWithQueue()::<lambda(Button)>::operator void (*)(Button)() const	16	static
../Core/Src/EPD_test.cpp:624:29:EPD_MainMenuWithQueue()::<lambda(Button)>	24	static
../Core/Src/EPD_test.cpp:624:29:static void EPD_MainMenuWithQueue()::<lambda(Button)>::_FUN(Button)	16	static
../Core/Src/EPD_test.cpp:624:29:EPD_MainMenuWithQueue()::<lambda(Button)>::operator void (*)(Button)() const	16	static
../Core/Src/EPD_test.cpp:652:35:EPD_MainMenuWithQueue()::<lambda(Button)>	24	static
../Core/Src/EPD_test.cpp:652:35:static void EPD_MainMenuWithQueue()::<lambda(Button)>::_FUN(Button)	16	static
../Core/Src/EPD_test.cpp:652:35:EPD_MainMenuWithQueue()::<lambda(Button)>::operator void (*)(Button)() const	16	static
../Core/Src/EPD_test.cpp:328:6:void EPD_MainMenuWithQueue()	3032	static
../Core/Src/EPD_test.cpp:744:6:void EPD_MainMenu()	216	static
../Core/Src/EPD_test.cpp:834:6:void EPD_MainScreen()	304	static
../Core/Src/EPD_test.cpp:911:6:void EPD_Clear()	88	static
C:\ST\STM32CubeIDE_1.16.1\STM32CubeIDE\plugins\com.st.stm32cube.ide.mcu.externaltools.gnu-tools-for-stm32.12.3.rel1.win32_1.0.200.202406191623\tools\bin/../lib/gcc/arm-none-eabi/12.3.1/../../../../arm-none-eabi/include/c++/12.3.1/bits/stl_queue.h:96:11:std::queue<State>::~queue()	16	static
../Core/Src/EPD_test.cpp:941:4:EPD_EventHandling()::<lambda()>	16	static
../Core/Src/EPD_test.cpp:941:4:static void EPD_EventHandling()::<lambda()>::_FUN()	8	static
../Core/Src/EPD_test.cpp:941:4:EPD_EventHandling()::<lambda()>::operator void (*)()() const	16	static
../Core/Src/EPD_test.cpp:961:4:EPD_EventHandling()::<lambda()>	16	static
../Core/Src/EPD_test.cpp:961:4:static void EPD_EventHandling()::<lambda()>::_FUN()	8	static
../Core/Src/EPD_test.cpp:961:4:EPD_EventHandling()::<lambda()>::operator void (*)()() const	16	static
../Core/Src/EPD_test.cpp:925:6:void EPD_EventHandling()	200	static
../Core/Src/EPD_test.cpp:1005:6:void EPD_ScreenManager_PartialRefresh()	152	static
../Core/Src/EPD_test.cpp:1073:6:void EPD_ScreenManager_PartialRefreshAndScreenSwitching()	320	static
../Core/Src/EPD_test.cpp:1130:6:void EPD_partial_refresh()	152	static
../Core/Src/EPD_test.cpp:1255:6:void EPD_multiple_Screens()	224	static
../Core/Src/EPD_test.cpp:1328:6:void EPD_screen_multiple_objects()	160	static
../Core/Src/EPD_test.cpp:1382:6:void EPD_basic_controller_test()	88	static
../Core/Src/EPD_test.cpp:1405:6:void EPD_frame_buffer_draw_test()	88	static
C:\ST\STM32CubeIDE_1.16.1\STM32CubeIDE\plugins\com.st.stm32cube.ide.mcu.externaltools.gnu-tools-for-stm32.12.3.rel1.win32_1.0.200.202406191623\tools\bin/../lib/gcc/arm-none-eabi/12.3.1/../../../../arm-none-eabi/include/c++/12.3.1/bits/unique_ptr.h:478:16:std::unique_ptr<_Tp, _Dp>::operator bool() const [with _Tp = FrameBuffer; _Dp = FreeRTOSDeleter]	16	static
C:\ST\STM32CubeIDE_1.16.1\STM32CubeIDE\plugins\com.st.stm32cube.ide.mcu.externaltools.gnu-tools-for-stm32.12.3.rel1.win32_1.0.200.202406191623\tools\bin/../lib/gcc/arm-none-eabi/12.3.1/../../../../arm-none-eabi/include/c++/12.3.1/bits/unique_ptr.h:497:7:void std::unique_ptr<_Tp, _Dp>::reset(pointer) [with _Tp = FrameBuffer; _Dp = FreeRTOSDeleter]	24	static
C:\ST\STM32CubeIDE_1.16.1\STM32CubeIDE\plugins\com.st.stm32cube.ide.mcu.externaltools.gnu-tools-for-stm32.12.3.rel1.win32_1.0.200.202406191623\tools\bin/../lib/gcc/arm-none-eabi/12.3.1/../../../../arm-none-eabi/include/c++/12.3.1/bits/unique_ptr.h:443:7:typename std::add_lvalue_reference<_Tp>::type std::unique_ptr<_Tp, _Dp>::operator*() const [with _Tp = FrameBuffer; _Dp = FreeRTOSDeleter]	16	static
C:\ST\STM32CubeIDE_1.16.1\STM32CubeIDE\plugins\com.st.stm32cube.ide.mcu.externaltools.gnu-tools-for-stm32.12.3.rel1.win32_1.0.200.202406191623\tools\bin/../lib/gcc/arm-none-eabi/12.3.1/../../../../arm-none-eabi/include/c++/12.3.1/bits/unique_ptr.h:726:7:std::unique_ptr<_Tp [], _Dp>::pointer std::unique_ptr<_Tp [], _Dp>::get() const [with _Tp = unsigned char; _Dp = FreeRTOSDeleter]	16	static
C:\ST\STM32CubeIDE_1.16.1\STM32CubeIDE\plugins\com.st.stm32cube.ide.mcu.externaltools.gnu-tools-for-stm32.12.3.rel1.win32_1.0.200.202406191623\tools\bin/../lib/gcc/arm-none-eabi/12.3.1/../../../../arm-none-eabi/include/c++/12.3.1/bits/stl_deque.h:855:7:std::deque<_Tp, _Alloc>::deque() [with _Tp = State; _Alloc = std::allocator<State>]	16	static
C:\ST\STM32CubeIDE_1.16.1\STM32CubeIDE\plugins\com.st.stm32cube.ide.mcu.externaltools.gnu-tools-for-stm32.12.3.rel1.win32_1.0.200.202406191623\tools\bin/../lib/gcc/arm-none-eabi/12.3.1/../../../../arm-none-eabi/include/c++/12.3.1/bits/stl_queue.h:166:2:std::queue<_Tp, _Sequence>::queue() [with _Seq = std::deque<State, std::allocator<State> >; _Requires = void; _Tp = State; _Sequence = std::deque<State, std::allocator<State> >]	16	static
C:\ST\STM32CubeIDE_1.16.1\STM32CubeIDE\plugins\com.st.stm32cube.ide.mcu.externaltools.gnu-tools-for-stm32.12.3.rel1.win32_1.0.200.202406191623\tools\bin/../lib/gcc/arm-none-eabi/12.3.1/../../../../arm-none-eabi/include/c++/12.3.1/bits/stl_deque.h:1027:7:std::deque<_Tp, _Alloc>::~deque() [with _Tp = State; _Alloc = std::allocator<State>]	48	static
C:\ST\STM32CubeIDE_1.16.1\STM32CubeIDE\plugins\com.st.stm32cube.ide.mcu.externaltools.gnu-tools-for-stm32.12.3.rel1.win32_1.0.200.202406191623\tools\bin/../lib/gcc/arm-none-eabi/12.3.1/../../../../arm-none-eabi/include/c++/12.3.1/bits/stl_queue.h:218:7:bool std::queue<_Tp, _Sequence>::empty() const [with _Tp = State; _Sequence = std::deque<State, std::allocator<State> >]	16	static
C:\ST\STM32CubeIDE_1.16.1\STM32CubeIDE\plugins\com.st.stm32cube.ide.mcu.externaltools.gnu-tools-for-stm32.12.3.rel1.win32_1.0.200.202406191623\tools\bin/../lib/gcc/arm-none-eabi/12.3.1/../../../../arm-none-eabi/include/c++/12.3.1/bits/stl_queue.h:318:7:void std::queue<_Tp, _Sequence>::pop() [with _Tp = State; _Sequence = std::deque<State, std::allocator<State> >]	16	static
C:\ST\STM32CubeIDE_1.16.1\STM32CubeIDE\plugins\com.st.stm32cube.ide.mcu.externaltools.gnu-tools-for-stm32.12.3.rel1.win32_1.0.200.202406191623\tools\bin/../lib/gcc/arm-none-eabi/12.3.1/../../../../arm-none-eabi/include/c++/12.3.1/bits/stl_queue.h:233:7:std::queue<_Tp, _Sequence>::reference std::queue<_Tp, _Sequence>::front() [with _Tp = State; _Sequence = std::deque<State, std::allocator<State> >]	16	static
C:\ST\STM32CubeIDE_1.16.1\STM32CubeIDE\plugins\com.st.stm32cube.ide.mcu.externaltools.gnu-tools-for-stm32.12.3.rel1.win32_1.0.200.202406191623\tools\bin/../lib/gcc/arm-none-eabi/12.3.1/../../../../arm-none-eabi/include/c++/12.3.1/bits/unique_ptr.h:461:7:std::unique_ptr<_Tp, _Dp>::pointer std::unique_ptr<_Tp, _Dp>::get() const [with _Tp = FrameBuffer; _Dp = FreeRTOSDeleter]	16	static
C:\ST\STM32CubeIDE_1.16.1\STM32CubeIDE\plugins\com.st.stm32cube.ide.mcu.externaltools.gnu-tools-for-stm32.12.3.rel1.win32_1.0.200.202406191623\tools\bin/../lib/gcc/arm-none-eabi/12.3.1/../../../../arm-none-eabi/include/c++/12.3.1/bits/move.h:104:5:constexpr typename std::remove_reference<_Tp>::type&& std::move(_Tp&&) [with _Tp = FrameBuffer*&]	16	static
C:\ST\STM32CubeIDE_1.16.1\STM32CubeIDE\plugins\com.st.stm32cube.ide.mcu.externaltools.gnu-tools-for-stm32.12.3.rel1.win32_1.0.200.202406191623\tools\bin/../lib/gcc/arm-none-eabi/12.3.1/../../../../arm-none-eabi/include/c++/12.3.1/bits/unique_ptr.h:198:12:void std::__uniq_ptr_impl<_Tp, _Dp>::reset(pointer) [with _Tp = FrameBuffer; _Dp = FreeRTOSDeleter]	24	static
C:\ST\STM32CubeIDE_1.16.1\STM32CubeIDE\plugins\com.st.stm32cube.ide.mcu.externaltools.gnu-tools-for-stm32.12.3.rel1.win32_1.0.200.202406191623\tools\bin/../lib/gcc/arm-none-eabi/12.3.1/../../../../arm-none-eabi/include/c++/12.3.1/bits/unique_ptr.h:191:18:std::__uniq_ptr_impl<_Tp, _Dp>::pointer std::__uniq_ptr_impl<_Tp, _Dp>::_M_ptr() const [with _Tp = unsigned char; _Dp = FreeRTOSDeleter]	16	static
C:\ST\STM32CubeIDE_1.16.1\STM32CubeIDE\plugins\com.st.stm32cube.ide.mcu.externaltools.gnu-tools-for-stm32.12.3.rel1.win32_1.0.200.202406191623\tools\bin/../lib/gcc/arm-none-eabi/12.3.1/../../../../arm-none-eabi/include/c++/12.3.1/bits/stl_deque.h:542:14:std::_Deque_base<State, std::allocator<State> >::_Deque_impl::~_Deque_impl()	16	static
C:\ST\STM32CubeIDE_1.16.1\STM32CubeIDE\plugins\com.st.stm32cube.ide.mcu.externaltools.gnu-tools-for-stm32.12.3.rel1.win32_1.0.200.202406191623\tools\bin/../lib/gcc/arm-none-eabi/12.3.1/../../../../arm-none-eabi/include/c++/12.3.1/bits/stl_deque.h:458:7:std::_Deque_base<_Tp, _Alloc>::_Deque_base() [with _Tp = State; _Alloc = std::allocator<State>]	16	static
C:\ST\STM32CubeIDE_1.16.1\STM32CubeIDE\plugins\com.st.stm32cube.ide.mcu.externaltools.gnu-tools-for-stm32.12.3.rel1.win32_1.0.200.202406191623\tools\bin/../lib/gcc/arm-none-eabi/12.3.1/../../../../arm-none-eabi/include/c++/12.3.1/bits/stl_deque.h:617:5:std::_Deque_base<_Tp, _Alloc>::~_Deque_base() [with _Tp = State; _Alloc = std::allocator<State>]	16	static
C:\ST\STM32CubeIDE_1.16.1\STM32CubeIDE\plugins\com.st.stm32cube.ide.mcu.externaltools.gnu-tools-for-stm32.12.3.rel1.win32_1.0.200.202406191623\tools\bin/../lib/gcc/arm-none-eabi/12.3.1/../../../../arm-none-eabi/include/c++/12.3.1/bits/stl_deque.h:1151:7:std::deque<_Tp, _Alloc>::iterator std::deque<_Tp, _Alloc>::begin() [with _Tp = State; _Alloc = std::allocator<State>]	16	static
C:\ST\STM32CubeIDE_1.16.1\STM32CubeIDE\plugins\com.st.stm32cube.ide.mcu.externaltools.gnu-tools-for-stm32.12.3.rel1.win32_1.0.200.202406191623\tools\bin/../lib/gcc/arm-none-eabi/12.3.1/../../../../arm-none-eabi/include/c++/12.3.1/bits/stl_deque.h:1170:7:std::deque<_Tp, _Alloc>::iterator std::deque<_Tp, _Alloc>::end() [with _Tp = State; _Alloc = std::allocator<State>]	16	static
C:\ST\STM32CubeIDE_1.16.1\STM32CubeIDE\plugins\com.st.stm32cube.ide.mcu.externaltools.gnu-tools-for-stm32.12.3.rel1.win32_1.0.200.202406191623\tools\bin/../lib/gcc/arm-none-eabi/12.3.1/../../../../arm-none-eabi/include/c++/12.3.1/bits/stl_deque.h:568:7:std::_Deque_base<_Tp, _Alloc>::_Tp_alloc_type& std::_Deque_base<_Tp, _Alloc>::_M_get_Tp_allocator() [with _Tp = State; _Alloc = std::allocator<State>]	16	static
C:\ST\STM32CubeIDE_1.16.1\STM32CubeIDE\plugins\com.st.stm32cube.ide.mcu.externaltools.gnu-tools-for-stm32.12.3.rel1.win32_1.0.200.202406191623\tools\bin/../lib/gcc/arm-none-eabi/12.3.1/../../../../arm-none-eabi/include/c++/12.3.1/bits/stl_deque.h:168:7:std::_Deque_iterator<_Tp, _Ref, _Ptr>::_Deque_iterator(const std::_Deque_iterator<_Tp, _Ref, _Ptr>&) [with _Tp = State; _Ref = State&; _Ptr = State*]	16	static
C:\ST\STM32CubeIDE_1.16.1\STM32CubeIDE\plugins\com.st.stm32cube.ide.mcu.externaltools.gnu-tools-for-stm32.12.3.rel1.win32_1.0.200.202406191623\tools\bin/../lib/gcc/arm-none-eabi/12.3.1/../../../../arm-none-eabi/include/c++/12.3.1/bits/stl_deque.h:2087:7:void std::deque<_Tp, _Alloc>::_M_destroy_data(iterator, iterator, const std::allocator<_Tp1>&) [with _Tp = State; _Alloc = std::allocator<State>]	56	static
C:\ST\STM32CubeIDE_1.16.1\STM32CubeIDE\plugins\com.st.stm32cube.ide.mcu.externaltools.gnu-tools-for-stm32.12.3.rel1.win32_1.0.200.202406191623\tools\bin/../lib/gcc/arm-none-eabi/12.3.1/../../../../arm-none-eabi/include/c++/12.3.1/bits/stl_deque.h:1347:7:bool std::deque<_Tp, _Alloc>::empty() const [with _Tp = State; _Alloc = std::allocator<State>]	16	static
C:\ST\STM32CubeIDE_1.16.1\STM32CubeIDE\plugins\com.st.stm32cube.ide.mcu.externaltools.gnu-tools-for-stm32.12.3.rel1.win32_1.0.200.202406191623\tools\bin/../lib/gcc/arm-none-eabi/12.3.1/../../../../arm-none-eabi/include/c++/12.3.1/bits/stl_deque.h:1574:7:void std::deque<_Tp, _Alloc>::pop_front() [with _Tp = State; _Alloc = std::allocator<State>]	16	static
C:\ST\STM32CubeIDE_1.16.1\STM32CubeIDE\plugins\com.st.stm32cube.ide.mcu.externaltools.gnu-tools-for-stm32.12.3.rel1.win32_1.0.200.202406191623\tools\bin/../lib/gcc/arm-none-eabi/12.3.1/../../../../arm-none-eabi/include/c++/12.3.1/bits/stl_deque.h:1444:7:std::deque<_Tp, _Alloc>::reference std::deque<_Tp, _Alloc>::front() [with _Tp = State; _Alloc = std::allocator<State>]	32	static
C:\ST\STM32CubeIDE_1.16.1\STM32CubeIDE\plugins\com.st.stm32cube.ide.mcu.externaltools.gnu-tools-for-stm32.12.3.rel1.win32_1.0.200.202406191623\tools\bin/../lib/gcc/arm-none-eabi/12.3.1/../../../../arm-none-eabi/include/c++/12.3.1/bits/unique_ptr.h:191:18:std::__uniq_ptr_impl<_Tp, _Dp>::pointer std::__uniq_ptr_impl<_Tp, _Dp>::_M_ptr() const [with _Tp = FrameBuffer; _Dp = FreeRTOSDeleter]	16	static
C:\ST\STM32CubeIDE_1.16.1\STM32CubeIDE\plugins\com.st.stm32cube.ide.mcu.externaltools.gnu-tools-for-stm32.12.3.rel1.win32_1.0.200.202406191623\tools\bin/../lib/gcc/arm-none-eabi/12.3.1/../../../../arm-none-eabi/include/c++/12.3.1/bits/unique_ptr.h:189:18:std::__uniq_ptr_impl<_Tp, _Dp>::pointer& std::__uniq_ptr_impl<_Tp, _Dp>::_M_ptr() [with _Tp = FrameBuffer; _Dp = FreeRTOSDeleter]	16	static
C:\ST\STM32CubeIDE_1.16.1\STM32CubeIDE\plugins\com.st.stm32cube.ide.mcu.externaltools.gnu-tools-for-stm32.12.3.rel1.win32_1.0.200.202406191623\tools\bin/../lib/gcc/arm-none-eabi/12.3.1/../../../../arm-none-eabi/include/c++/12.3.1/bits/unique_ptr.h:193:18:_Dp& std::__uniq_ptr_impl<_Tp, _Dp>::_M_deleter() [with _Tp = FrameBuffer; _Dp = FreeRTOSDeleter]	16	static
C:\ST\STM32CubeIDE_1.16.1\STM32CubeIDE\plugins\com.st.stm32cube.ide.mcu.externaltools.gnu-tools-for-stm32.12.3.rel1.win32_1.0.200.202406191623\tools\bin/../lib/gcc/arm-none-eabi/12.3.1/../../../../arm-none-eabi/include/c++/12.3.1/tuple:1386:5:>&) [with unsigned int __i = 0; _Elements = {unsigned char*, FreeRTOSDeleter}]	16	static
C:\ST\STM32CubeIDE_1.16.1\STM32CubeIDE\plugins\com.st.stm32cube.ide.mcu.externaltools.gnu-tools-for-stm32.12.3.rel1.win32_1.0.200.202406191623\tools\bin/../lib/gcc/arm-none-eabi/12.3.1/../../../../arm-none-eabi/include/c++/12.3.1/bits/stl_deque.h:545:2:std::_Deque_base<_Tp, _Alloc>::_Deque_impl::_Deque_impl() [with _Tp = State; _Alloc = std::allocator<State>]	16	static
C:\ST\STM32CubeIDE_1.16.1\STM32CubeIDE\plugins\com.st.stm32cube.ide.mcu.externaltools.gnu-tools-for-stm32.12.3.rel1.win32_1.0.200.202406191623\tools\bin/../lib/gcc/arm-none-eabi/12.3.1/../../../../arm-none-eabi/include/c++/12.3.1/bits/allocator.h:174:7:std::allocator< <template-parameter-1-1> >::~allocator() [with _Tp = State]	16	static
C:\ST\STM32CubeIDE_1.16.1\STM32CubeIDE\plugins\com.st.stm32cube.ide.mcu.externaltools.gnu-tools-for-stm32.12.3.rel1.win32_1.0.200.202406191623\tools\bin/../lib/gcc/arm-none-eabi/12.3.1/../../../../arm-none-eabi/include/c++/12.3.1/bits/stl_deque.h:638:5:void std::_Deque_base<_Tp, _Alloc>::_M_initialize_map(std::size_t) [with _Tp = State; _Alloc = std::allocator<State>]	48	static
C:\ST\STM32CubeIDE_1.16.1\STM32CubeIDE\plugins\com.st.stm32cube.ide.mcu.externaltools.gnu-tools-for-stm32.12.3.rel1.win32_1.0.200.202406191623\tools\bin/../lib/gcc/arm-none-eabi/12.3.1/../../../../arm-none-eabi/include/c++/12.3.1/bits/stl_deque.h:695:5:void std::_Deque_base<_Tp, _Alloc>::_M_destroy_nodes(_Map_pointer, _Map_pointer) [with _Tp = State; _Alloc = std::allocator<State>]	32	static
C:\ST\STM32CubeIDE_1.16.1\STM32CubeIDE\plugins\com.st.stm32cube.ide.mcu.externaltools.gnu-tools-for-stm32.12.3.rel1.win32_1.0.200.202406191623\tools\bin/../lib/gcc/arm-none-eabi/12.3.1/../../../../arm-none-eabi/include/c++/12.3.1/bits/stl_deque.h:601:7:void std::_Deque_base<_Tp, _Alloc>::_M_deallocate_map(_Map_pointer, std::size_t) [with _Tp = State; _Alloc = std::allocator<State>]	32	static
C:\ST\STM32CubeIDE_1.16.1\STM32CubeIDE\plugins\com.st.stm32cube.ide.mcu.externaltools.gnu-tools-for-stm32.12.3.rel1.win32_1.0.200.202406191623\tools\bin/../lib/gcc/arm-none-eabi/12.3.1/../../../../arm-none-eabi/include/c++/12.3.1/bits/stl_deque.h:272:7:bool std::operator==(const _Deque_iterator<State, State&, State*>::_Self&, const _Deque_iterator<State, State&, State*>::_Self&)	16	static
C:\ST\STM32CubeIDE_1.16.1\STM32CubeIDE\plugins\com.st.stm32cube.ide.mcu.externaltools.gnu-tools-for-stm32.12.3.rel1.win32_1.0.200.202406191623\tools\arm-none-eabi\include\c++\12.3.1\bits\alloc_traits.h:531:2:static void std::allocator_traits<std::allocator<_Tp1> >::destroy(allocator_type&, _Up*) [with _Up = State; _Tp = State]	16	static
C:\ST\STM32CubeIDE_1.16.1\STM32CubeIDE\plugins\com.st.stm32cube.ide.mcu.externaltools.gnu-tools-for-stm32.12.3.rel1.win32_1.0.200.202406191623\tools\bin/../lib/gcc/arm-none-eabi/12.3.1/../../../../arm-none-eabi/include/c++/12.3.1/bits/deque.tcc:576:10:void std::deque<_Tp, _Alloc>::_M_pop_front_aux() [with _Tp = State; _Alloc = std::allocator<State>]	16	static
C:\ST\STM32CubeIDE_1.16.1\STM32CubeIDE\plugins\com.st.stm32cube.ide.mcu.externaltools.gnu-tools-for-stm32.12.3.rel1.win32_1.0.200.202406191623\tools\bin/../lib/gcc/arm-none-eabi/12.3.1/../../../../arm-none-eabi/include/c++/12.3.1/bits/stl_deque.h:181:7:std::_Deque_iterator<_Tp, _Ref, _Ptr>::reference std::_Deque_iterator<_Tp, _Ref, _Ptr>::operator*() const [with _Tp = State; _Ref = State&; _Ptr = State*]	16	static
C:\ST\STM32CubeIDE_1.16.1\STM32CubeIDE\plugins\com.st.stm32cube.ide.mcu.externaltools.gnu-tools-for-stm32.12.3.rel1.win32_1.0.200.202406191623\tools\bin/../lib/gcc/arm-none-eabi/12.3.1/../../../../arm-none-eabi/include/c++/12.3.1/tuple:1386:5:>&) [with unsigned int __i = 0; _Elements = {FrameBuffer*, FreeRTOSDeleter}]	16	static
C:\ST\STM32CubeIDE_1.16.1\STM32CubeIDE\plugins\com.st.stm32cube.ide.mcu.externaltools.gnu-tools-for-stm32.12.3.rel1.win32_1.0.200.202406191623\tools\bin/../lib/gcc/arm-none-eabi/12.3.1/../../../../arm-none-eabi/include/c++/12.3.1/tuple:1380:5:>&) [with unsigned int __i = 0; _Elements = {FrameBuffer*, FreeRTOSDeleter}]	16	static
C:\ST\STM32CubeIDE_1.16.1\STM32CubeIDE\plugins\com.st.stm32cube.ide.mcu.externaltools.gnu-tools-for-stm32.12.3.rel1.win32_1.0.200.202406191623\tools\bin/../lib/gcc/arm-none-eabi/12.3.1/../../../../arm-none-eabi/include/c++/12.3.1/tuple:1380:5:>&) [with unsigned int __i = 1; _Elements = {FrameBuffer*, FreeRTOSDeleter}]	16	static
C:\ST\STM32CubeIDE_1.16.1\STM32CubeIDE\plugins\com.st.stm32cube.ide.mcu.externaltools.gnu-tools-for-stm32.12.3.rel1.win32_1.0.200.202406191623\tools\bin/../lib/gcc/arm-none-eabi/12.3.1/../../../../arm-none-eabi/include/c++/12.3.1/tuple:1369:5:>&) [with unsigned int __i = 0; _Head = unsigned char*; _Tail = {FreeRTOSDeleter}]	16	static
C:\ST\STM32CubeIDE_1.16.1\STM32CubeIDE\plugins\com.st.stm32cube.ide.mcu.externaltools.gnu-tools-for-stm32.12.3.rel1.win32_1.0.200.202406191623\tools\bin/../lib/gcc/arm-none-eabi/12.3.1/../../../../arm-none-eabi/include/c++/12.3.1/bits/allocator.h:156:7:std::allocator< <template-parameter-1-1> >::allocator() [with _Tp = State]	16	static
C:\ST\STM32CubeIDE_1.16.1\STM32CubeIDE\plugins\com.st.stm32cube.ide.mcu.externaltools.gnu-tools-for-stm32.12.3.rel1.win32_1.0.200.202406191623\tools\bin/../lib/gcc/arm-none-eabi/12.3.1/../../../../arm-none-eabi/include/c++/12.3.1/bits/stl_deque.h:516:2:std::_Deque_base<_Tp, _Alloc>::_Deque_impl_data::_Deque_impl_data() [with _Tp = State; _Alloc = std::allocator<State>]	16	static
C:\ST\STM32CubeIDE_1.16.1\STM32CubeIDE\plugins\com.st.stm32cube.ide.mcu.externaltools.gnu-tools-for-stm32.12.3.rel1.win32_1.0.200.202406191623\tools\arm-none-eabi\include\c++\12.3.1\bits\new_allocator.h:90:7:std::__new_allocator<_Tp>::~__new_allocator() [with _Tp = State]	16	static
C:\ST\STM32CubeIDE_1.16.1\STM32CubeIDE\plugins\com.st.stm32cube.ide.mcu.externaltools.gnu-tools-for-stm32.12.3.rel1.win32_1.0.200.202406191623\tools\arm-none-eabi\include\c++\12.3.1\bits\stl_algobase.h:254:5:constexpr const _Tp& std::max(const _Tp&, const _Tp&) [with _Tp = unsigned int]	16	static
C:\ST\STM32CubeIDE_1.16.1\STM32CubeIDE\plugins\com.st.stm32cube.ide.mcu.externaltools.gnu-tools-for-stm32.12.3.rel1.win32_1.0.200.202406191623\tools\bin/../lib/gcc/arm-none-eabi/12.3.1/../../../../arm-none-eabi/include/c++/12.3.1/bits/stl_deque.h:594:7:std::_Deque_base<_Tp, _Alloc>::_Map_pointer std::_Deque_base<_Tp, _Alloc>::_M_allocate_map(std::size_t) [with _Tp = State; _Alloc = std::allocator<State>]	32	static
C:\ST\STM32CubeIDE_1.16.1\STM32CubeIDE\plugins\com.st.stm32cube.ide.mcu.externaltools.gnu-tools-for-stm32.12.3.rel1.win32_1.0.200.202406191623\tools\bin/../lib/gcc/arm-none-eabi/12.3.1/../../../../arm-none-eabi/include/c++/12.3.1/bits/stl_deque.h:677:5:void std::_Deque_base<_Tp, _Alloc>::_M_create_nodes(_Map_pointer, _Map_pointer) [with _Tp = State; _Alloc = std::allocator<State>]	32	static
C:\ST\STM32CubeIDE_1.16.1\STM32CubeIDE\plugins\com.st.stm32cube.ide.mcu.externaltools.gnu-tools-for-stm32.12.3.rel1.win32_1.0.200.202406191623\tools\bin/../lib/gcc/arm-none-eabi/12.3.1/../../../../arm-none-eabi/include/c++/12.3.1/bits/stl_deque.h:263:7:void std::_Deque_iterator<_Tp, _Ref, _Ptr>::_M_set_node(_Map_pointer) [with _Tp = State; _Ref = State&; _Ptr = State*]	24	static
C:\ST\STM32CubeIDE_1.16.1\STM32CubeIDE\plugins\com.st.stm32cube.ide.mcu.externaltools.gnu-tools-for-stm32.12.3.rel1.win32_1.0.200.202406191623\tools\bin/../lib/gcc/arm-none-eabi/12.3.1/../../../../arm-none-eabi/include/c++/12.3.1/bits/stl_deque.h:587:7:void std::_Deque_base<_Tp, _Alloc>::_M_deallocate_node(_Ptr) [with _Tp = State; _Alloc = std::allocator<State>]	24	static
C:\ST\STM32CubeIDE_1.16.1\STM32CubeIDE\plugins\com.st.stm32cube.ide.mcu.externaltools.gnu-tools-for-stm32.12.3.rel1.win32_1.0.200.202406191623\tools\bin/../lib/gcc/arm-none-eabi/12.3.1/../../../../arm-none-eabi/include/c++/12.3.1/bits/stl_deque.h:576:7:std::_Deque_base<_Tp, _Alloc>::_Map_alloc_type std::_Deque_base<_Tp, _Alloc>::_M_get_map_allocator() const [with _Tp = State; _Alloc = std::allocator<State>]	16	static
C:\ST\STM32CubeIDE_1.16.1\STM32CubeIDE\plugins\com.st.stm32cube.ide.mcu.externaltools.gnu-tools-for-stm32.12.3.rel1.win32_1.0.200.202406191623\tools\bin/../lib/gcc/arm-none-eabi/12.3.1/../../../../arm-none-eabi/include/c++/12.3.1/bits/allocator.h:174:7:std::allocator< <template-parameter-1-1> >::~allocator() [with _Tp = State*]	16	static
C:\ST\STM32CubeIDE_1.16.1\STM32CubeIDE\plugins\com.st.stm32cube.ide.mcu.externaltools.gnu-tools-for-stm32.12.3.rel1.win32_1.0.200.202406191623\tools\arm-none-eabi\include\c++\12.3.1\bits\alloc_traits.h:495:7:static void std::allocator_traits<std::allocator<_Tp1> >::deallocate(allocator_type&, pointer, size_type) [with _Tp = State*]	24	static
C:\ST\STM32CubeIDE_1.16.1\STM32CubeIDE\plugins\com.st.stm32cube.ide.mcu.externaltools.gnu-tools-for-stm32.12.3.rel1.win32_1.0.200.202406191623\tools\arm-none-eabi\include\c++\12.3.1\bits\new_allocator.h:179:2:void std::__new_allocator<_Tp>::destroy(_Up*) [with _Up = State; _Tp = State]	16	static
C:\ST\STM32CubeIDE_1.16.1\STM32CubeIDE\plugins\com.st.stm32cube.ide.mcu.externaltools.gnu-tools-for-stm32.12.3.rel1.win32_1.0.200.202406191623\tools\bin/../lib/gcc/arm-none-eabi/12.3.1/../../../../arm-none-eabi/include/c++/12.3.1/tuple:1369:5:>&) [with unsigned int __i = 0; _Head = FrameBuffer*; _Tail = {FreeRTOSDeleter}]	16	static
C:\ST\STM32CubeIDE_1.16.1\STM32CubeIDE\plugins\com.st.stm32cube.ide.mcu.externaltools.gnu-tools-for-stm32.12.3.rel1.win32_1.0.200.202406191623\tools\bin/../lib/gcc/arm-none-eabi/12.3.1/../../../../arm-none-eabi/include/c++/12.3.1/tuple:1364:5:>&) [with unsigned int __i = 0; _Head = FrameBuffer*; _Tail = {FreeRTOSDeleter}]	16	static
C:\ST\STM32CubeIDE_1.16.1\STM32CubeIDE\plugins\com.st.stm32cube.ide.mcu.externaltools.gnu-tools-for-stm32.12.3.rel1.win32_1.0.200.202406191623\tools\bin/../lib/gcc/arm-none-eabi/12.3.1/../../../../arm-none-eabi/include/c++/12.3.1/tuple:1364:5:>&) [with unsigned int __i = 1; _Head = FreeRTOSDeleter; _Tail = {}]	16	static
C:\ST\STM32CubeIDE_1.16.1\STM32CubeIDE\plugins\com.st.stm32cube.ide.mcu.externaltools.gnu-tools-for-stm32.12.3.rel1.win32_1.0.200.202406191623\tools\bin/../lib/gcc/arm-none-eabi/12.3.1/../../../../arm-none-eabi/include/c++/12.3.1/tuple:271:7:>&) [with unsigned int _Idx = 0; _Head = unsigned char*; _Tail = {FreeRTOSDeleter}]	16	static
C:\ST\STM32CubeIDE_1.16.1\STM32CubeIDE\plugins\com.st.stm32cube.ide.mcu.externaltools.gnu-tools-for-stm32.12.3.rel1.win32_1.0.200.202406191623\tools\arm-none-eabi\include\c++\12.3.1\bits\new_allocator.h:80:7:std::__new_allocator<_Tp>::__new_allocator() [with _Tp = State]	16	static
C:\ST\STM32CubeIDE_1.16.1\STM32CubeIDE\plugins\com.st.stm32cube.ide.mcu.externaltools.gnu-tools-for-stm32.12.3.rel1.win32_1.0.200.202406191623\tools\bin/../lib/gcc/arm-none-eabi/12.3.1/../../../../arm-none-eabi/include/c++/12.3.1/bits/stl_deque.h:151:7:std::_Deque_iterator<_Tp, _Ref, _Ptr>::_Deque_iterator() [with _Tp = State; _Ref = State&; _Ptr = State*]	16	static
C:\ST\STM32CubeIDE_1.16.1\STM32CubeIDE\plugins\com.st.stm32cube.ide.mcu.externaltools.gnu-tools-for-stm32.12.3.rel1.win32_1.0.200.202406191623\tools\arm-none-eabi\include\c++\12.3.1\bits\alloc_traits.h:463:7:static _Tp* std::allocator_traits<std::allocator<_Tp1> >::allocate(allocator_type&, size_type) [with _Tp = State*]	16	static
C:\ST\STM32CubeIDE_1.16.1\STM32CubeIDE\plugins\com.st.stm32cube.ide.mcu.externaltools.gnu-tools-for-stm32.12.3.rel1.win32_1.0.200.202406191623\tools\bin/../lib/gcc/arm-none-eabi/12.3.1/../../../../arm-none-eabi/include/c++/12.3.1/bits/stl_deque.h:580:7:std::_Deque_base<_Tp, _Alloc>::_Ptr std::_Deque_base<_Tp, _Alloc>::_M_allocate_node() [with _Tp = State; _Alloc = std::allocator<State>]	24	static
C:\ST\STM32CubeIDE_1.16.1\STM32CubeIDE\plugins\com.st.stm32cube.ide.mcu.externaltools.gnu-tools-for-stm32.12.3.rel1.win32_1.0.200.202406191623\tools\bin/../lib/gcc/arm-none-eabi/12.3.1/../../../../arm-none-eabi/include/c++/12.3.1/bits/stl_deque.h:131:21:static std::size_t std::_Deque_iterator<_Tp, _Ref, _Ptr>::_S_buffer_size() [with _Tp = State; _Ref = State&; _Ptr = State*]	8	static
C:\ST\STM32CubeIDE_1.16.1\STM32CubeIDE\plugins\com.st.stm32cube.ide.mcu.externaltools.gnu-tools-for-stm32.12.3.rel1.win32_1.0.200.202406191623\tools\arm-none-eabi\include\c++\12.3.1\bits\alloc_traits.h:495:7:static void std::allocator_traits<std::allocator<_Tp1> >::deallocate(allocator_type&, pointer, size_type) [with _Tp = State]	24	static
C:\ST\STM32CubeIDE_1.16.1\STM32CubeIDE\plugins\com.st.stm32cube.ide.mcu.externaltools.gnu-tools-for-stm32.12.3.rel1.win32_1.0.200.202406191623\tools\bin/../lib/gcc/arm-none-eabi/12.3.1/../../../../arm-none-eabi/include/c++/12.3.1/bits/stl_deque.h:572:7:const std::_Deque_base<_Tp, _Alloc>::_Tp_alloc_type& std::_Deque_base<_Tp, _Alloc>::_M_get_Tp_allocator() const [with _Tp = State; _Alloc = std::allocator<State>]	16	static
C:\ST\STM32CubeIDE_1.16.1\STM32CubeIDE\plugins\com.st.stm32cube.ide.mcu.externaltools.gnu-tools-for-stm32.12.3.rel1.win32_1.0.200.202406191623\tools\bin/../lib/gcc/arm-none-eabi/12.3.1/../../../../arm-none-eabi/include/c++/12.3.1/bits/allocator.h:169:2:std::allocator< <template-parameter-1-1> >::allocator(const std::allocator<_Tp1>&) [with _Tp1 = State; _Tp = State*]	16	static
C:\ST\STM32CubeIDE_1.16.1\STM32CubeIDE\plugins\com.st.stm32cube.ide.mcu.externaltools.gnu-tools-for-stm32.12.3.rel1.win32_1.0.200.202406191623\tools\arm-none-eabi\include\c++\12.3.1\bits\new_allocator.h:90:7:std::__new_allocator<_Tp>::~__new_allocator() [with _Tp = State*]	16	static
C:\ST\STM32CubeIDE_1.16.1\STM32CubeIDE\plugins\com.st.stm32cube.ide.mcu.externaltools.gnu-tools-for-stm32.12.3.rel1.win32_1.0.200.202406191623\tools\arm-none-eabi\include\c++\12.3.1\bits\new_allocator.h:142:7:void std::__new_allocator<_Tp>::deallocate(_Tp*, size_type) [with _Tp = State*]	24	static
C:\ST\STM32CubeIDE_1.16.1\STM32CubeIDE\plugins\com.st.stm32cube.ide.mcu.externaltools.gnu-tools-for-stm32.12.3.rel1.win32_1.0.200.202406191623\tools\bin/../lib/gcc/arm-none-eabi/12.3.1/../../../../arm-none-eabi/include/c++/12.3.1/tuple:271:7:>&) [with unsigned int _Idx = 0; _Head = FrameBuffer*; _Tail = {FreeRTOSDeleter}]	16	static
C:\ST\STM32CubeIDE_1.16.1\STM32CubeIDE\plugins\com.st.stm32cube.ide.mcu.externaltools.gnu-tools-for-stm32.12.3.rel1.win32_1.0.200.202406191623\tools\bin/../lib/gcc/arm-none-eabi/12.3.1/../../../../arm-none-eabi/include/c++/12.3.1/tuple:268:7:>&) [with unsigned int _Idx = 0; _Head = FrameBuffer*; _Tail = {FreeRTOSDeleter}]	16	static
C:\ST\STM32CubeIDE_1.16.1\STM32CubeIDE\plugins\com.st.stm32cube.ide.mcu.externaltools.gnu-tools-for-stm32.12.3.rel1.win32_1.0.200.202406191623\tools\bin/../lib/gcc/arm-none-eabi/12.3.1/../../../../arm-none-eabi/include/c++/12.3.1/tuple:424:7:static constexpr _Head& std::_Tuple_impl<_Idx, _Head>::_M_head(std::_Tuple_impl<_Idx, _Head>&) [with unsigned int _Idx = 1; _Head = FreeRTOSDeleter]	16	static
C:\ST\STM32CubeIDE_1.16.1\STM32CubeIDE\plugins\com.st.stm32cube.ide.mcu.externaltools.gnu-tools-for-stm32.12.3.rel1.win32_1.0.200.202406191623\tools\bin/../lib/gcc/arm-none-eabi/12.3.1/../../../../arm-none-eabi/include/c++/12.3.1/tuple:236:7:static constexpr const _Head& std::_Head_base<_Idx, _Head, false>::_M_head(const std::_Head_base<_Idx, _Head, false>&) [with unsigned int _Idx = 0; _Head = unsigned char*]	16	static
C:\ST\STM32CubeIDE_1.16.1\STM32CubeIDE\plugins\com.st.stm32cube.ide.mcu.externaltools.gnu-tools-for-stm32.12.3.rel1.win32_1.0.200.202406191623\tools\arm-none-eabi\include\c++\12.3.1\bits\new_allocator.h:112:7:_Tp* std::__new_allocator<_Tp>::allocate(size_type, const void*) [with _Tp = State*]	24	static
C:\ST\STM32CubeIDE_1.16.1\STM32CubeIDE\plugins\com.st.stm32cube.ide.mcu.externaltools.gnu-tools-for-stm32.12.3.rel1.win32_1.0.200.202406191623\tools\arm-none-eabi\include\c++\12.3.1\bits\alloc_traits.h:463:7:static _Tp* std::allocator_traits<std::allocator<_Tp1> >::allocate(allocator_type&, size_type) [with _Tp = State]	16	static
C:\ST\STM32CubeIDE_1.16.1\STM32CubeIDE\plugins\com.st.stm32cube.ide.mcu.externaltools.gnu-tools-for-stm32.12.3.rel1.win32_1.0.200.202406191623\tools\arm-none-eabi\include\c++\12.3.1\bits\new_allocator.h:142:7:void std::__new_allocator<_Tp>::deallocate(_Tp*, size_type) [with _Tp = State]	24	static
C:\ST\STM32CubeIDE_1.16.1\STM32CubeIDE\plugins\com.st.stm32cube.ide.mcu.externaltools.gnu-tools-for-stm32.12.3.rel1.win32_1.0.200.202406191623\tools\arm-none-eabi\include\c++\12.3.1\bits\new_allocator.h:80:7:std::__new_allocator<_Tp>::__new_allocator() [with _Tp = State*]	16	static
C:\ST\STM32CubeIDE_1.16.1\STM32CubeIDE\plugins\com.st.stm32cube.ide.mcu.externaltools.gnu-tools-for-stm32.12.3.rel1.win32_1.0.200.202406191623\tools\bin/../lib/gcc/arm-none-eabi/12.3.1/../../../../arm-none-eabi/include/c++/12.3.1/tuple:236:7:static constexpr const _Head& std::_Head_base<_Idx, _Head, false>::_M_head(const std::_Head_base<_Idx, _Head, false>&) [with unsigned int _Idx = 0; _Head = FrameBuffer*]	16	static
C:\ST\STM32CubeIDE_1.16.1\STM32CubeIDE\plugins\com.st.stm32cube.ide.mcu.externaltools.gnu-tools-for-stm32.12.3.rel1.win32_1.0.200.202406191623\tools\bin/../lib/gcc/arm-none-eabi/12.3.1/../../../../arm-none-eabi/include/c++/12.3.1/tuple:233:7:static constexpr _Head& std::_Head_base<_Idx, _Head, false>::_M_head(std::_Head_base<_Idx, _Head, false>&) [with unsigned int _Idx = 0; _Head = FrameBuffer*]	16	static
C:\ST\STM32CubeIDE_1.16.1\STM32CubeIDE\plugins\com.st.stm32cube.ide.mcu.externaltools.gnu-tools-for-stm32.12.3.rel1.win32_1.0.200.202406191623\tools\bin/../lib/gcc/arm-none-eabi/12.3.1/../../../../arm-none-eabi/include/c++/12.3.1/tuple:124:7:static constexpr _Head& std::_Head_base<_Idx, _Head, true>::_M_head(std::_Head_base<_Idx, _Head, true>&) [with unsigned int _Idx = 1; _Head = FreeRTOSDeleter]	16	static
C:\ST\STM32CubeIDE_1.16.1\STM32CubeIDE\plugins\com.st.stm32cube.ide.mcu.externaltools.gnu-tools-for-stm32.12.3.rel1.win32_1.0.200.202406191623\tools\arm-none-eabi\include\c++\12.3.1\bits\new_allocator.h:210:7:constexpr std::__new_allocator<_Tp>::size_type std::__new_allocator<_Tp>::_M_max_size() const [with _Tp = State*]	16	static
C:\ST\STM32CubeIDE_1.16.1\STM32CubeIDE\plugins\com.st.stm32cube.ide.mcu.externaltools.gnu-tools-for-stm32.12.3.rel1.win32_1.0.200.202406191623\tools\arm-none-eabi\include\c++\12.3.1\bits\new_allocator.h:112:7:_Tp* std::__new_allocator<_Tp>::allocate(size_type, const void*) [with _Tp = State]	24	static
C:\ST\STM32CubeIDE_1.16.1\STM32CubeIDE\plugins\com.st.stm32cube.ide.mcu.externaltools.gnu-tools-for-stm32.12.3.rel1.win32_1.0.200.202406191623\tools\arm-none-eabi\include\c++\12.3.1\bits\new_allocator.h:210:7:constexpr std::__new_allocator<_Tp>::size_type std::__new_allocator<_Tp>::_M_max_size() const [with _Tp = State]	16	static
../Core/Inc/DrawText.hpp:59:7:HighlightableDrawText::~HighlightableDrawText()	16	static
../Core/Inc/DrawText.hpp:59:7:virtual HighlightableDrawText::~HighlightableDrawText()	16	static
../Core/Inc/BitMap.hpp:13:7:BitMap::~BitMap()	16	static
../Core/Inc/BitMap.hpp:13:7:virtual BitMap::~BitMap()	16	static
../Core/Inc/Rectangle.h:101:7:HighLightOnInteractRectangle::~HighLightOnInteractRectangle()	16	static
../Core/Inc/Rectangle.h:101:7:virtual HighLightOnInteractRectangle::~HighLightOnInteractRectangle()	16	static
../Core/Inc/Container.h:16:7:Container::~Container()	16	static
../Core/Inc/Container.h:16:7:virtual Container::~Container()	16	static
../Core/Src/EPD_test.cpp:49:3:SetPointContainer::~SetPointContainer()	16	static
../Core/Src/EPD_test.cpp:1450:1:void __static_initialization_and_destruction_0(int, int)	56	static
../Core/Src/EPD_test.cpp:1450:1:cpp)	8	static
../Core/Src/EPD_test.cpp:1450:1:cpp)	8	static
