C:\ST\STM32CubeIDE_1.16.1\STM32CubeIDE\plugins\com.st.stm32cube.ide.mcu.externaltools.gnu-tools-for-stm32.12.3.rel1.win32_1.0.200.202406191623\tools\arm-none-eabi\include\c++\12.3.1\arm-none-eabi\thumb\v7e-m+fp\hard\bits\gthr-default.h:229:1:int __gthread_key_delete(__gthread_key_t)	16	static
../Core/Src/FreeRTOSMemory.cpp:10:43:std::unique_ptr<unsigned char [], FreeRTOSDeleter> make_unique_freertos_array(size_t)	16	static
C:\ST\STM32CubeIDE_1.16.1\STM32CubeIDE\plugins\com.st.stm32cube.ide.mcu.externaltools.gnu-tools-for-stm32.12.3.rel1.win32_1.0.200.202406191623\tools\bin/../lib/gcc/arm-none-eabi/12.3.1/../../../../arm-none-eabi/include/c++/12.3.1/bits/unique_ptr.h:233:40:std::__uniq_ptr_data<unsigned char, FreeRTOSDeleter, true, true>::__uniq_ptr_data(std::__uniq_ptr_impl<unsigned char, FreeRTOSDeleter>::pointer) [inherited from std::__uniq_ptr_impl<unsigned char, FreeRTOSDeleter>]	16	static
C:\ST\STM32CubeIDE_1.16.1\STM32CubeIDE\plugins\com.st.stm32cube.ide.mcu.externaltools.gnu-tools-for-stm32.12.3.rel1.win32_1.0.200.202406191623\tools\bin/../lib/gcc/arm-none-eabi/12.3.1/../../../../arm-none-eabi/include/c++/12.3.1/bits/unique_ptr.h:598:2:std::unique_ptr<_Tp [], _Dp>::unique_ptr(_Up) [with _Up = unsigned char*; _Vp = FreeRTOSDeleter; <template-parameter-2-3> = void; <template-parameter-2-4> = bool; _Tp = unsigned char; _Dp = FreeRTOSDeleter]	16	static
C:\ST\STM32CubeIDE_1.16.1\STM32CubeIDE\plugins\com.st.stm32cube.ide.mcu.externaltools.gnu-tools-for-stm32.12.3.rel1.win32_1.0.200.202406191623\tools\bin/../lib/gcc/arm-none-eabi/12.3.1/../../../../arm-none-eabi/include/c++/12.3.1/bits/unique_ptr.h:168:7:std::__uniq_ptr_impl<_Tp, _Dp>::__uniq_ptr_impl(pointer) [with _Tp = unsigned char; _Dp = FreeRTOSDeleter]	16	static
C:\ST\STM32CubeIDE_1.16.1\STM32CubeIDE\plugins\com.st.stm32cube.ide.mcu.externaltools.gnu-tools-for-stm32.12.3.rel1.win32_1.0.200.202406191623\tools\bin/../lib/gcc/arm-none-eabi/12.3.1/../../../../arm-none-eabi/include/c++/12.3.1/bits/unique_ptr.h:189:18:std::__uniq_ptr_impl<_Tp, _Dp>::pointer& std::__uniq_ptr_impl<_Tp, _Dp>::_M_ptr() [with _Tp = unsigned char; _Dp = FreeRTOSDeleter]	16	static
C:\ST\STM32CubeIDE_1.16.1\STM32CubeIDE\plugins\com.st.stm32cube.ide.mcu.externaltools.gnu-tools-for-stm32.12.3.rel1.win32_1.0.200.202406191623\tools\bin/../lib/gcc/arm-none-eabi/12.3.1/../../../../arm-none-eabi/include/c++/12.3.1/tuple:1049:2:constexpr std::tuple<_T1, _T2>::tuple() [with bool _Dummy = true; typename std::enable_if<std::_TupleConstraints<_Dummy, _T1, _T2>::__is_implicitly_default_constructible(), bool>::type <anonymous> = true; _T1 = unsigned char*; _T2 = FreeRTOSDeleter]	16	static
C:\ST\STM32CubeIDE_1.16.1\STM32CubeIDE\plugins\com.st.stm32cube.ide.mcu.externaltools.gnu-tools-for-stm32.12.3.rel1.win32_1.0.200.202406191623\tools\bin/../lib/gcc/arm-none-eabi/12.3.1/../../../../arm-none-eabi/include/c++/12.3.1/tuple:1380:5:>&) [with unsigned int __i = 0; _Elements = {unsigned char*, FreeRTOSDeleter}]	16	static
C:\ST\STM32CubeIDE_1.16.1\STM32CubeIDE\plugins\com.st.stm32cube.ide.mcu.externaltools.gnu-tools-for-stm32.12.3.rel1.win32_1.0.200.202406191623\tools\bin/../lib/gcc/arm-none-eabi/12.3.1/../../../../arm-none-eabi/include/c++/12.3.1/tuple:279:17:>::_Tuple_impl() [with unsigned int _Idx = 0; _Head = unsigned char*; _Tail = {FreeRTOSDeleter}]	16	static
C:\ST\STM32CubeIDE_1.16.1\STM32CubeIDE\plugins\com.st.stm32cube.ide.mcu.externaltools.gnu-tools-for-stm32.12.3.rel1.win32_1.0.200.202406191623\tools\bin/../lib/gcc/arm-none-eabi/12.3.1/../../../../arm-none-eabi/include/c++/12.3.1/tuple:1364:5:>&) [with unsigned int __i = 0; _Head = unsigned char*; _Tail = {FreeRTOSDeleter}]	16	static
C:\ST\STM32CubeIDE_1.16.1\STM32CubeIDE\plugins\com.st.stm32cube.ide.mcu.externaltools.gnu-tools-for-stm32.12.3.rel1.win32_1.0.200.202406191623\tools\bin/../lib/gcc/arm-none-eabi/12.3.1/../../../../arm-none-eabi/include/c++/12.3.1/tuple:430:7:constexpr std::_Tuple_impl<_Idx, _Head>::_Tuple_impl() [with unsigned int _Idx = 1; _Head = FreeRTOSDeleter]	16	static
C:\ST\STM32CubeIDE_1.16.1\STM32CubeIDE\plugins\com.st.stm32cube.ide.mcu.externaltools.gnu-tools-for-stm32.12.3.rel1.win32_1.0.200.202406191623\tools\bin/../lib/gcc/arm-none-eabi/12.3.1/../../../../arm-none-eabi/include/c++/12.3.1/tuple:189:17:constexpr std::_Head_base<_Idx, _Head, false>::_Head_base() [with unsigned int _Idx = 0; _Head = unsigned char*]	16	static
C:\ST\STM32CubeIDE_1.16.1\STM32CubeIDE\plugins\com.st.stm32cube.ide.mcu.externaltools.gnu-tools-for-stm32.12.3.rel1.win32_1.0.200.202406191623\tools\bin/../lib/gcc/arm-none-eabi/12.3.1/../../../../arm-none-eabi/include/c++/12.3.1/tuple:268:7:>&) [with unsigned int _Idx = 0; _Head = unsigned char*; _Tail = {FreeRTOSDeleter}]	16	static
C:\ST\STM32CubeIDE_1.16.1\STM32CubeIDE\plugins\com.st.stm32cube.ide.mcu.externaltools.gnu-tools-for-stm32.12.3.rel1.win32_1.0.200.202406191623\tools\bin/../lib/gcc/arm-none-eabi/12.3.1/../../../../arm-none-eabi/include/c++/12.3.1/tuple:80:17:constexpr std::_Head_base<_Idx, _Head, true>::_Head_base() [with unsigned int _Idx = 1; _Head = FreeRTOSDeleter]	16	static
C:\ST\STM32CubeIDE_1.16.1\STM32CubeIDE\plugins\com.st.stm32cube.ide.mcu.externaltools.gnu-tools-for-stm32.12.3.rel1.win32_1.0.200.202406191623\tools\bin/../lib/gcc/arm-none-eabi/12.3.1/../../../../arm-none-eabi/include/c++/12.3.1/tuple:233:7:static constexpr _Head& std::_Head_base<_Idx, _Head, false>::_M_head(std::_Head_base<_Idx, _Head, false>&) [with unsigned int _Idx = 0; _Head = unsigned char*]	16	static
