../Drivers/STM32WBxx_HAL_Driver/Src/stm32wbxx_hal_uart.c:3673:13:UART_EndTxTransfer	0	static,ignoring_inline_asm
../Drivers/STM32WBxx_HAL_Driver/Src/stm32wbxx_hal_uart.c:3689:13:UART_EndRxTransfer	8	static,ignoring_inline_asm
../Drivers/STM32WBxx_HAL_Driver/Src/stm32wbxx_hal_uart.c:4102:13:UART_TxISR_8BIT.part.0	0	static,ignoring_inline_asm
../Drivers/STM32WBxx_HAL_Driver/Src/stm32wbxx_hal_uart.c:4102:13:UART_TxISR_8BIT	0	static
../Drivers/STM32WBxx_HAL_Driver/Src/stm32wbxx_hal_uart.c:4131:13:UART_TxISR_16BIT	0	static
../Drivers/STM32WBxx_HAL_Driver/Src/stm32wbxx_hal_uart.c:4163:13:UART_TxISR_8BIT_FIFOEN	8	static,ignoring_inline_asm
../Drivers/STM32WBxx_HAL_Driver/Src/stm32wbxx_hal_uart.c:4203:13:UART_TxISR_16BIT_FIFOEN	8	static,ignoring_inline_asm
../Drivers/STM32WBxx_HAL_Driver/Src/stm32wbxx_hal_uart.c:689:13:HAL_UART_MspInit	0	static
../Drivers/STM32WBxx_HAL_Driver/Src/stm32wbxx_hal_uart.c:704:13:HAL_UART_MspDeInit	0	static
../Drivers/STM32WBxx_HAL_Driver/Src/stm32wbxx_hal_uart.c:638:19:HAL_UART_DeInit	16	static
../Drivers/STM32WBxx_HAL_Driver/Src/stm32wbxx_hal_uart.c:1301:19:HAL_UART_Transmit_IT	8	static,ignoring_inline_asm
../Drivers/STM32WBxx_HAL_Driver/Src/stm32wbxx_hal_uart.c:1419:19:HAL_UART_Transmit_DMA	24	static,ignoring_inline_asm
../Drivers/STM32WBxx_HAL_Driver/Src/stm32wbxx_hal_uart.c:1534:19:HAL_UART_DMAPause	0	static,ignoring_inline_asm
../Drivers/STM32WBxx_HAL_Driver/Src/stm32wbxx_hal_uart.c:1564:19:HAL_UART_DMAResume	0	static,ignoring_inline_asm
../Drivers/STM32WBxx_HAL_Driver/Src/stm32wbxx_hal_uart.c:1595:19:HAL_UART_DMAStop	16	static,ignoring_inline_asm
../Drivers/STM32WBxx_HAL_Driver/Src/stm32wbxx_hal_uart.c:1670:19:HAL_UART_Abort	8	static,ignoring_inline_asm
../Drivers/STM32WBxx_HAL_Driver/Src/stm32wbxx_hal_uart.c:1773:19:HAL_UART_AbortTransmit	8	static,ignoring_inline_asm
../Drivers/STM32WBxx_HAL_Driver/Src/stm32wbxx_hal_uart.c:1832:19:HAL_UART_AbortReceive	8	static,ignoring_inline_asm
../Drivers/STM32WBxx_HAL_Driver/Src/stm32wbxx_hal_uart.c:2589:13:HAL_UART_TxCpltCallback	0	static
../Drivers/STM32WBxx_HAL_Driver/Src/stm32wbxx_hal_uart.c:3715:13:UART_DMATransmitCplt	8	static,ignoring_inline_asm
../Drivers/STM32WBxx_HAL_Driver/Src/stm32wbxx_hal_uart.c:2604:13:HAL_UART_TxHalfCpltCallback	0	static
../Drivers/STM32WBxx_HAL_Driver/Src/stm32wbxx_hal_uart.c:3749:13:UART_DMATxHalfCplt	8	static
../Drivers/STM32WBxx_HAL_Driver/Src/stm32wbxx_hal_uart.c:2619:13:HAL_UART_RxCpltCallback	0	static
../Drivers/STM32WBxx_HAL_Driver/Src/stm32wbxx_hal_uart.c:2634:13:HAL_UART_RxHalfCpltCallback	0	static
../Drivers/STM32WBxx_HAL_Driver/Src/stm32wbxx_hal_uart.c:2649:13:HAL_UART_ErrorCallback	0	static
../Drivers/STM32WBxx_HAL_Driver/Src/stm32wbxx_hal_uart.c:3866:13:UART_DMAError	16	static
../Drivers/STM32WBxx_HAL_Driver/Src/stm32wbxx_hal_uart.c:3906:13:UART_DMAAbortOnError	8	static
../Drivers/STM32WBxx_HAL_Driver/Src/stm32wbxx_hal_uart.c:2664:13:HAL_UART_AbortCpltCallback	0	static
../Drivers/STM32WBxx_HAL_Driver/Src/stm32wbxx_hal_uart.c:1900:19:HAL_UART_Abort_IT	16	static,ignoring_inline_asm
../Drivers/STM32WBxx_HAL_Driver/Src/stm32wbxx_hal_uart.c:3984:13:UART_DMARxAbortCallback	8	static
../Drivers/STM32WBxx_HAL_Driver/Src/stm32wbxx_hal_uart.c:3929:13:UART_DMATxAbortCallback	8	static
../Drivers/STM32WBxx_HAL_Driver/Src/stm32wbxx_hal_uart.c:2679:13:HAL_UART_AbortTransmitCpltCallback	0	static
../Drivers/STM32WBxx_HAL_Driver/Src/stm32wbxx_hal_uart.c:2053:19:HAL_UART_AbortTransmit_IT	8	static,ignoring_inline_asm
../Drivers/STM32WBxx_HAL_Driver/Src/stm32wbxx_hal_uart.c:4036:13:UART_DMATxOnlyAbortCallback	8	static
../Drivers/STM32WBxx_HAL_Driver/Src/stm32wbxx_hal_uart.c:2694:13:HAL_UART_AbortReceiveCpltCallback	0	static
../Drivers/STM32WBxx_HAL_Driver/Src/stm32wbxx_hal_uart.c:2144:19:HAL_UART_AbortReceive_IT	8	static,ignoring_inline_asm
../Drivers/STM32WBxx_HAL_Driver/Src/stm32wbxx_hal_uart.c:4069:13:UART_DMARxOnlyAbortCallback	8	static
../Drivers/STM32WBxx_HAL_Driver/Src/stm32wbxx_hal_uart.c:2711:13:HAL_UARTEx_RxEventCallback	0	static
../Drivers/STM32WBxx_HAL_Driver/Src/stm32wbxx_hal_uart.c:2237:6:HAL_UART_IRQHandler	24	static,ignoring_inline_asm
../Drivers/STM32WBxx_HAL_Driver/Src/stm32wbxx_hal_uart.c:4269:13:UART_RxISR_8BIT	8	static,ignoring_inline_asm
../Drivers/STM32WBxx_HAL_Driver/Src/stm32wbxx_hal_uart.c:4369:13:UART_RxISR_16BIT	8	static,ignoring_inline_asm
../Drivers/STM32WBxx_HAL_Driver/Src/stm32wbxx_hal_uart.c:4471:13:UART_RxISR_8BIT_FIFOEN	32	static,ignoring_inline_asm
../Drivers/STM32WBxx_HAL_Driver/Src/stm32wbxx_hal_uart.c:4643:13:UART_RxISR_16BIT_FIFOEN	32	static,ignoring_inline_asm
../Drivers/STM32WBxx_HAL_Driver/Src/stm32wbxx_hal_uart.c:3828:13:UART_DMARxHalfCplt	8	static
../Drivers/STM32WBxx_HAL_Driver/Src/stm32wbxx_hal_uart.c:3767:13:UART_DMAReceiveCplt	8	static,ignoring_inline_asm
../Drivers/STM32WBxx_HAL_Driver/Src/stm32wbxx_hal_uart.c:2759:6:HAL_UART_ReceiverTimeout_Config	0	static
../Drivers/STM32WBxx_HAL_Driver/Src/stm32wbxx_hal_uart.c:2779:19:HAL_UART_EnableReceiverTimeout	0	static
../Drivers/STM32WBxx_HAL_Driver/Src/stm32wbxx_hal_uart.c:2841:19:HAL_UART_DisableReceiverTimeout	0	static
../Drivers/STM32WBxx_HAL_Driver/Src/stm32wbxx_hal_uart.c:2943:6:HAL_MultiProcessor_EnterMuteMode	0	static
../Drivers/STM32WBxx_HAL_Driver/Src/stm32wbxx_hal_uart.c:2953:19:HAL_HalfDuplex_EnableTransmitter	8	static,ignoring_inline_asm
../Drivers/STM32WBxx_HAL_Driver/Src/stm32wbxx_hal_uart.c:2976:19:HAL_HalfDuplex_EnableReceiver	8	static,ignoring_inline_asm
../Drivers/STM32WBxx_HAL_Driver/Src/stm32wbxx_hal_uart.c:3000:19:HAL_LIN_SendBreak	0	static
../Drivers/STM32WBxx_HAL_Driver/Src/stm32wbxx_hal_uart.c:3045:23:HAL_UART_GetState	0	static
../Drivers/STM32WBxx_HAL_Driver/Src/stm32wbxx_hal_uart.c:3061:10:HAL_UART_GetError	0	static
../Drivers/STM32WBxx_HAL_Driver/Src/stm32wbxx_hal_uart.c:3107:19:UART_SetConfig	16	static
../Drivers/STM32WBxx_HAL_Driver/Src/stm32wbxx_hal_uart.c:3333:6:UART_AdvFeatureConfig	8	static
../Drivers/STM32WBxx_HAL_Driver/Src/stm32wbxx_hal_uart.c:3476:19:UART_WaitOnFlagUntilTimeout	32	static
../Drivers/STM32WBxx_HAL_Driver/Src/stm32wbxx_hal_uart.c:1127:19:HAL_UART_Transmit	40	static
../Drivers/STM32WBxx_HAL_Driver/Src/stm32wbxx_hal_uart.c:1217:19:HAL_UART_Receive	40	static
../Drivers/STM32WBxx_HAL_Driver/Src/stm32wbxx_hal_uart.c:3407:19:UART_CheckIdleState	24	static,ignoring_inline_asm
../Drivers/STM32WBxx_HAL_Driver/Src/stm32wbxx_hal_uart.c:309:19:HAL_UART_Init	8	static
../Drivers/STM32WBxx_HAL_Driver/Src/stm32wbxx_hal_uart.c:388:19:HAL_HalfDuplex_Init	8	static
../Drivers/STM32WBxx_HAL_Driver/Src/stm32wbxx_hal_uart.c:463:19:HAL_LIN_Init	16	static
../Drivers/STM32WBxx_HAL_Driver/Src/stm32wbxx_hal_uart.c:562:19:HAL_MultiProcessor_Init	16	static
../Drivers/STM32WBxx_HAL_Driver/Src/stm32wbxx_hal_uart.c:2903:19:HAL_MultiProcessor_EnableMuteMode	0	static,ignoring_inline_asm
../Drivers/STM32WBxx_HAL_Driver/Src/stm32wbxx_hal_uart.c:2923:19:HAL_MultiProcessor_DisableMuteMode	0	static,ignoring_inline_asm
../Drivers/STM32WBxx_HAL_Driver/Src/stm32wbxx_hal_uart.c:3544:19:UART_Start_Receive_IT	12	static,ignoring_inline_asm
../Drivers/STM32WBxx_HAL_Driver/Src/stm32wbxx_hal_uart.c:1369:19:HAL_UART_Receive_IT	8	static,ignoring_inline_asm
../Drivers/STM32WBxx_HAL_Driver/Src/stm32wbxx_hal_uart.c:3616:19:UART_Start_Receive_DMA	16	static,ignoring_inline_asm
../Drivers/STM32WBxx_HAL_Driver/Src/stm32wbxx_hal_uart.c:1489:19:HAL_UART_Receive_DMA	8	static,ignoring_inline_asm
