Archive member included to satisfy reference by file (symbol)

C:/ST/STM32CubeIDE_1.16.1/STM32CubeIDE/plugins/com.st.stm32cube.ide.mcu.externaltools.gnu-tools-for-stm32.12.3.rel1.win32_1.0.200.202406191623/tools/bin/../lib/gcc/arm-none-eabi/12.3.1/../../../../arm-none-eabi/lib/thumb/v7e-m+fp/hard\libstdc++_nano.a(del_ops.o)
                              ./Core/Src/EPD_test.o (operator delete(void*, unsigned int))
C:/ST/STM32CubeIDE_1.16.1/STM32CubeIDE/plugins/com.st.stm32cube.ide.mcu.externaltools.gnu-tools-for-stm32.12.3.rel1.win32_1.0.200.202406191623/tools/bin/../lib/gcc/arm-none-eabi/12.3.1/../../../../arm-none-eabi/lib/thumb/v7e-m+fp/hard\libstdc++_nano.a(new_op.o)
                              ./Core/Src/EPD_test.o (operator new(unsigned int))
C:/ST/STM32CubeIDE_1.16.1/STM32CubeIDE/plugins/com.st.stm32cube.ide.mcu.externaltools.gnu-tools-for-stm32.12.3.rel1.win32_1.0.200.202406191623/tools/bin/../lib/gcc/arm-none-eabi/12.3.1/../../../../arm-none-eabi/lib/thumb/v7e-m+fp/hard\libstdc++_nano.a(del_op.o)
                              C:/ST/STM32CubeIDE_1.16.1/STM32CubeIDE/plugins/com.st.stm32cube.ide.mcu.externaltools.gnu-tools-for-stm32.12.3.rel1.win32_1.0.200.202406191623/tools/bin/../lib/gcc/arm-none-eabi/12.3.1/../../../../arm-none-eabi/lib/thumb/v7e-m+fp/hard\libstdc++_nano.a(del_ops.o) (operator delete(void*))
C:/ST/STM32CubeIDE_1.16.1/STM32CubeIDE/plugins/com.st.stm32cube.ide.mcu.externaltools.gnu-tools-for-stm32.12.3.rel1.win32_1.0.200.202406191623/tools/bin/../lib/gcc/arm-none-eabi/12.3.1/../../../../arm-none-eabi/lib/thumb/v7e-m+fp/hard\libstdc++_nano.a(new_handler.o)
                              C:/ST/STM32CubeIDE_1.16.1/STM32CubeIDE/plugins/com.st.stm32cube.ide.mcu.externaltools.gnu-tools-for-stm32.12.3.rel1.win32_1.0.200.202406191623/tools/bin/../lib/gcc/arm-none-eabi/12.3.1/../../../../arm-none-eabi/lib/thumb/v7e-m+fp/hard\libstdc++_nano.a(new_op.o) (std::get_new_handler())
C:/ST/STM32CubeIDE_1.16.1/STM32CubeIDE/plugins/com.st.stm32cube.ide.mcu.externaltools.gnu-tools-for-stm32.12.3.rel1.win32_1.0.200.202406191623/tools/bin/../lib/gcc/arm-none-eabi/12.3.1/../../../../arm-none-eabi/lib/thumb/v7e-m+fp/hard\libc_nano.a(libc_a-abort.o)
                              C:/ST/STM32CubeIDE_1.16.1/STM32CubeIDE/plugins/com.st.stm32cube.ide.mcu.externaltools.gnu-tools-for-stm32.12.3.rel1.win32_1.0.200.202406191623/tools/bin/../lib/gcc/arm-none-eabi/12.3.1/../../../../arm-none-eabi/lib/thumb/v7e-m+fp/hard\libstdc++_nano.a(new_op.o) (abort)
C:/ST/STM32CubeIDE_1.16.1/STM32CubeIDE/plugins/com.st.stm32cube.ide.mcu.externaltools.gnu-tools-for-stm32.12.3.rel1.win32_1.0.200.202406191623/tools/bin/../lib/gcc/arm-none-eabi/12.3.1/../../../../arm-none-eabi/lib/thumb/v7e-m+fp/hard\libc_nano.a(libc_a-exit.o)
                              C:/ST/STM32CubeIDE_1.16.1/STM32CubeIDE/plugins/com.st.stm32cube.ide.mcu.externaltools.gnu-tools-for-stm32.12.3.rel1.win32_1.0.200.202406191623/tools/bin/../lib/gcc/arm-none-eabi/12.3.1/../../../../arm-none-eabi/lib/thumb/v7e-m+fp/hard/crt0.o (exit)
C:/ST/STM32CubeIDE_1.16.1/STM32CubeIDE/plugins/com.st.stm32cube.ide.mcu.externaltools.gnu-tools-for-stm32.12.3.rel1.win32_1.0.200.202406191623/tools/bin/../lib/gcc/arm-none-eabi/12.3.1/../../../../arm-none-eabi/lib/thumb/v7e-m+fp/hard\libc_nano.a(libc_a-malloc.o)
                              C:/ST/STM32CubeIDE_1.16.1/STM32CubeIDE/plugins/com.st.stm32cube.ide.mcu.externaltools.gnu-tools-for-stm32.12.3.rel1.win32_1.0.200.202406191623/tools/bin/../lib/gcc/arm-none-eabi/12.3.1/../../../../arm-none-eabi/lib/thumb/v7e-m+fp/hard\libstdc++_nano.a(new_op.o) (malloc)
C:/ST/STM32CubeIDE_1.16.1/STM32CubeIDE/plugins/com.st.stm32cube.ide.mcu.externaltools.gnu-tools-for-stm32.12.3.rel1.win32_1.0.200.202406191623/tools/bin/../lib/gcc/arm-none-eabi/12.3.1/../../../../arm-none-eabi/lib/thumb/v7e-m+fp/hard\libc_nano.a(libc_a-mallocr.o)
                              C:/ST/STM32CubeIDE_1.16.1/STM32CubeIDE/plugins/com.st.stm32cube.ide.mcu.externaltools.gnu-tools-for-stm32.12.3.rel1.win32_1.0.200.202406191623/tools/bin/../lib/gcc/arm-none-eabi/12.3.1/../../../../arm-none-eabi/lib/thumb/v7e-m+fp/hard\libc_nano.a(libc_a-malloc.o) (_malloc_r)
C:/ST/STM32CubeIDE_1.16.1/STM32CubeIDE/plugins/com.st.stm32cube.ide.mcu.externaltools.gnu-tools-for-stm32.12.3.rel1.win32_1.0.200.202406191623/tools/bin/../lib/gcc/arm-none-eabi/12.3.1/../../../../arm-none-eabi/lib/thumb/v7e-m+fp/hard\libc_nano.a(libc_a-mlock.o)
                              C:/ST/STM32CubeIDE_1.16.1/STM32CubeIDE/plugins/com.st.stm32cube.ide.mcu.externaltools.gnu-tools-for-stm32.12.3.rel1.win32_1.0.200.202406191623/tools/bin/../lib/gcc/arm-none-eabi/12.3.1/../../../../arm-none-eabi/lib/thumb/v7e-m+fp/hard\libc_nano.a(libc_a-mallocr.o) (__malloc_lock)
[...]
Memory Configuration

Name             Origin             Length             Attributes
FLASH            0x08000000         0x00080000         xr
RAM              0x20000008         0x0002fff8         xrw
RAM_SHARED       0x20030000         0x00002800         xrw
*default*        0x00000000         0xffffffff

Linker script and memory map

LOAD C:/ST/STM32CubeIDE_1.16.1/STM32CubeIDE/plugins/com.st.stm32cube.ide.mcu.externaltools.gnu-tools-for-stm32.12.3.rel1.win32_1.0.200.202406191623/tools/bin/../lib/gcc/arm-none-eabi/12.3.1/thumb/v7e-m+fp/hard/crti.o
LOAD C:/ST/STM32CubeIDE_1.16.1/STM32CubeIDE/plugins/com.st.stm32cube.ide.mcu.externaltools.gnu-tools-for-stm32.12.3.rel1.win32_1.0.200.202406191623/tools/bin/../lib/gcc/arm-none-eabi/12.3.1/thumb/v7e-m+fp/hard/crtbegin.o
LOAD C:/ST/STM32CubeIDE_1.16.1/STM32CubeIDE/plugins/com.st.stm32cube.ide.mcu.externaltools.gnu-tools-for-stm32.12.3.rel1.win32_1.0.200.202406191623/tools/bin/../lib/gcc/arm-none-eabi/12.3.1/../../../../arm-none-eabi/lib/thumb/v7e-m+fp/hard/crt0.o
LOAD ./Core/Fonts/font12.o
LOAD ./Core/Fonts/font16.o
LOAD ./Core/Fonts/font20.o
LOAD ./Core/Fonts/font24.o
LOAD ./Core/Fonts/font8.o
LOAD ./Core/Src/ButtonDriver.o
LOAD ./Core/Src/Debug.o
LOAD ./Core/Src/EPD_4in26.o
LOAD ./Core/Src/EPD_test.o
LOAD ./Core/Src/FrameBuffer.o
LOAD ./Core/Src/FreeRTOSMemory.o
LOAD ./Core/Src/Rectangle.o
LOAD ./Core/Src/Screen.o
LOAD ./Core/Src/ScreenManager.o
LOAD ./Core/Src/app_freertos.o
LOAD ./Core/Src/main.o
LOAD ./Core/Src/stm32wbxx_hal_msp.o
LOAD ./Core/Src/stm32wbxx_hal_timebase_tim.o
LOAD ./Core/Src/stm32wbxx_it.o
LOAD ./Core/Src/syscalls.o
LOAD ./Core/Src/sysmem.o
LOAD ./Core/Src/system_stm32wbxx.o
LOAD ./Core/Startup/startup_stm32wb55rgvx.o
LOAD ./Drivers/BSP/P-NUCLEO-WB55.Nucleo/stm32wbxx_nucleo.o
LOAD ./Drivers/STM32WBxx_HAL_Driver/Src/stm32wbxx_hal.o
LOAD ./Drivers/STM32WBxx_HAL_Driver/Src/stm32wbxx_hal_cortex.o
LOAD ./Drivers/STM32WBxx_HAL_Driver/Src/stm32wbxx_hal_dma.o
LOAD ./Drivers/STM32WBxx_HAL_Driver/Src/stm32wbxx_hal_dma_ex.o
LOAD ./Drivers/STM32WBxx_HAL_Driver/Src/stm32wbxx_hal_exti.o
LOAD ./Drivers/STM32WBxx_HAL_Driver/Src/stm32wbxx_hal_flash.o
LOAD ./Drivers/STM32WBxx_HAL_Driver/Src/stm32wbxx_hal_flash_ex.o
LOAD ./Drivers/STM32WBxx_HAL_Driver/Src/stm32wbxx_hal_gpio.o
LOAD ./Drivers/STM32WBxx_HAL_Driver/Src/stm32wbxx_hal_hsem.o
LOAD ./Drivers/STM32WBxx_HAL_Driver/Src/stm32wbxx_hal_pwr.o
LOAD ./Drivers/STM32WBxx_HAL_Driver/Src/stm32wbxx_hal_pwr_ex.o
LOAD ./Drivers/STM32WBxx_HAL_Driver/Src/stm32wbxx_hal_rcc.o
LOAD ./Drivers/STM32WBxx_HAL_Driver/Src/stm32wbxx_hal_rcc_ex.o
LOAD ./Drivers/STM32WBxx_HAL_Driver/Src/stm32wbxx_hal_spi.o
LOAD ./Drivers/STM32WBxx_HAL_Driver/Src/stm32wbxx_hal_spi_ex.o
LOAD ./Drivers/STM32WBxx_HAL_Driver/Src/stm32wbxx_hal_tim.o
LOAD ./Drivers/STM32WBxx_HAL_Driver/Src/stm32wbxx_hal_tim_ex.o
LOAD ./Drivers/STM32WBxx_HAL_Driver/Src/stm32wbxx_hal_uart.o
LOAD ./Drivers/STM32WBxx_HAL_Driver/Src/stm32wbxx_hal_uart_ex.o
LOAD ./Drivers/STM32WBxx_HAL_Driver/Src/stm32wbxx_hal_usart.o
LOAD ./Drivers/STM32WBxx_HAL_Driver/Src/stm32wbxx_hal_usart_ex.o
LOAD ./Drivers/STM32WBxx_HAL_Driver/Src/stm32wbxx_ll_rcc.o
LOAD ./Middlewares/Third_Party/FreeRTOS/Source/CMSIS_RTOS_V2/cmsis_os2.o
LOAD ./Middlewares/Third_Party/FreeRTOS/Source/croutine.o
LOAD ./Middlewares/Third_Party/FreeRTOS/Source/event_groups.o
LOAD ./Middlewares/Third_Party/FreeRTOS/Source/list.o
LOAD ./Middlewares/Third_Party/FreeRTOS/Source/queue.o
LOAD ./Middlewares/Third_Party/FreeRTOS/Source/stream_buffer.o
LOAD ./Middlewares/Third_Party/FreeRTOS/Source/tasks.o
LOAD ./Middlewares/Third_Party/FreeRTOS/Source/timers.o
LOAD ./Middlewares/Third_Party/FreeRTOS/Source/portable/GCC/ARM_CM4F/port.o
LOAD ./Middlewares/Third_Party/FreeRTOS/Source/portable/MemMang/heap_4.o
START GROUP
LOAD C:/ST/STM32CubeIDE_1.16.1/STM32CubeIDE/plugins/com.st.stm32cube.ide.mcu.externaltools.gnu-tools-for-stm32.12.3.rel1.win32_1.0.200.202406191623/tools/bin/../lib/gcc/arm-none-eabi/12.3.1/../../../../arm-none-eabi/lib/thumb/v7e-m+fp/hard\libstdc++_nano.a
LOAD C:/ST/STM32CubeIDE_1.16.1/STM32CubeIDE/plugins/com.st.stm32cube.ide.mcu.externaltools.gnu-tools-for-stm32.12.3.rel1.win32_1.0.200.202406191623/tools/bin/../lib/gcc/arm-none-eabi/12.3.1/../../../../arm-none-eabi/lib/thumb/v7e-m+fp/hard\libsupc++_nano.a
END GROUP
LOAD C:/ST/STM32CubeIDE_1.16.1/STM32CubeIDE/plugins/com.st.stm32cube.ide.mcu.externaltools.gnu-tools-for-stm32.12.3.rel1.win32_1.0.200.202406191623/tools/bin/../lib/gcc/arm-none-eabi/12.3.1/../../../../arm-none-eabi/lib/thumb/v7e-m+fp/hard\libstdc++_nano.a
LOAD C:/ST/STM32CubeIDE_1.16.1/STM32CubeIDE/plugins/com.st.stm32cube.ide.mcu.externaltools.gnu-tools-for-stm32.12.3.rel1.win32_1.0.200.202406191623/tools/bin/../lib/gcc/arm-none-eabi/12.3.1/../../../../arm-none-eabi/lib/thumb/v7e-m+fp/hard\libm.a
LOAD C:/ST/STM32CubeIDE_1.16.1/STM32CubeIDE/plugins/com.st.stm32cube.ide.mcu.externaltools.gnu-tools-for-stm32.12.3.rel1.win32_1.0.200.202406191623/tools/bin/../lib/gcc/arm-none-eabi/12.3.1/../../../../arm-none-eabi/lib/thumb/v7e-m+fp/hard\libc_nano.a
START GROUP
LOAD C:/ST/STM32CubeIDE_1.16.1/STM32CubeIDE/plugins/com.st.stm32cube.ide.mcu.externaltools.gnu-tools-for-stm32.12.3.rel1.win32_1.0.200.202406191623/tools/bin/../lib/gcc/arm-none-eabi/12.3.1/thumb/v7e-m+fp/hard\libgcc.a
LOAD C:/ST/STM32CubeIDE_1.16.1/STM32CubeIDE/plugins/com.st.stm32cube.ide.mcu.externaltools.gnu-tools-for-stm32.12.3.rel1.win32_1.0.200.202406191623/tools/bin/../lib/gcc/arm-none-eabi/12.3.1/../../../../arm-none-eabi/lib/thumb/v7e-m+fp/hard\libc_nano.a
END GROUP
START GROUP
LOAD C:/ST/STM32CubeIDE_1.16.1/STM32CubeIDE/plugins/com.st.stm32cube.ide.mcu.externaltools.gnu-tools-for-stm32.12.3.rel1.win32_1.0.200.202406191623/tools/bin/../lib/gcc/arm-none-eabi/12.3.1/thumb/v7e-m+fp/hard\libgcc.a
LOAD C:/ST/STM32CubeIDE_1.16.1/STM32CubeIDE/plugins/com.st.stm32cube.ide.mcu.externaltools.gnu-tools-for-stm32.12.3.rel1.win32_1.0.200.202406191623/tools/bin/../lib/gcc/arm-none-eabi/12.3.1/../../../../arm-none-eabi/lib/thumb/v7e-m+fp/hard\libc_nano.a
LOAD C:/ST/STM32CubeIDE_1.16.1/STM32CubeIDE/plugins/com.st.stm32cube.ide.mcu.externaltools.gnu-tools-for-stm32.12.3.rel1.win32_1.0.200.202406191623/tools/bin/../lib/gcc/arm-none-eabi/12.3.1/../../../../arm-none-eabi/lib/thumb/v7e-m+fp/hard\libnosys.a
END GROUP
START GROUP
LOAD C:/ST/STM32CubeIDE_1.16.1/STM32CubeIDE/plugins/com.st.stm32cube.ide.mcu.externaltools.gnu-tools-for-stm32.12.3.rel1.win32_1.0.200.202406191623/tools/bin/../lib/gcc/arm-none-eabi/12.3.1/thumb/v7e-m+fp/hard\libgcc.a
LOAD C:/ST/STM32CubeIDE_1.16.1/STM32CubeIDE/plugins/com.st.stm32cube.ide.mcu.externaltools.gnu-tools-for-stm32.12.3.rel1.win32_1.0.200.202406191623/tools/bin/../lib/gcc/arm-none-eabi/12.3.1/../../../../arm-none-eabi/lib/thumb/v7e-m+fp/hard\libc_nano.a
LOAD C:/ST/STM32CubeIDE_1.16.1/STM32CubeIDE/plugins/com.st.stm32cube.ide.mcu.externaltools.gnu-tools-for-stm32.12.3.rel1.win32_1.0.200.202406191623/tools/bin/../lib/gcc/arm-none-eabi/12.3.1/../../../../arm-none-eabi/lib/thumb/v7e-m+fp/hard\libnosys.a
END GROUP
LOAD C:/ST/STM32CubeIDE_1.16.1/STM32CubeIDE/plugins/com.st.stm32cube.ide.mcu.externaltools.gnu-tools-for-stm32.12.3.rel1.win32_1.0.200.202406191623/tools/bin/../lib/gcc/arm-none-eabi/12.3.1/thumb/v7e-m+fp/hard/crtend.o
LOAD C:/ST/STM32CubeIDE_1.16.1/STM32CubeIDE/plugins/com.st.stm32cube.ide.mcu.externaltools.gnu-tools-for-stm32.12.3.rel1.win32_1.0.200.202406191623/tools/bin/../lib/gcc/arm-none-eabi/12.3.1/thumb/v7e-m+fp/hard/crtn.o
                0x20030000                        _estack = (ORIGIN (RAM) + LENGTH (RAM))
                0x00000200                        _Min_Heap_Size = 0x200
                0x00000400                        _Min_Stack_Size = 0x400

.isr_vector     0x08000000      0x13c
                0x08000000                        . = ALIGN (0x4)
 *(.isr_vector)
 .isr_vector    0x08000000      0x13c ./Core/Startup/startup_stm32wb55rgvx.o
                0x08000000                g_pfnVectors
                0x0800013c                        . = ALIGN (0x4)

.text           0x08000140     0x9444
                0x08000140                        . = ALIGN (0x4)
 *(.text)
 .text          0x08000140       0x40 C:/ST/STM32CubeIDE_1.16.1/STM32CubeIDE/plugins/com.st.stm32cube.ide.mcu.externaltools.gnu-tools-for-stm32.12.3.rel1.win32_1.0.200.202406191623/tools/bin/../lib/gcc/arm-none-eabi/12.3.1/thumb/v7e-m+fp/hard/crtbegin.o
 .text          0x08000180       0xa0 C:/ST/STM32CubeIDE_1.16.1/STM32CubeIDE/plugins/com.st.stm32cube.ide.mcu.externaltools.gnu-tools-for-stm32.12.3.rel1.win32_1.0.200.202406191623/tools/bin/../lib/gcc/arm-none-eabi/12.3.1/../../../../arm-none-eabi/lib/thumb/v7e-m+fp/hard\libc_nano.a(libc_a-memchr.o)
                0x08000180                memchr
 .text          0x08000220       0x10 C:/ST/STM32CubeIDE_1.16.1/STM32CubeIDE/plugins/com.st.stm32cube.ide.mcu.externaltools.gnu-tools-for-stm32.12.3.rel1.win32_1.0.200.202406191623/tools/bin/../lib/gcc/arm-none-eabi/12.3.1/../../../../arm-none-eabi/lib/thumb/v7e-m+fp/hard\libc_nano.a(libc_a-strlen.o)
                0x08000220                strlen
 .text          0x08000230      0x378 C:/ST/STM32CubeIDE_1.16.1/STM32CubeIDE/plugins/com.st.stm32cube.ide.mcu.externaltools.gnu-tools-for-stm32.12.3.rel1.win32_1.0.200.202406191623/tools/bin/../lib/gcc/arm-none-eabi/12.3.1/thumb/v7e-m+fp/hard\libgcc.a(_arm_addsubdf3.o)
                0x08000230                __aeabi_drsub
                0x08000238                __aeabi_dsub
                0x08000238                __subdf3
                0x0800023c                __aeabi_dadd
                0x0800023c                __adddf3
                0x080004b4                __floatunsidf
                0x080004b4                __aeabi_ui2d
                0x080004d4                __floatsidf
                0x080004d4                __aeabi_i2d
                0x080004f8                __aeabi_f2d
                0x080004f8                __extendsfdf2
                0x0800053c                __floatundidf
                0x0800053c                __aeabi_ul2d
                0x0800054c                __floatdidf
                0x0800054c                __aeabi_l2d
 .text          0x080005a8      0x424 C:/ST/STM32CubeIDE_1.16.1/STM32CubeIDE/plugins/com.st.stm32cube.ide.mcu.externaltools.gnu-tools-for-stm32.12.3.rel1.win32_1.0.200.202406191623/tools/bin/../lib/gcc/arm-none-eabi/12.3.1/thumb/v7e-m+fp/hard\libgcc.a(_arm_muldivdf3.o)
                0x080005a8                __aeabi_dmul
                0x080005a8                __muldf3
                0x080007fc                __divdf3
                0x080007fc                __aeabi_ddiv
 .text          0x080009cc      0x110 C:/ST/STM32CubeIDE_1.16.1/STM32CubeIDE/plugins/com.st.stm32cube.ide.mcu.externaltools.gnu-tools-for-stm32.12.3.rel1.win32_1.0.200.202406191623/tools/bin/../lib/gcc/arm-none-eabi/12.3.1/thumb/v7e-m+fp/hard\libgcc.a(_arm_cmpdf2.o)
                0x080009cc                __gtdf2
                0x080009cc                __gedf2
                0x080009d4                __ltdf2
                0x080009d4                __ledf2
                0x080009dc                __nedf2
                0x080009dc                __eqdf2
                0x080009dc                __cmpdf2
                0x08000a58                __aeabi_cdrcmple
                0x08000a68                __aeabi_cdcmpeq
                0x08000a68                __aeabi_cdcmple
                0x08000a78                __aeabi_dcmpeq
                0x08000a8c                __aeabi_dcmplt
                0x08000aa0                __aeabi_dcmple
                0x08000ab4                __aeabi_dcmpge
                0x08000ac8                __aeabi_dcmpgt
 .text          0x08000adc       0x2c C:/ST/STM32CubeIDE_1.16.1/STM32CubeIDE/plugins/com.st.stm32cube.ide.mcu.externaltools.gnu-tools-for-stm32.12.3.rel1.win32_1.0.200.202406191623/tools/bin/../lib/gcc/arm-none-eabi/12.3.1/thumb/v7e-m+fp/hard\libgcc.a(_arm_unorddf2.o)
                0x08000adc                __unorddf2
                0x08000adc                __aeabi_dcmpun
 .text          0x08000b08       0x50 C:/ST/STM32CubeIDE_1.16.1/STM32CubeIDE/plugins/com.st.stm32cube.ide.mcu.externaltools.gnu-tools-for-stm32.12.3.rel1.win32_1.0.200.202406191623/tools/bin/../lib/gcc/arm-none-eabi/12.3.1/thumb/v7e-m+fp/hard\libgcc.a(_arm_fixdfsi.o)
                0x08000b08                __aeabi_d2iz
                0x08000b08                __fixdfsi
 .text          0x08000b58       0x30 C:/ST/STM32CubeIDE_1.16.1/STM32CubeIDE/plugins/com.st.stm32cube.ide.mcu.externaltools.gnu-tools-for-stm32.12.3.rel1.win32_1.0.200.202406191623/tools/bin/../lib/gcc/arm-none-eabi/12.3.1/thumb/v7e-m+fp/hard\libgcc.a(_aeabi_uldivmod.o)
                0x08000b58                __aeabi_uldivmod
 .text          0x08000b88      0x2bc C:/ST/STM32CubeIDE_1.16.1/STM32CubeIDE/plugins/com.st.stm32cube.ide.mcu.externaltools.gnu-tools-for-stm32.12.3.rel1.win32_1.0.200.202406191623/tools/bin/../lib/gcc/arm-none-eabi/12.3.1/thumb/v7e-m+fp/hard\libgcc.a(_udivmoddi4.o)
                0x08000b88                __udivmoddi4
 .text          0x08000e44        0x4 C:/ST/STM32CubeIDE_1.16.1/STM32CubeIDE/plugins/com.st.stm32cube.ide.mcu.externaltools.gnu-tools-for-stm32.12.3.rel1.win32_1.0.200.202406191623/tools/bin/../lib/gcc/arm-none-eabi/12.3.1/thumb/v7e-m+fp/hard\libgcc.a(_dvmd_tls.o)
                0x08000e44                __aeabi_idiv0
                0x08000e44                __aeabi_ldiv0
 *(.text*)
 .text._Z12log_message2hPKcz
                0x08000e48       0x30 ./Core/Src/Debug.o
                0x08000e48                log_message2(unsigned char, char const*, ...)
 .text._ZN9EPD_4in26C2EP12GPIO_TypeDeftS1_tS1_tS1_tS1_tP19__SPI_HandleTypeDef
                0x08000e78       0x32 ./Core/Src/EPD_4in26.o
                0x08000e78                EPD_4in26::EPD_4in26(GPIO_TypeDef*, unsigned short, GPIO_TypeDef*, unsigned short, GPIO_TypeDef*, unsigned short, GPIO_TypeDef*, unsigned short, GPIO_TypeDef*, unsigned short, __SPI_HandleTypeDef*)
                0x08000e78                EPD_4in26::EPD_4in26(GPIO_TypeDef*, unsigned short, GPIO_TypeDef*, unsigned short, GPIO_TypeDef*, unsigned short, GPIO_TypeDef*, unsigned short, GPIO_TypeDef*, unsigned short, __SPI_HandleTypeDef*)
 .text._ZN9EPD_4in267pinInitEv
                0x08000eaa       0x30 ./Core/Src/EPD_4in26.o
                0x08000eaa                EPD_4in26::pinInit()
 .text._ZN9EPD_4in2615EPD_4in26_ResetEv
                0x08000eda       0x38 ./Core/Src/EPD_4in26.o
                0x08000eda                EPD_4in26::EPD_4in26_Reset()
 .text._ZN9EPD_4in2621EPD_4in26_SendCommandEh
                0x08000f12       0x74 ./Core/Src/EPD_4in26.o
                0x08000f12                EPD_4in26::EPD_4in26_SendCommand(unsigned char)
 .text._ZN9EPD_4in2618EPD_4in26_SendDataEh
                0x08000f86       0x3a ./Core/Src/EPD_4in26.o
                0x08000f86                EPD_4in26::EPD_4in26_SendData(unsigned char)
 .text._ZN9EPD_4in2619EPD_4in26_SendData2EPhm
                0x08000fc0       0x38 ./Core/Src/EPD_4in26.o
                0x08000fc0                EPD_4in26::EPD_4in26_SendData2(unsigned char*, unsigned long)
 .text._ZN9EPD_4in2618EPD_4in26_ReadBusyEv
                0x08000ff8       0x20 ./Core/Src/EPD_4in26.o
                0x08000ff8                EPD_4in26::EPD_4in26_ReadBusy()
 .text._ZN9EPD_4in2623EPD_4in26_TurnOnDisplayEv
                0x08001018       0x24 ./Core/Src/EPD_4in26.o
                0x08001018                EPD_4in26::EPD_4in26_TurnOnDisplay()
 .text._ZN9EPD_4in2628EPD_4in26_TurnOnDisplay_PartEv
                0x0800103c       0x24 ./Core/Src/EPD_4in26.o
                0x0800103c                EPD_4in26::EPD_4in26_TurnOnDisplay_Part()
 .text._ZN9EPD_4in2620EPD_4in26_SetWindowsEtttt
                0x08001060       0x6c ./Core/Src/EPD_4in26.o
                0x08001060                EPD_4in26::EPD_4in26_SetWindows(unsigned short, unsigned short, unsigned short, unsigned short)
 .text._ZN9EPD_4in2619EPD_4in26_SetCursorEtt
                0x080010cc       0x3e ./Core/Src/EPD_4in26.o
                0x080010cc                EPD_4in26::EPD_4in26_SetCursor(unsigned short, unsigned short)
 .text._ZN9EPD_4in2614EPD_4in26_InitEv
                0x0800110a       0xcc ./Core/Src/EPD_4in26.o
                0x0800110a                EPD_4in26::EPD_4in26_Init()
 .text._ZN9EPD_4in2622EPD_4in26_Display_BaseEPKh
                0x080011d6       0x46 ./Core/Src/EPD_4in26.o
                0x080011d6                EPD_4in26::EPD_4in26_Display_Base(unsigned char const*)
 .text._ZN9EPD_4in2623EPD_4in26_WriteToBufferEPKhtttt
                0x0800121c       0x86 ./Core/Src/EPD_4in26.o
                0x0800121c                EPD_4in26::EPD_4in26_WriteToBuffer(unsigned char const*, unsigned short, unsigned short, unsigned short, unsigned short)
 .text._ZN8Drawable10onInteractEv
                0x080012a2        0x8 ./Core/Src/EPD_test.o
                0x080012a2                Drawable::onInteract()
 .text._ZN8Drawable9clearAreaER11FrameBuffer
                0x080012aa        0x2 ./Core/Src/EPD_test.o
                0x080012aa                Drawable::clearArea(FrameBuffer&)
 .text._ZN8Drawable12resetUpdatedEv
                0x080012ac        0x6 ./Core/Src/EPD_test.o
                0x080012ac                Drawable::resetUpdated()
 .text._ZN9Container4drawER11FrameBuffertt
                0x080012b2       0x3a ./Core/Src/EPD_test.o
                0x080012b2                Container::draw(FrameBuffer&, unsigned short, unsigned short)
 .text._ZN9Container12resetUpdatedEv
                0x080012ec       0x20 ./Core/Src/EPD_test.o
                0x080012ec                Container::resetUpdated()
 .text._ZN9Container9highlightEb
                0x0800130c       0x24 ./Core/Src/EPD_test.o
                0x0800130c                Container::highlight(bool)
 .text._ZN9Rectangle9highlightEb
                0x08001330        0x8 ./Core/Src/EPD_test.o
                0x08001330                Rectangle::highlight(bool)
 .text._ZN9RectangleD2Ev
                0x08001338        0x2 ./Core/Src/EPD_test.o
                0x08001338                Rectangle::~Rectangle()
                0x08001338                Rectangle::~Rectangle()
 .text._ZN6BitMap9highlightEb
                0x0800133a        0x2 ./Core/Src/EPD_test.o
                0x0800133a                BitMap::highlight(bool)
 .text._ZN8DrawText9highlightEb
                0x0800133c        0x2 ./Core/Src/EPD_test.o
                0x0800133c                DrawText::highlight(bool)
 .text._ZN8DrawTextD2Ev
                0x0800133e        0x2 ./Core/Src/EPD_test.o
                0x0800133e                DrawText::~DrawText()
                0x0800133e                DrawText::~DrawText()
 .text._ZZ21EPD_MainMenuWithQueuevENUlvE0_4_FUNEv
                0x08001340        0x2 ./Core/Src/EPD_test.o
 .text._ZN6BitMapD2Ev
                0x08001342        0x2 ./Core/Src/EPD_test.o
                0x08001342                BitMap::~BitMap()
                0x08001342                BitMap::~BitMap()
 .text._ZN9ContainerD2Ev
                0x08001344        0x2 ./Core/Src/EPD_test.o
                0x08001344                Container::~Container()
                0x08001344                Container::~Container()
 .text._ZN6BitMapD0Ev
                0x08001346        0xe ./Core/Src/EPD_test.o
                0x08001346                BitMap::~BitMap()
 .text._ZN9ContainerD0Ev
                0x08001354        0xe ./Core/Src/EPD_test.o
                0x08001354                Container::~Container()
 .text._ZN9RectangleD0Ev
                0x08001362        0xe ./Core/Src/EPD_test.o
                0x08001362                Rectangle::~Rectangle()
 .text._ZN8DrawTextD0Ev
                0x08001370        0xe ./Core/Src/EPD_test.o
                0x08001370                DrawText::~DrawText()
 .text._ZN6BitMap4drawER11FrameBuffertt
                0x0800137e       0x32 ./Core/Src/EPD_test.o
                0x0800137e                BitMap::draw(FrameBuffer&, unsigned short, unsigned short)
 .text._ZN8DrawText4drawER11FrameBuffertt
                0x080013b0       0x3e ./Core/Src/EPD_test.o
                0x080013b0                DrawText::draw(FrameBuffer&, unsigned short, unsigned short)
 .text._ZN9Rectangle4drawER11FrameBuffertt
                0x080013ee       0x3e ./Core/Src/EPD_test.o
                0x080013ee                Rectangle::draw(FrameBuffer&, unsigned short, unsigned short)
 .text._ZN9Rectangle9clearAreaER11FrameBuffer
                0x0800142c       0x28 ./Core/Src/EPD_test.o
                0x0800142c                Rectangle::clearArea(FrameBuffer&)
 .text._ZZ21EPD_MainMenuWithQueuevENUl6ButtonE4_4_FUNES_
                0x08001454       0x4c ./Core/Src/EPD_test.o
 .text._ZZ21EPD_MainMenuWithQueuevENUl6ButtonE3_4_FUNES_
                0x080014a0       0x24 ./Core/Src/EPD_test.o
 .text._ZZ21EPD_MainMenuWithQueuevENUlvE_4_FUNEv
                0x080014c4       0x20 ./Core/Src/EPD_test.o
 .text._ZZ21EPD_MainMenuWithQueuevENUlvE1_4_FUNEv
                0x080014e4        0x2 ./Core/Src/EPD_test.o
 .text._ZZ21EPD_MainMenuWithQueuevENUlvE2_4_FUNEv
                0x080014e6        0x2 ./Core/Src/EPD_test.o
 .text._ZN11FrameBuffer11getInstanceEtttt
                0x080014e8       0x50 ./Core/Src/EPD_test.o
                0x080014e8                FrameBuffer::getInstance(unsigned short, unsigned short, unsigned short, unsigned short)
 .text._ZN6Screen5clearEt.constprop.0
                0x08001538       0x1e ./Core/Src/EPD_test.o
 .text._ZN9Container11addDrawableEP8Drawable
                0x08001556       0x12 ./Core/Src/EPD_test.o
                0x08001556                Container::addDrawable(Drawable*)
 .text._ZN6Screen11addDrawableEP8Drawable
                0x08001568       0x26 ./Core/Src/EPD_test.o
                0x08001568                Screen::addDrawable(Drawable*)
 .text._ZN6Screen11cleanRenderEv
                0x0800158e       0x60 ./Core/Src/EPD_test.o
                0x0800158e                Screen::cleanRender()
 *fill*         0x080015ee        0x2 
 .text._Z21EPD_MainMenuWithQueuev
                0x080015f0      0x690 ./Core/Src/EPD_test.o
                0x080015f0                EPD_MainMenuWithQueue()
 .text._ZN11FrameBuffer15Paint_initImageEtttt
                0x08001c80       0x80 ./Core/Src/FrameBuffer.o
                0x08001c80                FrameBuffer::Paint_initImage(unsigned short, unsigned short, unsigned short, unsigned short)
 .text._ZN11FrameBufferC2Etttt
                0x08001d00       0x18 ./Core/Src/FrameBuffer.o
                0x08001d00                FrameBuffer::FrameBuffer(unsigned short, unsigned short, unsigned short, unsigned short)
                0x08001d00                FrameBuffer::FrameBuffer(unsigned short, unsigned short, unsigned short, unsigned short)
 .text._ZN11FrameBuffer14Paint_SetPixelEttt
                0x08001d18      0x110 ./Core/Src/FrameBuffer.o
                0x08001d18                FrameBuffer::Paint_SetPixel(unsigned short, unsigned short, unsigned short)
 .text._ZN11FrameBuffer11Paint_ClearEt
                0x08001e28       0xa0 ./Core/Src/FrameBuffer.o
                0x08001e28                FrameBuffer::Paint_Clear(unsigned short)
 .text._ZN11FrameBuffer18Paint_ClearWindowsEttttt
                0x08001ec8       0x3a ./Core/Src/FrameBuffer.o
                0x08001ec8                FrameBuffer::Paint_ClearWindows(unsigned short, unsigned short, unsigned short, unsigned short, unsigned short)
 .text._ZN11FrameBuffer15Paint_DrawPointEttt9DOT_PIXEL9DOT_STYLE
                0x08001f02       0xc8 ./Core/Src/FrameBuffer.o
                0x08001f02                FrameBuffer::Paint_DrawPoint(unsigned short, unsigned short, unsigned short, DOT_PIXEL, DOT_STYLE)
 *fill*         0x08001fca        0x2 
 .text._ZN11FrameBuffer14Paint_DrawLineEttttt9DOT_PIXEL10LINE_STYLE
                0x08001fcc      0x10c ./Core/Src/FrameBuffer.o
                0x08001fcc                FrameBuffer::Paint_DrawLine(unsigned short, unsigned short, unsigned short, unsigned short, unsigned short, DOT_PIXEL, LINE_STYLE)
 .text._ZN11FrameBuffer19Paint_DrawRectangleEttttt9DOT_PIXEL9DRAW_FILL
                0x080020d8       0xc4 ./Core/Src/FrameBuffer.o
                0x080020d8                FrameBuffer::Paint_DrawRectangle(unsigned short, unsigned short, unsigned short, unsigned short, unsigned short, DOT_PIXEL, DRAW_FILL)
 .text._ZN11FrameBuffer14Paint_DrawCharEttcP6_tFonttt
                0x0800219c       0xd0 ./Core/Src/FrameBuffer.o
                0x0800219c                FrameBuffer::Paint_DrawChar(unsigned short, unsigned short, char, _tFont*, unsigned short, unsigned short)
 .text._ZN11FrameBuffer19Paint_DrawString_ENEttPKcP6_tFonttt
                0x0800226c       0x8c ./Core/Src/FrameBuffer.o
                0x0800226c                FrameBuffer::Paint_DrawString_EN(unsigned short, unsigned short, char const*, _tFont*, unsigned short, unsigned short)
 .text._ZN11FrameBuffer14Paint_DrawTimeEttP10PAINT_TIMEP6_tFonttt
                0x080022f8      0x1c8 ./Core/Src/FrameBuffer.o
                0x080022f8                FrameBuffer::Paint_DrawTime(unsigned short, unsigned short, PAINT_TIME*, _tFont*, unsigned short, unsigned short)
 .text._ZN11FrameBuffer22Paint_DrawBitMap_PasteEPKhtttth
                0x080024c0       0x86 ./Core/Src/FrameBuffer.o
                0x080024c0                FrameBuffer::Paint_DrawBitMap_Paste(unsigned char const*, unsigned short, unsigned short, unsigned short, unsigned short, unsigned char)
 *fill*         0x08002546        0x2 
 .text.exit._GLOBAL__sub_D__ZN11FrameBuffer8instanceE
                0x08002548       0x10 ./Core/Src/FrameBuffer.o
 .text._Z26make_unique_freertos_arrayj
                0x08002558       0x10 ./Core/Src/FreeRTOSMemory.o
                0x08002558                make_unique_freertos_array(unsigned int)
 .text._ZN13ScreenManager13initFirstTimeEv
                0x08002568       0x20 ./Core/Src/ScreenManager.o
                0x08002568                ScreenManager::initFirstTime()
 .text._ZN13ScreenManager18updateActiveScreenEv
                0x08002588       0xac ./Core/Src/ScreenManager.o
                0x08002588                ScreenManager::updateActiveScreen()
 .text._ZN13ScreenManager19displayActiveScreenEv
                0x08002634       0x2a ./Core/Src/ScreenManager.o
                0x08002634                ScreenManager::displayActiveScreen()
 .text._ZN13ScreenManager9addScreenE10ScreenTypeP6Screen
                0x0800265e       0x10 ./Core/Src/ScreenManager.o
                0x0800265e                ScreenManager::addScreen(ScreenType, Screen*)
 .text._ZN13ScreenManager18setNewActiveScreenE10ScreenType
                0x0800266e       0x12 ./Core/Src/ScreenManager.o
                0x0800266e                ScreenManager::setNewActiveScreen(ScreenType)
 .text._ZN13ScreenManager10onInteractEv
                0x08002680       0x18 ./Core/Src/ScreenManager.o
                0x08002680                ScreenManager::onInteract()
 .text._ZN13ScreenManager16nextInteractableEv
                0x08002698       0x3e ./Core/Src/ScreenManager.o
                0x08002698                ScreenManager::nextInteractable()
 .text._ZN13ScreenManager16prevInteractableEv
                0x080026d6       0x38 ./Core/Src/ScreenManager.o
                0x080026d6                ScreenManager::prevInteractable()
 .text._ZN13ScreenManager11buttonPressE6Button
                0x0800270e        0xe ./Core/Src/ScreenManager.o
                0x0800270e                ScreenManager::buttonPress(Button)
 .text.vApplicationStackOverflowHook
                0x0800271c        0x2 ./Core/Src/app_freertos.o
                0x0800271c                vApplicationStackOverflowHook
 .text.vApplicationMallocFailedHook
                0x0800271e        0x2 ./Core/Src/app_freertos.o
                0x0800271e                vApplicationMallocFailedHook
 .text._Z11EPaperEntryPv
                0x08002720        0xe ./Core/Src/main.o
                0x08002720                EPaperEntry(void*)
 *fill*         0x0800272e        0x2 
 .text.HAL_GPIO_EXTI_Callback
                0x08002730       0x80 ./Core/Src/main.o
                0x08002730                HAL_GPIO_EXTI_Callback
 .text._Z18SystemClock_Configv
                0x080027b0       0x80 ./Core/Src/main.o
                0x080027b0                SystemClock_Config()
 .text._Z24PeriphCommonClock_Configv
                0x08002830       0x26 ./Core/Src/main.o
                0x08002830                PeriphCommonClock_Config()
 *fill*         0x08002856        0x2 
 .text.startup.main
                0x08002858      0x1d0 ./Core/Src/main.o
                0x08002858                main
 .text.HAL_TIM_PeriodElapsedCallback
                0x08002a28       0x14 ./Core/Src/main.o
                0x08002a28                HAL_TIM_PeriodElapsedCallback
 .text.HAL_MspInit
                0x08002a3c        0xc ./Core/Src/stm32wbxx_hal_msp.o
                0x08002a3c                HAL_MspInit
 .text.HAL_SPI_MspInit
                0x08002a48       0x60 ./Core/Src/stm32wbxx_hal_msp.o
                0x08002a48                HAL_SPI_MspInit
 .text.HAL_InitTick
                0x08002aa8       0x74 ./Core/Src/stm32wbxx_hal_timebase_tim.o
                0x08002aa8                HAL_InitTick
 .text.NMI_Handler
                0x08002b1c        0x2 ./Core/Src/stm32wbxx_it.o
                0x08002b1c                NMI_Handler
 .text.HardFault_Handler
                0x08002b1e        0x2 ./Core/Src/stm32wbxx_it.o
                0x08002b1e                HardFault_Handler
 .text.MemManage_Handler
                0x08002b20        0x2 ./Core/Src/stm32wbxx_it.o
                0x08002b20                MemManage_Handler
 .text.BusFault_Handler
                0x08002b22        0x2 ./Core/Src/stm32wbxx_it.o
                0x08002b22                BusFault_Handler
 .text.UsageFault_Handler
                0x08002b24        0x2 ./Core/Src/stm32wbxx_it.o
                0x08002b24                UsageFault_Handler
 .text.DebugMon_Handler
                0x08002b26        0x2 ./Core/Src/stm32wbxx_it.o
                0x08002b26                DebugMon_Handler
 .text.EXTI0_IRQHandler
                0x08002b28        0x6 ./Core/Src/stm32wbxx_it.o
                0x08002b28                EXTI0_IRQHandler
 .text.EXTI1_IRQHandler
                0x08002b2e        0x6 ./Core/Src/stm32wbxx_it.o
                0x08002b2e                EXTI1_IRQHandler
 .text.EXTI2_IRQHandler
                0x08002b34        0x6 ./Core/Src/stm32wbxx_it.o
                0x08002b34                EXTI2_IRQHandler
 .text.EXTI3_IRQHandler
                0x08002b3a        0x6 ./Core/Src/stm32wbxx_it.o
                0x08002b3a                EXTI3_IRQHandler
 .text.EXTI4_IRQHandler
                0x08002b40        0x6 ./Core/Src/stm32wbxx_it.o
                0x08002b40                EXTI4_IRQHandler
 *fill*         0x08002b46        0x2 
 .text.TIM1_TRG_COM_TIM17_IRQHandler
                0x08002b48        0xc ./Core/Src/stm32wbxx_it.o
                0x08002b48                TIM1_TRG_COM_TIM17_IRQHandler
 .text._getpid  0x08002b54        0x4 ./Core/Src/syscalls.o
                0x08002b54                _getpid
 .text._kill    0x08002b58       0x10 ./Core/Src/syscalls.o
                0x08002b58                _kill
 .text._exit    0x08002b68        0xc ./Core/Src/syscalls.o
                0x08002b68                _exit
 .text._read    0x08002b74       0x1c ./Core/Src/syscalls.o
                0x08002b74                _read
 .text._write   0x08002b90       0x1c ./Core/Src/syscalls.o
                0x08002b90                _write
 .text._close   0x08002bac        0x6 ./Core/Src/syscalls.o
                0x08002bac                _close
 .text._fstat   0x08002bb2        0xa ./Core/Src/syscalls.o
                0x08002bb2                _fstat
 .text._isatty  0x08002bbc        0x4 ./Core/Src/syscalls.o
                0x08002bbc                _isatty
 .text._lseek   0x08002bc0        0x4 ./Core/Src/syscalls.o
                0x08002bc0                _lseek
 .text._sbrk    0x08002bc4       0x40 ./Core/Src/sysmem.o
                0x08002bc4                _sbrk
 .text.SystemInit
                0x08002c04       0x64 ./Core/Src/system_stm32wbxx.o
                0x08002c04                SystemInit
 .text.data_initializers
                0x08002c68       0x18 ./Core/Startup/startup_stm32wb55rgvx.o
 .text.Reset_Handler
                0x08002c80       0x58 ./Core/Startup/startup_stm32wb55rgvx.o
                0x08002c80                Reset_Handler
 .text.Default_Handler
                0x08002cd8        0x2 ./Core/Startup/startup_stm32wb55rgvx.o
                0x08002cd8                RTC_Alarm_IRQHandler
                0x08002cd8                TIM1_CC_IRQHandler
                0x08002cd8                TSC_IRQHandler
                0x08002cd8                USB_HP_IRQHandler
                0x08002cd8                LPTIM2_IRQHandler
                0x08002cd8                I2C3_ER_IRQHandler
                0x08002cd8                FPU_IRQHandler
                0x08002cd8                TIM1_UP_TIM16_IRQHandler
                0x08002cd8                AES1_IRQHandler
                0x08002cd8                SPI1_IRQHandler
                0x08002cd8                PWR_SOTF_BLEACT_802ACT_RFPHASE_IRQHandler
                0x08002cd8                DMA2_Channel2_IRQHandler
                0x08002cd8                DMA1_Channel4_IRQHandler
                0x08002cd8                ADC1_IRQHandler
                0x08002cd8                PKA_IRQHandler
                0x08002cd8                DMA1_Channel7_IRQHandler
                0x08002cd8                LCD_IRQHandler
                0x08002cd8                IPCC_C1_TX_IRQHandler
                0x08002cd8                DMA2_Channel1_IRQHandler
                0x08002cd8                QUADSPI_IRQHandler
                0x08002cd8                I2C1_EV_IRQHandler
                0x08002cd8                DMAMUX1_OVR_IRQHandler
                0x08002cd8                DMA1_Channel6_IRQHandler
                0x08002cd8                DMA2_Channel4_IRQHandler
                0x08002cd8                RCC_IRQHandler
                0x08002cd8                DMA1_Channel1_IRQHandler
                0x08002cd8                Default_Handler
                0x08002cd8                DMA2_Channel7_IRQHandler
                0x08002cd8                EXTI15_10_IRQHandler
                0x08002cd8                IPCC_C1_RX_IRQHandler
                0x08002cd8                C2SEV_PWR_C2H_IRQHandler
                0x08002cd8                AES2_IRQHandler
                0x08002cd8                I2C3_EV_IRQHandler
                0x08002cd8                EXTI9_5_IRQHandler
                0x08002cd8                RTC_WKUP_IRQHandler
                0x08002cd8                PVD_PVM_IRQHandler
                0x08002cd8                SPI2_IRQHandler
                0x08002cd8                DMA2_Channel5_IRQHandler
                0x08002cd8                CRS_IRQHandler
                0x08002cd8                DMA1_Channel5_IRQHandler
                0x08002cd8                USB_LP_IRQHandler
                0x08002cd8                RNG_IRQHandler
                0x08002cd8                TAMP_STAMP_LSECSS_IRQHandler
                0x08002cd8                DMA1_Channel3_IRQHandler
                0x08002cd8                COMP_IRQHandler
                0x08002cd8                HSEM_IRQHandler
                0x08002cd8                WWDG_IRQHandler
                0x08002cd8                LPUART1_IRQHandler
                0x08002cd8                DMA2_Channel6_IRQHandler
                0x08002cd8                TIM2_IRQHandler
                0x08002cd8                TIM1_BRK_IRQHandler
                0x08002cd8                DMA1_Channel2_IRQHandler
                0x08002cd8                FLASH_IRQHandler
                0x08002cd8                USART1_IRQHandler
                0x08002cd8                I2C1_ER_IRQHandler
                0x08002cd8                LPTIM1_IRQHandler
                0x08002cd8                SAI1_IRQHandler
                0x08002cd8                DMA2_Channel3_IRQHandler
 .text.LL_AHB2_GRP1_EnableClock
                0x08002cda       0x18 ./Drivers/BSP/P-NUCLEO-WB55.Nucleo/stm32wbxx_nucleo.o
 *fill*         0x08002cf2        0x2 
 .text.MX_LPUART1_Init
                0x08002cf4       0x2c ./Drivers/BSP/P-NUCLEO-WB55.Nucleo/stm32wbxx_nucleo.o
                0x08002cf4                MX_LPUART1_Init
 .text.BSP_COM_Init
                0x08002d20       0x80 ./Drivers/BSP/P-NUCLEO-WB55.Nucleo/stm32wbxx_nucleo.o
                0x08002d20                BSP_COM_Init
 .text.__io_putchar
                0x08002da0       0x2c ./Drivers/BSP/P-NUCLEO-WB55.Nucleo/stm32wbxx_nucleo.o
                0x08002da0                __io_putchar
 .text.HAL_Init
                0x08002dcc       0x2c ./Drivers/STM32WBxx_HAL_Driver/Src/stm32wbxx_hal.o
                0x08002dcc                HAL_Init
 .text.HAL_IncTick
                0x08002df8       0x18 ./Drivers/STM32WBxx_HAL_Driver/Src/stm32wbxx_hal.o
                0x08002df8                HAL_IncTick
 .text.HAL_GetTick
                0x08002e10        0xc ./Drivers/STM32WBxx_HAL_Driver/Src/stm32wbxx_hal.o
                0x08002e10                HAL_GetTick
 .text.HAL_GetTickPrio
                0x08002e1c        0xc ./Drivers/STM32WBxx_HAL_Driver/Src/stm32wbxx_hal.o
                0x08002e1c                HAL_GetTickPrio
 .text.HAL_Delay
                0x08002e28       0x28 ./Drivers/STM32WBxx_HAL_Driver/Src/stm32wbxx_hal.o
                0x08002e28                HAL_Delay
 .text.HAL_NVIC_SetPriorityGrouping
                0x08002e50       0x24 ./Drivers/STM32WBxx_HAL_Driver/Src/stm32wbxx_hal_cortex.o
                0x08002e50                HAL_NVIC_SetPriorityGrouping
 .text.HAL_NVIC_SetPriority
                0x08002e74       0x64 ./Drivers/STM32WBxx_HAL_Driver/Src/stm32wbxx_hal_cortex.o
                0x08002e74                HAL_NVIC_SetPriority
 .text.HAL_NVIC_EnableIRQ
                0x08002ed8       0x1c ./Drivers/STM32WBxx_HAL_Driver/Src/stm32wbxx_hal_cortex.o
                0x08002ed8                HAL_NVIC_EnableIRQ
 .text.HAL_GPIO_Init
                0x08002ef4      0x16c ./Drivers/STM32WBxx_HAL_Driver/Src/stm32wbxx_hal_gpio.o
                0x08002ef4                HAL_GPIO_Init
 .text.HAL_GPIO_ReadPin
                0x08003060        0xc ./Drivers/STM32WBxx_HAL_Driver/Src/stm32wbxx_hal_gpio.o
                0x08003060                HAL_GPIO_ReadPin
 .text.HAL_GPIO_WritePin
                0x0800306c        0xa ./Drivers/STM32WBxx_HAL_Driver/Src/stm32wbxx_hal_gpio.o
                0x0800306c                HAL_GPIO_WritePin
 *fill*         0x08003076        0x2 
 .text.HAL_GPIO_EXTI_IRQHandler
                0x08003078       0x18 ./Drivers/STM32WBxx_HAL_Driver/Src/stm32wbxx_hal_gpio.o
                0x08003078                HAL_GPIO_EXTI_IRQHandler
 .text.HAL_PWR_EnableBkUpAccess
                0x08003090       0x10 ./Drivers/STM32WBxx_HAL_Driver/Src/stm32wbxx_hal_pwr.o
                0x08003090                HAL_PWR_EnableBkUpAccess
 .text.HAL_PWREx_GetVoltageRange
                0x080030a0       0x10 ./Drivers/STM32WBxx_HAL_Driver/Src/stm32wbxx_hal_pwr_ex.o
                0x080030a0                HAL_PWREx_GetVoltageRange
 .text.LL_RCC_LSI1_IsReady
                0x080030b0        0xe ./Drivers/STM32WBxx_HAL_Driver/Src/stm32wbxx_hal_rcc.o
 .text.LL_RCC_MSI_IsReady
                0x080030be        0xc ./Drivers/STM32WBxx_HAL_Driver/Src/stm32wbxx_hal_rcc.o
 .text.LL_RCC_MSI_SetRange
                0x080030ca       0x10 ./Drivers/STM32WBxx_HAL_Driver/Src/stm32wbxx_hal_rcc.o
 .text.LL_RCC_MSI_SetCalibTrimming
                0x080030da       0x12 ./Drivers/STM32WBxx_HAL_Driver/Src/stm32wbxx_hal_rcc.o
 .text.RCC_SetFlashLatencyFromMSIRange
                0x080030ec       0xe8 ./Drivers/STM32WBxx_HAL_Driver/Src/stm32wbxx_hal_rcc.o
 .text.HAL_RCC_GetSysClockFreq
                0x080031d4       0xa4 ./Drivers/STM32WBxx_HAL_Driver/Src/stm32wbxx_hal_rcc.o
                0x080031d4                HAL_RCC_GetSysClockFreq
 .text.HAL_RCC_GetHCLKFreq
                0x08003278       0x20 ./Drivers/STM32WBxx_HAL_Driver/Src/stm32wbxx_hal_rcc.o
                0x08003278                HAL_RCC_GetHCLKFreq
 .text.HAL_RCC_OscConfig
                0x08003298      0x598 ./Drivers/STM32WBxx_HAL_Driver/Src/stm32wbxx_hal_rcc.o
                0x08003298                HAL_RCC_OscConfig
 .text.HAL_RCC_ClockConfig
                0x08003830      0x1fc ./Drivers/STM32WBxx_HAL_Driver/Src/stm32wbxx_hal_rcc.o
                0x08003830                HAL_RCC_ClockConfig
 .text.HAL_RCC_GetPCLK1Freq
                0x08003a2c       0x24 ./Drivers/STM32WBxx_HAL_Driver/Src/stm32wbxx_hal_rcc.o
                0x08003a2c                HAL_RCC_GetPCLK1Freq
 .text.HAL_RCC_GetPCLK2Freq
                0x08003a50       0x24 ./Drivers/STM32WBxx_HAL_Driver/Src/stm32wbxx_hal_rcc.o
                0x08003a50                HAL_RCC_GetPCLK2Freq
 .text.HAL_RCC_GetClockConfig
                0x08003a74       0x4c ./Drivers/STM32WBxx_HAL_Driver/Src/stm32wbxx_hal_rcc.o
                0x08003a74                HAL_RCC_GetClockConfig
 .text.LL_RCC_LSE_IsReady
                0x08003ac0        0xe ./Drivers/STM32WBxx_HAL_Driver/Src/stm32wbxx_hal_rcc_ex.o
 .text.LL_RCC_SetI2CClockSource
                0x08003ace       0x20 ./Drivers/STM32WBxx_HAL_Driver/Src/stm32wbxx_hal_rcc_ex.o
 .text.LL_RCC_PLLSAI1_Enable
                0x08003aee        0xe ./Drivers/STM32WBxx_HAL_Driver/Src/stm32wbxx_hal_rcc_ex.o
 .text.LL_RCC_PLLSAI1_Disable
                0x08003afc        0xe ./Drivers/STM32WBxx_HAL_Driver/Src/stm32wbxx_hal_rcc_ex.o
 .text.LL_RCC_PLLSAI1_IsReady
                0x08003b0a        0xc ./Drivers/STM32WBxx_HAL_Driver/Src/stm32wbxx_hal_rcc_ex.o
 .text.HAL_RCCEx_PeriphCLKConfig
                0x08003b16      0x37e ./Drivers/STM32WBxx_HAL_Driver/Src/stm32wbxx_hal_rcc_ex.o
                0x08003b16                HAL_RCCEx_PeriphCLKConfig
 .text.SPI_WaitFlagStateUntilTimeout.constprop.0
                0x08003e94       0xa4 ./Drivers/STM32WBxx_HAL_Driver/Src/stm32wbxx_hal_spi.o
 .text.SPI_WaitFifoStateUntilTimeout.constprop.0
                0x08003f38       0xc8 ./Drivers/STM32WBxx_HAL_Driver/Src/stm32wbxx_hal_spi.o
 .text.SPI_EndRxTxTransaction
                0x08004000       0x44 ./Drivers/STM32WBxx_HAL_Driver/Src/stm32wbxx_hal_spi.o
 .text.HAL_SPI_Init
                0x08004044       0xd4 ./Drivers/STM32WBxx_HAL_Driver/Src/stm32wbxx_hal_spi.o
                0x08004044                HAL_SPI_Init
 .text.HAL_SPI_Transmit
                0x08004118      0x194 ./Drivers/STM32WBxx_HAL_Driver/Src/stm32wbxx_hal_spi.o
                0x08004118                HAL_SPI_Transmit
 .text.HAL_TIM_Base_MspInit
                0x080042ac        0x2 ./Drivers/STM32WBxx_HAL_Driver/Src/stm32wbxx_hal_tim.o
                0x080042ac                HAL_TIM_Base_MspInit
 *fill*         0x080042ae        0x2 
 .text.HAL_TIM_Base_Start_IT
                0x080042b0       0x4c ./Drivers/STM32WBxx_HAL_Driver/Src/stm32wbxx_hal_tim.o
                0x080042b0                HAL_TIM_Base_Start_IT
 .text.HAL_TIM_OC_DelayElapsedCallback
                0x080042fc        0x2 ./Drivers/STM32WBxx_HAL_Driver/Src/stm32wbxx_hal_tim.o
                0x080042fc                HAL_TIM_OC_DelayElapsedCallback
 .text.HAL_TIM_IC_CaptureCallback
                0x080042fe        0x2 ./Drivers/STM32WBxx_HAL_Driver/Src/stm32wbxx_hal_tim.o
                0x080042fe                HAL_TIM_IC_CaptureCallback
 .text.HAL_TIM_PWM_PulseFinishedCallback
                0x08004300        0x2 ./Drivers/STM32WBxx_HAL_Driver/Src/stm32wbxx_hal_tim.o
                0x08004300                HAL_TIM_PWM_PulseFinishedCallback
 .text.HAL_TIM_TriggerCallback
                0x08004302        0x2 ./Drivers/STM32WBxx_HAL_Driver/Src/stm32wbxx_hal_tim.o
                0x08004302                HAL_TIM_TriggerCallback
 .text.HAL_TIM_IRQHandler
                0x08004304      0x140 ./Drivers/STM32WBxx_HAL_Driver/Src/stm32wbxx_hal_tim.o
                0x08004304                HAL_TIM_IRQHandler
 .text.TIM_Base_SetConfig
                0x08004444       0x84 ./Drivers/STM32WBxx_HAL_Driver/Src/stm32wbxx_hal_tim.o
                0x08004444                TIM_Base_SetConfig
 .text.HAL_TIM_Base_Init
                0x080044c8       0x60 ./Drivers/STM32WBxx_HAL_Driver/Src/stm32wbxx_hal_tim.o
                0x080044c8                HAL_TIM_Base_Init
 .text.HAL_TIMEx_CommutCallback
                0x08004528        0x2 ./Drivers/STM32WBxx_HAL_Driver/Src/stm32wbxx_hal_tim_ex.o
                0x08004528                HAL_TIMEx_CommutCallback
 .text.HAL_TIMEx_BreakCallback
                0x0800452a        0x2 ./Drivers/STM32WBxx_HAL_Driver/Src/stm32wbxx_hal_tim_ex.o
                0x0800452a                HAL_TIMEx_BreakCallback
 .text.HAL_TIMEx_Break2Callback
                0x0800452c        0x2 ./Drivers/STM32WBxx_HAL_Driver/Src/stm32wbxx_hal_tim_ex.o
                0x0800452c                HAL_TIMEx_Break2Callback
 *fill*         0x0800452e        0x2 
 .text.UART_EndRxTransfer
                0x08004530       0x58 ./Drivers/STM32WBxx_HAL_Driver/Src/stm32wbxx_hal_uart.o
 .text.HAL_UART_MspInit
                0x08004588        0x2 ./Drivers/STM32WBxx_HAL_Driver/Src/stm32wbxx_hal_uart.o
                0x08004588                HAL_UART_MspInit
 *fill*         0x0800458a        0x2 
 .text.UART_SetConfig
                0x0800458c      0x1bc ./Drivers/STM32WBxx_HAL_Driver/Src/stm32wbxx_hal_uart.o
                0x0800458c                UART_SetConfig
 .text.UART_AdvFeatureConfig
                0x08004748       0xa8 ./Drivers/STM32WBxx_HAL_Driver/Src/stm32wbxx_hal_uart.o
                0x08004748                UART_AdvFeatureConfig
 .text.UART_WaitOnFlagUntilTimeout
                0x080047f0       0x90 ./Drivers/STM32WBxx_HAL_Driver/Src/stm32wbxx_hal_uart.o
                0x080047f0                UART_WaitOnFlagUntilTimeout
 .text.HAL_UART_Transmit
                0x08004880       0xaa ./Drivers/STM32WBxx_HAL_Driver/Src/stm32wbxx_hal_uart.o
                0x08004880                HAL_UART_Transmit
 .text.UART_CheckIdleState
                0x0800492a       0xb6 ./Drivers/STM32WBxx_HAL_Driver/Src/stm32wbxx_hal_uart.o
                0x0800492a                UART_CheckIdleState
 .text.HAL_UART_Init
                0x080049e0       0x60 ./Drivers/STM32WBxx_HAL_Driver/Src/stm32wbxx_hal_uart.o
                0x080049e0                HAL_UART_Init
 .text.SysTick_Handler
                0x08004a40       0x1a ./Middlewares/Third_Party/FreeRTOS/Source/CMSIS_RTOS_V2/cmsis_os2.o
                0x08004a40                SysTick_Handler
 *fill*         0x08004a5a        0x2 
 .text.osKernelInitialize
                0x08004a5c       0x24 ./Middlewares/Third_Party/FreeRTOS/Source/CMSIS_RTOS_V2/cmsis_os2.o
                0x08004a5c                osKernelInitialize
 .text.osKernelStart
                0x08004a80       0x34 ./Middlewares/Third_Party/FreeRTOS/Source/CMSIS_RTOS_V2/cmsis_os2.o
                0x08004a80                osKernelStart
 .text.osThreadNew
                0x08004ab4       0x8e ./Middlewares/Third_Party/FreeRTOS/Source/CMSIS_RTOS_V2/cmsis_os2.o
                0x08004ab4                osThreadNew
 .text.osDelay  0x08004b42       0x18 ./Middlewares/Third_Party/FreeRTOS/Source/CMSIS_RTOS_V2/cmsis_os2.o
                0x08004b42                osDelay
 .text.osSemaphoreNew
                0x08004b5a       0x94 ./Middlewares/Third_Party/FreeRTOS/Source/CMSIS_RTOS_V2/cmsis_os2.o
                0x08004b5a                osSemaphoreNew
 *fill*         0x08004bee        0x2 
 .text.vApplicationGetIdleTaskMemory
                0x08004bf0       0x18 ./Middlewares/Third_Party/FreeRTOS/Source/CMSIS_RTOS_V2/cmsis_os2.o
                0x08004bf0                vApplicationGetIdleTaskMemory
 .text.vApplicationGetTimerTaskMemory
                0x08004c08       0x18 ./Middlewares/Third_Party/FreeRTOS/Source/CMSIS_RTOS_V2/cmsis_os2.o
                0x08004c08                vApplicationGetTimerTaskMemory
 .text.vListInitialise
                0x08004c20       0x16 ./Middlewares/Third_Party/FreeRTOS/Source/list.o
                0x08004c20                vListInitialise
 .text.vListInitialiseItem
                0x08004c36        0x6 ./Middlewares/Third_Party/FreeRTOS/Source/list.o
                0x08004c36                vListInitialiseItem
 .text.vListInsertEnd
                0x08004c3c       0x16 ./Middlewares/Third_Party/FreeRTOS/Source/list.o
                0x08004c3c                vListInsertEnd
 .text.vListInsert
                0x08004c52       0x2e ./Middlewares/Third_Party/FreeRTOS/Source/list.o
                0x08004c52                vListInsert
 .text.uxListRemove
                0x08004c80       0x20 ./Middlewares/Third_Party/FreeRTOS/Source/list.o
                0x08004c80                uxListRemove
 .text.prvIsQueueEmpty
                0x08004ca0       0x16 ./Middlewares/Third_Party/FreeRTOS/Source/queue.o
 .text.prvCopyDataToQueue
                0x08004cb6       0x66 ./Middlewares/Third_Party/FreeRTOS/Source/queue.o
 .text.prvCopyDataFromQueue
                0x08004d1c       0x2c ./Middlewares/Third_Party/FreeRTOS/Source/queue.o
 .text.prvUnlockQueue
                0x08004d48       0x70 ./Middlewares/Third_Party/FreeRTOS/Source/queue.o
 .text.xQueueGenericReset
                0x08004db8       0x7e ./Middlewares/Third_Party/FreeRTOS/Source/queue.o
                0x08004db8                xQueueGenericReset
 .text.xQueueGenericCreateStatic
                0x08004e36       0x9c ./Middlewares/Third_Party/FreeRTOS/Source/queue.o
                0x08004e36                xQueueGenericCreateStatic
 .text.xQueueGenericCreate
                0x08004ed2       0x4e ./Middlewares/Third_Party/FreeRTOS/Source/queue.o
                0x08004ed2                xQueueGenericCreate
 .text.xQueueCreateCountingSemaphoreStatic
                0x08004f20       0x44 ./Middlewares/Third_Party/FreeRTOS/Source/queue.o
                0x08004f20                xQueueCreateCountingSemaphoreStatic
 .text.xQueueCreateCountingSemaphore
                0x08004f64       0x3c ./Middlewares/Third_Party/FreeRTOS/Source/queue.o
                0x08004f64                xQueueCreateCountingSemaphore
 .text.xQueueGenericSend
                0x08004fa0      0x164 ./Middlewares/Third_Party/FreeRTOS/Source/queue.o
                0x08004fa0                xQueueGenericSend
 .text.xQueueGenericSendFromISR
                0x08005104       0xba ./Middlewares/Third_Party/FreeRTOS/Source/queue.o
                0x08005104                xQueueGenericSendFromISR
 .text.xQueueReceive
                0x080051be      0x13c ./Middlewares/Third_Party/FreeRTOS/Source/queue.o
                0x080051be                xQueueReceive
 *fill*         0x080052fa        0x2 
 .text.vQueueAddToRegistry
                0x080052fc       0x24 ./Middlewares/Third_Party/FreeRTOS/Source/queue.o
                0x080052fc                vQueueAddToRegistry
 .text.vQueueUnregisterQueue
                0x08005320       0x30 ./Middlewares/Third_Party/FreeRTOS/Source/queue.o
                0x08005320                vQueueUnregisterQueue
 .text.vQueueDelete
                0x08005350       0x2a ./Middlewares/Third_Party/FreeRTOS/Source/queue.o
                0x08005350                vQueueDelete
 .text.vQueueWaitForMessageRestricted
                0x0800537a       0x46 ./Middlewares/Third_Party/FreeRTOS/Source/queue.o
                0x0800537a                vQueueWaitForMessageRestricted
 .text.prvAddNewTaskToReadyList
                0x080053c0      0x100 ./Middlewares/Third_Party/FreeRTOS/Source/tasks.o
 .text.prvAddCurrentTaskToDelayedList
                0x080054c0       0x70 ./Middlewares/Third_Party/FreeRTOS/Source/tasks.o
 .text.prvResetNextTaskUnblockTime
                0x08005530       0x24 ./Middlewares/Third_Party/FreeRTOS/Source/tasks.o
 .text.prvDeleteTCB
                0x08005554       0x3c ./Middlewares/Third_Party/FreeRTOS/Source/tasks.o
 .text.prvIdleTask
                0x08005590       0x60 ./Middlewares/Third_Party/FreeRTOS/Source/tasks.o
 .text.prvInitialiseNewTask.constprop.0
                0x080055f0       0xb8 ./Middlewares/Third_Party/FreeRTOS/Source/tasks.o
 .text.xTaskCreateStatic
                0x080056a8       0x70 ./Middlewares/Third_Party/FreeRTOS/Source/tasks.o
                0x080056a8                xTaskCreateStatic
 .text.xTaskCreate
                0x08005718       0x5c ./Middlewares/Third_Party/FreeRTOS/Source/tasks.o
                0x08005718                xTaskCreate
 .text.vTaskStartScheduler
                0x08005774       0xa0 ./Middlewares/Third_Party/FreeRTOS/Source/tasks.o
                0x08005774                vTaskStartScheduler
 .text.vTaskSuspendAll
                0x08005814       0x10 ./Middlewares/Third_Party/FreeRTOS/Source/tasks.o
                0x08005814                vTaskSuspendAll
 .text.xTaskGetTickCount
                0x08005824        0xc ./Middlewares/Third_Party/FreeRTOS/Source/tasks.o
                0x08005824                xTaskGetTickCount
 .text.xTaskGetTickCountFromISR
                0x08005830       0x10 ./Middlewares/Third_Party/FreeRTOS/Source/tasks.o
                0x08005830                xTaskGetTickCountFromISR
 .text.xTaskIncrementTick
                0x08005840      0x12c ./Middlewares/Third_Party/FreeRTOS/Source/tasks.o
                0x08005840                xTaskIncrementTick
 .text.xTaskResumeAll
                0x0800596c       0xe8 ./Middlewares/Third_Party/FreeRTOS/Source/tasks.o
                0x0800596c                xTaskResumeAll
 .text.vTaskDelay
                0x08005a54       0x48 ./Middlewares/Third_Party/FreeRTOS/Source/tasks.o
                0x08005a54                vTaskDelay
 .text.vTaskSwitchContext
                0x08005a9c       0xb0 ./Middlewares/Third_Party/FreeRTOS/Source/tasks.o
                0x08005a9c                vTaskSwitchContext
 .text.vTaskPlaceOnEventList
                0x08005b4c       0x34 ./Middlewares/Third_Party/FreeRTOS/Source/tasks.o
                0x08005b4c                vTaskPlaceOnEventList
 .text.vTaskPlaceOnEventListRestricted
                0x08005b80       0x3c ./Middlewares/Third_Party/FreeRTOS/Source/tasks.o
                0x08005b80                vTaskPlaceOnEventListRestricted
 .text.xTaskRemoveFromEventList
                0x08005bbc       0x80 ./Middlewares/Third_Party/FreeRTOS/Source/tasks.o
                0x08005bbc                xTaskRemoveFromEventList
 .text.vTaskInternalSetTimeOutState
                0x08005c3c       0x18 ./Middlewares/Third_Party/FreeRTOS/Source/tasks.o
                0x08005c3c                vTaskInternalSetTimeOutState
 .text.xTaskCheckForTimeOut
                0x08005c54       0x78 ./Middlewares/Third_Party/FreeRTOS/Source/tasks.o
                0x08005c54                xTaskCheckForTimeOut
 .text.vTaskMissedYield
                0x08005ccc        0xc ./Middlewares/Third_Party/FreeRTOS/Source/tasks.o
                0x08005ccc                vTaskMissedYield
 .text.xTaskGetSchedulerState
                0x08005cd8       0x20 ./Middlewares/Third_Party/FreeRTOS/Source/tasks.o
                0x08005cd8                xTaskGetSchedulerState
 .text.xTaskPriorityDisinherit
                0x08005cf8       0x84 ./Middlewares/Third_Party/FreeRTOS/Source/tasks.o
                0x08005cf8                xTaskPriorityDisinherit
 .text.prvInsertTimerInActiveList
                0x08005d7c       0x3c ./Middlewares/Third_Party/FreeRTOS/Source/timers.o
 .text.prvCheckForValidListAndQueue
                0x08005db8       0x68 ./Middlewares/Third_Party/FreeRTOS/Source/timers.o
 .text.xTimerCreateTimerTask
                0x08005e20       0x64 ./Middlewares/Third_Party/FreeRTOS/Source/timers.o
                0x08005e20                xTimerCreateTimerTask
 .text.xTimerGenericCommand
                0x08005e84       0x58 ./Middlewares/Third_Party/FreeRTOS/Source/timers.o
                0x08005e84                xTimerGenericCommand
 .text.prvSampleTimeNow
                0x08005edc       0xa4 ./Middlewares/Third_Party/FreeRTOS/Source/timers.o
 .text.prvTimerTask
                0x08005f80      0x1cc ./Middlewares/Third_Party/FreeRTOS/Source/timers.o
 .text.prvPortStartFirstTask
                0x0800614c       0x28 ./Middlewares/Third_Party/FreeRTOS/Source/portable/GCC/ARM_CM4F/port.o
 .text.vPortEnableVFP
                0x08006174       0x14 ./Middlewares/Third_Party/FreeRTOS/Source/portable/GCC/ARM_CM4F/port.o
 .text.prvTaskExitError
                0x08006188       0x40 ./Middlewares/Third_Party/FreeRTOS/Source/portable/GCC/ARM_CM4F/port.o
 .text.pxPortInitialiseStack
                0x080061c8       0x2c ./Middlewares/Third_Party/FreeRTOS/Source/portable/GCC/ARM_CM4F/port.o
                0x080061c8                pxPortInitialiseStack
 *fill*         0x080061f4        0xc 
 .text.SVC_Handler
                0x08006200       0x24 ./Middlewares/Third_Party/FreeRTOS/Source/portable/GCC/ARM_CM4F/port.o
                0x08006200                SVC_Handler
 .text.vPortEnterCritical
                0x08006224       0x40 ./Middlewares/Third_Party/FreeRTOS/Source/portable/GCC/ARM_CM4F/port.o
                0x08006224                vPortEnterCritical
 .text.vPortExitCritical
                0x08006264       0x28 ./Middlewares/Third_Party/FreeRTOS/Source/portable/GCC/ARM_CM4F/port.o
                0x08006264                vPortExitCritical
 *fill*         0x0800628c        0x4 
 .text.PendSV_Handler
                0x08006290       0x64 ./Middlewares/Third_Party/FreeRTOS/Source/portable/GCC/ARM_CM4F/port.o
                0x08006290                PendSV_Handler
 .text.xPortSysTickHandler
                0x080062f4       0x2c ./Middlewares/Third_Party/FreeRTOS/Source/portable/GCC/ARM_CM4F/port.o
                0x080062f4                xPortSysTickHandler
 .text.vPortSetupTimerInterrupt
                0x08006320       0x24 ./Middlewares/Third_Party/FreeRTOS/Source/portable/GCC/ARM_CM4F/port.o
                0x08006320                vPortSetupTimerInterrupt
 .text.xPortStartScheduler
                0x08006344      0x104 ./Middlewares/Third_Party/FreeRTOS/Source/portable/GCC/ARM_CM4F/port.o
                0x08006344                xPortStartScheduler
 .text.vPortValidateInterruptPriority
                0x08006448       0x5c ./Middlewares/Third_Party/FreeRTOS/Source/portable/GCC/ARM_CM4F/port.o
                0x08006448                vPortValidateInterruptPriority
 .text.prvInsertBlockIntoFreeList
                0x080064a4       0x4c ./Middlewares/Third_Party/FreeRTOS/Source/portable/MemMang/heap_4.o
 .text.pvPortMalloc
                0x080064f0      0x134 ./Middlewares/Third_Party/FreeRTOS/Source/portable/MemMang/heap_4.o
                0x080064f0                pvPortMalloc
 .text.vPortFree
                0x08006624       0x7c ./Middlewares/Third_Party/FreeRTOS/Source/portable/MemMang/heap_4.o
                0x08006624                vPortFree
 .text._ZdlPvj  0x080066a0        0x4 C:/ST/STM32CubeIDE_1.16.1/STM32CubeIDE/plugins/com.st.stm32cube.ide.mcu.externaltools.gnu-tools-for-stm32.12.3.rel1.win32_1.0.200.202406191623/tools/bin/../lib/gcc/arm-none-eabi/12.3.1/../../../../arm-none-eabi/lib/thumb/v7e-m+fp/hard\libstdc++_nano.a(del_ops.o)
                0x080066a0                operator delete(void*, unsigned int)
 .text._ZdlPv   0x080066a4        0x4 C:/ST/STM32CubeIDE_1.16.1/STM32CubeIDE/plugins/com.st.stm32cube.ide.mcu.externaltools.gnu-tools-for-stm32.12.3.rel1.win32_1.0.200.202406191623/tools/bin/../lib/gcc/arm-none-eabi/12.3.1/../../../../arm-none-eabi/lib/thumb/v7e-m+fp/hard\libstdc++_nano.a(del_op.o)
                0x080066a4                operator delete(void*)
 .text.abort    0x080066a8        0xe C:/ST/STM32CubeIDE_1.16.1/STM32CubeIDE/plugins/com.st.stm32cube.ide.mcu.externaltools.gnu-tools-for-stm32.12.3.rel1.win32_1.0.200.202406191623/tools/bin/../lib/gcc/arm-none-eabi/12.3.1/../../../../arm-none-eabi/lib/thumb/v7e-m+fp/hard\libc_nano.a(libc_a-abort.o)
                0x080066a8                abort
 *fill*         0x080066b6        0x2 
 .text.malloc   0x080066b8       0x10 C:/ST/STM32CubeIDE_1.16.1/STM32CubeIDE/plugins/com.st.stm32cube.ide.mcu.externaltools.gnu-tools-for-stm32.12.3.rel1.win32_1.0.200.202406191623/tools/bin/../lib/gcc/arm-none-eabi/12.3.1/../../../../arm-none-eabi/lib/thumb/v7e-m+fp/hard\libc_nano.a(libc_a-malloc.o)
                0x080066b8                malloc
 .text.free     0x080066c8       0x10 C:/ST/STM32CubeIDE_1.16.1/STM32CubeIDE/plugins/com.st.stm32cube.ide.mcu.externaltools.gnu-tools-for-stm32.12.3.rel1.win32_1.0.200.202406191623/tools/bin/../lib/gcc/arm-none-eabi/12.3.1/../../../../arm-none-eabi/lib/thumb/v7e-m+fp/hard\libc_nano.a(libc_a-malloc.o)
                0x080066c8                free
 .text.sbrk_aligned
                0x080066d8       0x44 C:/ST/STM32CubeIDE_1.16.1/STM32CubeIDE/plugins/com.st.stm32cube.ide.mcu.externaltools.gnu-tools-for-stm32.12.3.rel1.win32_1.0.200.202406191623/tools/bin/../lib/gcc/arm-none-eabi/12.3.1/../../../../arm-none-eabi/lib/thumb/v7e-m+fp/hard\libc_nano.a(libc_a-mallocr.o)
 .text._malloc_r
                0x0800671c      0x100 C:/ST/STM32CubeIDE_1.16.1/STM32CubeIDE/plugins/com.st.stm32cube.ide.mcu.externaltools.gnu-tools-for-stm32.12.3.rel1.win32_1.0.200.202406191623/tools/bin/../lib/gcc/arm-none-eabi/12.3.1/../../../../arm-none-eabi/lib/thumb/v7e-m+fp/hard\libc_nano.a(libc_a-mallocr.o)
                0x0800671c                _malloc_r
 .text.__malloc_lock
                0x0800681c        0xc C:/ST/STM32CubeIDE_1.16.1/STM32CubeIDE/plugins/com.st.stm32cube.ide.mcu.externaltools.gnu-tools-for-stm32.12.3.rel1.win32_1.0.200.202406191623/tools/bin/../lib/gcc/arm-none-eabi/12.3.1/../../../../arm-none-eabi/lib/thumb/v7e-m+fp/hard\libc_nano.a(libc_a-mlock.o)
                0x0800681c                __malloc_lock
 .text.__malloc_unlock
                0x08006828        0xc C:/ST/STM32CubeIDE_1.16.1/STM32CubeIDE/plugins/com.st.stm32cube.ide.mcu.externaltools.gnu-tools-for-stm32.12.3.rel1.win32_1.0.200.202406191623/tools/bin/../lib/gcc/arm-none-eabi/12.3.1/../../../../arm-none-eabi/lib/thumb/v7e-m+fp/hard\libc_nano.a(libc_a-mlock.o)
                0x08006828                __malloc_unlock
 .text.__cvt    0x08006834       0xca C:/ST/STM32CubeIDE_1.16.1/STM32CubeIDE/plugins/com.st.stm32cube.ide.mcu.externaltools.gnu-tools-for-stm32.12.3.rel1.win32_1.0.200.202406191623/tools/bin/../lib/gcc/arm-none-eabi/12.3.1/../../../../arm-none-eabi/lib/thumb/v7e-m+fp/hard\libc_nano.a(libc_a-nano-vfprintf_float.o)
                0x08006834                __cvt
 .text.__exponent
                0x080068fe       0x74 C:/ST/STM32CubeIDE_1.16.1/STM32CubeIDE/plugins/com.st.stm32cube.ide.mcu.externaltools.gnu-tools-for-stm32.12.3.rel1.win32_1.0.200.202406191623/tools/bin/../lib/gcc/arm-none-eabi/12.3.1/../../../../arm-none-eabi/lib/thumb/v7e-m+fp/hard\libc_nano.a(libc_a-nano-vfprintf_float.o)
                0x080068fe                __exponent
 *fill*         0x08006972        0x2 
 .text._printf_float
                0x08006974      0x454 C:/ST/STM32CubeIDE_1.16.1/STM32CubeIDE/plugins/com.st.stm32cube.ide.mcu.externaltools.gnu-tools-for-stm32.12.3.rel1.win32_1.0.200.202406191623/tools/bin/../lib/gcc/arm-none-eabi/12.3.1/../../../../arm-none-eabi/lib/thumb/v7e-m+fp/hard\libc_nano.a(libc_a-nano-vfprintf_float.o)
                0x08006974                _printf_float
 .text._printf_common
                0x08006dc8       0xda C:/ST/STM32CubeIDE_1.16.1/STM32CubeIDE/plugins/com.st.stm32cube.ide.mcu.externaltools.gnu-tools-for-stm32.12.3.rel1.win32_1.0.200.202406191623/tools/bin/../lib/gcc/arm-none-eabi/12.3.1/../../../../arm-none-eabi/lib/thumb/v7e-m+fp/hard\libc_nano.a(libc_a-nano-vfprintf_i.o)
                0x08006dc8                _printf_common
 *fill*         0x08006ea2        0x2 
 .text._printf_i
                0x08006ea4      0x240 C:/ST/STM32CubeIDE_1.16.1/STM32CubeIDE/plugins/com.st.stm32cube.ide.mcu.externaltools.gnu-tools-for-stm32.12.3.rel1.win32_1.0.200.202406191623/tools/bin/../lib/gcc/arm-none-eabi/12.3.1/../../../../arm-none-eabi/lib/thumb/v7e-m+fp/hard\libc_nano.a(libc_a-nano-vfprintf_i.o)
                0x08006ea4                _printf_i
 .text.std      0x080070e4       0x6c C:/ST/STM32CubeIDE_1.16.1/STM32CubeIDE/plugins/com.st.stm32cube.ide.mcu.externaltools.gnu-tools-for-stm32.12.3.rel1.win32_1.0.200.202406191623/tools/bin/../lib/gcc/arm-none-eabi/12.3.1/../../../../arm-none-eabi/lib/thumb/v7e-m+fp/hard\libc_nano.a(libc_a-findfp.o)
 .text.stdio_exit_handler
                0x08007150       0x18 C:/ST/STM32CubeIDE_1.16.1/STM32CubeIDE/plugins/com.st.stm32cube.ide.mcu.externaltools.gnu-tools-for-stm32.12.3.rel1.win32_1.0.200.202406191623/tools/bin/../lib/gcc/arm-none-eabi/12.3.1/../../../../arm-none-eabi/lib/thumb/v7e-m+fp/hard\libc_nano.a(libc_a-findfp.o)
 .text.cleanup_stdio
                0x08007168       0x40 C:/ST/STM32CubeIDE_1.16.1/STM32CubeIDE/plugins/com.st.stm32cube.ide.mcu.externaltools.gnu-tools-for-stm32.12.3.rel1.win32_1.0.200.202406191623/tools/bin/../lib/gcc/arm-none-eabi/12.3.1/../../../../arm-none-eabi/lib/thumb/v7e-m+fp/hard\libc_nano.a(libc_a-findfp.o)
 .text.global_stdio_init.part.0
                0x080071a8       0x3c C:/ST/STM32CubeIDE_1.16.1/STM32CubeIDE/plugins/com.st.stm32cube.ide.mcu.externaltools.gnu-tools-for-stm32.12.3.rel1.win32_1.0.200.202406191623/tools/bin/../lib/gcc/arm-none-eabi/12.3.1/../../../../arm-none-eabi/lib/thumb/v7e-m+fp/hard\libc_nano.a(libc_a-findfp.o)
 .text.__sfp_lock_acquire
                0x080071e4        0xc C:/ST/STM32CubeIDE_1.16.1/STM32CubeIDE/plugins/com.st.stm32cube.ide.mcu.externaltools.gnu-tools-for-stm32.12.3.rel1.win32_1.0.200.202406191623/tools/bin/../lib/gcc/arm-none-eabi/12.3.1/../../../../arm-none-eabi/lib/thumb/v7e-m+fp/hard\libc_nano.a(libc_a-findfp.o)
                0x080071e4                __sfp_lock_acquire
 .text.__sfp_lock_release
                0x080071f0        0xc C:/ST/STM32CubeIDE_1.16.1/STM32CubeIDE/plugins/com.st.stm32cube.ide.mcu.externaltools.gnu-tools-for-stm32.12.3.rel1.win32_1.0.200.202406191623/tools/bin/../lib/gcc/arm-none-eabi/12.3.1/../../../../arm-none-eabi/lib/thumb/v7e-m+fp/hard\libc_nano.a(libc_a-findfp.o)
                0x080071f0                __sfp_lock_release
 .text.__sinit  0x080071fc       0x30 C:/ST/STM32CubeIDE_1.16.1/STM32CubeIDE/plugins/com.st.stm32cube.ide.mcu.externaltools.gnu-tools-for-stm32.12.3.rel1.win32_1.0.200.202406191623/tools/bin/../lib/gcc/arm-none-eabi/12.3.1/../../../../arm-none-eabi/lib/thumb/v7e-m+fp/hard\libc_nano.a(libc_a-findfp.o)
                0x080071fc                __sinit
 .text._fwalk_sglue
                0x0800722c       0x3c C:/ST/STM32CubeIDE_1.16.1/STM32CubeIDE/plugins/com.st.stm32cube.ide.mcu.externaltools.gnu-tools-for-stm32.12.3.rel1.win32_1.0.200.202406191623/tools/bin/../lib/gcc/arm-none-eabi/12.3.1/../../../../arm-none-eabi/lib/thumb/v7e-m+fp/hard\libc_nano.a(libc_a-fwalk.o)
                0x0800722c                _fwalk_sglue
 .text.printf   0x08007268       0x24 C:/ST/STM32CubeIDE_1.16.1/STM32CubeIDE/plugins/com.st.stm32cube.ide.mcu.externaltools.gnu-tools-for-stm32.12.3.rel1.win32_1.0.200.202406191623/tools/bin/../lib/gcc/arm-none-eabi/12.3.1/../../../../arm-none-eabi/lib/thumb/v7e-m+fp/hard\libc_nano.a(libc_a-printf.o)
                0x08007268                iprintf
                0x08007268                printf
 .text._puts_r  0x0800728c       0xaa C:/ST/STM32CubeIDE_1.16.1/STM32CubeIDE/plugins/com.st.stm32cube.ide.mcu.externaltools.gnu-tools-for-stm32.12.3.rel1.win32_1.0.200.202406191623/tools/bin/../lib/gcc/arm-none-eabi/12.3.1/../../../../arm-none-eabi/lib/thumb/v7e-m+fp/hard\libc_nano.a(libc_a-puts.o)
                0x0800728c                _puts_r
 *fill*         0x08007336        0x2 
 .text.puts     0x08007338       0x10 C:/ST/STM32CubeIDE_1.16.1/STM32CubeIDE/plugins/com.st.stm32cube.ide.mcu.externaltools.gnu-tools-for-stm32.12.3.rel1.win32_1.0.200.202406191623/tools/bin/../lib/gcc/arm-none-eabi/12.3.1/../../../../arm-none-eabi/lib/thumb/v7e-m+fp/hard\libc_nano.a(libc_a-puts.o)
                0x08007338                puts
 .text.snprintf
                0x08007348       0x68 C:/ST/STM32CubeIDE_1.16.1/STM32CubeIDE/plugins/com.st.stm32cube.ide.mcu.externaltools.gnu-tools-for-stm32.12.3.rel1.win32_1.0.200.202406191623/tools/bin/../lib/gcc/arm-none-eabi/12.3.1/../../../../arm-none-eabi/lib/thumb/v7e-m+fp/hard\libc_nano.a(libc_a-snprintf.o)
                0x08007348                sniprintf
                0x08007348                snprintf
 .text.__sread  0x080073b0       0x22 C:/ST/STM32CubeIDE_1.16.1/STM32CubeIDE/plugins/com.st.stm32cube.ide.mcu.externaltools.gnu-tools-for-stm32.12.3.rel1.win32_1.0.200.202406191623/tools/bin/../lib/gcc/arm-none-eabi/12.3.1/../../../../arm-none-eabi/lib/thumb/v7e-m+fp/hard\libc_nano.a(libc_a-stdio.o)
                0x080073b0                __sread
 .text.__swrite
                0x080073d2       0x38 C:/ST/STM32CubeIDE_1.16.1/STM32CubeIDE/plugins/com.st.stm32cube.ide.mcu.externaltools.gnu-tools-for-stm32.12.3.rel1.win32_1.0.200.202406191623/tools/bin/../lib/gcc/arm-none-eabi/12.3.1/../../../../arm-none-eabi/lib/thumb/v7e-m+fp/hard\libc_nano.a(libc_a-stdio.o)
                0x080073d2                __swrite
 .text.__sseek  0x0800740a       0x24 C:/ST/STM32CubeIDE_1.16.1/STM32CubeIDE/plugins/com.st.stm32cube.ide.mcu.externaltools.gnu-tools-for-stm32.12.3.rel1.win32_1.0.200.202406191623/tools/bin/../lib/gcc/arm-none-eabi/12.3.1/../../../../arm-none-eabi/lib/thumb/v7e-m+fp/hard\libc_nano.a(libc_a-stdio.o)
                0x0800740a                __sseek
 .text.__sclose
                0x0800742e        0x8 C:/ST/STM32CubeIDE_1.16.1/STM32CubeIDE/plugins/com.st.stm32cube.ide.mcu.externaltools.gnu-tools-for-stm32.12.3.rel1.win32_1.0.200.202406191623/tools/bin/../lib/gcc/arm-none-eabi/12.3.1/../../../../arm-none-eabi/lib/thumb/v7e-m+fp/hard\libc_nano.a(libc_a-stdio.o)
                0x0800742e                __sclose
 .text._vsnprintf_r
                0x08007436       0x56 C:/ST/STM32CubeIDE_1.16.1/STM32CubeIDE/plugins/com.st.stm32cube.ide.mcu.externaltools.gnu-tools-for-stm32.12.3.rel1.win32_1.0.200.202406191623/tools/bin/../lib/gcc/arm-none-eabi/12.3.1/../../../../arm-none-eabi/lib/thumb/v7e-m+fp/hard\libc_nano.a(libc_a-vsnprintf.o)
                0x08007436                _vsniprintf_r
                0x08007436                _vsnprintf_r
 .text.vsnprintf
                0x0800748c       0x1c C:/ST/STM32CubeIDE_1.16.1/STM32CubeIDE/plugins/com.st.stm32cube.ide.mcu.externaltools.gnu-tools-for-stm32.12.3.rel1.win32_1.0.200.202406191623/tools/bin/../lib/gcc/arm-none-eabi/12.3.1/../../../../arm-none-eabi/lib/thumb/v7e-m+fp/hard\libc_nano.a(libc_a-vsnprintf.o)
                0x0800748c                vsniprintf
                0x0800748c                vsnprintf
 .text.__swbuf_r
                0x080074a8       0x7c C:/ST/STM32CubeIDE_1.16.1/STM32CubeIDE/plugins/com.st.stm32cube.ide.mcu.externaltools.gnu-tools-for-stm32.12.3.rel1.win32_1.0.200.202406191623/tools/bin/../lib/gcc/arm-none-eabi/12.3.1/../../../../arm-none-eabi/lib/thumb/v7e-m+fp/hard\libc_nano.a(libc_a-wbuf.o)
                0x080074a8                __swbuf_r
 .text.__swsetup_r
                0x08007524       0xac C:/ST/STM32CubeIDE_1.16.1/STM32CubeIDE/plugins/com.st.stm32cube.ide.mcu.externaltools.gnu-tools-for-stm32.12.3.rel1.win32_1.0.200.202406191623/tools/bin/../lib/gcc/arm-none-eabi/12.3.1/../../../../arm-none-eabi/lib/thumb/v7e-m+fp/hard\libc_nano.a(libc_a-wsetup.o)
                0x08007524                __swsetup_r
 .text.memset   0x080075d0       0x10 C:/ST/STM32CubeIDE_1.16.1/STM32CubeIDE/plugins/com.st.stm32cube.ide.mcu.externaltools.gnu-tools-for-stm32.12.3.rel1.win32_1.0.200.202406191623/tools/bin/../lib/gcc/arm-none-eabi/12.3.1/../../../../arm-none-eabi/lib/thumb/v7e-m+fp/hard\libc_nano.a(libc_a-memset.o)
                0x080075d0                memset
 .text._raise_r
                0x080075e0       0x50 C:/ST/STM32CubeIDE_1.16.1/STM32CubeIDE/plugins/com.st.stm32cube.ide.mcu.externaltools.gnu-tools-for-stm32.12.3.rel1.win32_1.0.200.202406191623/tools/bin/../lib/gcc/arm-none-eabi/12.3.1/../../../../arm-none-eabi/lib/thumb/v7e-m+fp/hard\libc_nano.a(libc_a-signal.o)
                0x080075e0                _raise_r
 .text.raise    0x08007630       0x10 C:/ST/STM32CubeIDE_1.16.1/STM32CubeIDE/plugins/com.st.stm32cube.ide.mcu.externaltools.gnu-tools-for-stm32.12.3.rel1.win32_1.0.200.202406191623/tools/bin/../lib/gcc/arm-none-eabi/12.3.1/../../../../arm-none-eabi/lib/thumb/v7e-m+fp/hard\libc_nano.a(libc_a-signal.o)
                0x08007630                raise
 .text._localeconv_r
                0x08007640        0x8 C:/ST/STM32CubeIDE_1.16.1/STM32CubeIDE/plugins/com.st.stm32cube.ide.mcu.externaltools.gnu-tools-for-stm32.12.3.rel1.win32_1.0.200.202406191623/tools/bin/../lib/gcc/arm-none-eabi/12.3.1/../../../../arm-none-eabi/lib/thumb/v7e-m+fp/hard\libc_nano.a(libc_a-localeconv.o)
                0x08007640                _localeconv_r
 .text._close_r
                0x08007648       0x20 C:/ST/STM32CubeIDE_1.16.1/STM32CubeIDE/plugins/com.st.stm32cube.ide.mcu.externaltools.gnu-tools-for-stm32.12.3.rel1.win32_1.0.200.202406191623/tools/bin/../lib/gcc/arm-none-eabi/12.3.1/../../../../arm-none-eabi/lib/thumb/v7e-m+fp/hard\libc_nano.a(libc_a-closer.o)
                0x08007648                _close_r
 .text._reclaim_reent
                0x08007668       0xac C:/ST/STM32CubeIDE_1.16.1/STM32CubeIDE/plugins/com.st.stm32cube.ide.mcu.externaltools.gnu-tools-for-stm32.12.3.rel1.win32_1.0.200.202406191623/tools/bin/../lib/gcc/arm-none-eabi/12.3.1/../../../../arm-none-eabi/lib/thumb/v7e-m+fp/hard\libc_nano.a(libc_a-reent.o)
                0x08007668                _reclaim_reent
 .text._lseek_r
                0x08007714       0x24 C:/ST/STM32CubeIDE_1.16.1/STM32CubeIDE/plugins/com.st.stm32cube.ide.mcu.externaltools.gnu-tools-for-stm32.12.3.rel1.win32_1.0.200.202406191623/tools/bin/../lib/gcc/arm-none-eabi/12.3.1/../../../../arm-none-eabi/lib/thumb/v7e-m+fp/hard\libc_nano.a(libc_a-lseekr.o)
                0x08007714                _lseek_r
 .text._read_r  0x08007738       0x24 C:/ST/STM32CubeIDE_1.16.1/STM32CubeIDE/plugins/com.st.stm32cube.ide.mcu.externaltools.gnu-tools-for-stm32.12.3.rel1.win32_1.0.200.202406191623/tools/bin/../lib/gcc/arm-none-eabi/12.3.1/../../../../arm-none-eabi/lib/thumb/v7e-m+fp/hard\libc_nano.a(libc_a-readr.o)
                0x08007738                _read_r
 .text._kill_r  0x0800775c       0x24 C:/ST/STM32CubeIDE_1.16.1/STM32CubeIDE/plugins/com.st.stm32cube.ide.mcu.externaltools.gnu-tools-for-stm32.12.3.rel1.win32_1.0.200.202406191623/tools/bin/../lib/gcc/arm-none-eabi/12.3.1/../../../../arm-none-eabi/lib/thumb/v7e-m+fp/hard\libc_nano.a(libc_a-signalr.o)
                0x0800775c                _kill_r
 .text._getpid_r
                0x08007780        0x4 C:/ST/STM32CubeIDE_1.16.1/STM32CubeIDE/plugins/com.st.stm32cube.ide.mcu.externaltools.gnu-tools-for-stm32.12.3.rel1.win32_1.0.200.202406191623/tools/bin/../lib/gcc/arm-none-eabi/12.3.1/../../../../arm-none-eabi/lib/thumb/v7e-m+fp/hard\libc_nano.a(libc_a-signalr.o)
                0x08007780                _getpid_r
 .text._sbrk_r  0x08007784       0x20 C:/ST/STM32CubeIDE_1.16.1/STM32CubeIDE/plugins/com.st.stm32cube.ide.mcu.externaltools.gnu-tools-for-stm32.12.3.rel1.win32_1.0.200.202406191623/tools/bin/../lib/gcc/arm-none-eabi/12.3.1/../../../../arm-none-eabi/lib/thumb/v7e-m+fp/hard\libc_nano.a(libc_a-sbrkr.o)
                0x08007784                _sbrk_r
 .text._write_r
                0x080077a4       0x24 C:/ST/STM32CubeIDE_1.16.1/STM32CubeIDE/plugins/com.st.stm32cube.ide.mcu.externaltools.gnu-tools-for-stm32.12.3.rel1.win32_1.0.200.202406191623/tools/bin/../lib/gcc/arm-none-eabi/12.3.1/../../../../arm-none-eabi/lib/thumb/v7e-m+fp/hard\libc_nano.a(libc_a-writer.o)
                0x080077a4                _write_r
 .text.__errno  0x080077c8        0xc C:/ST/STM32CubeIDE_1.16.1/STM32CubeIDE/plugins/com.st.stm32cube.ide.mcu.externaltools.gnu-tools-for-stm32.12.3.rel1.win32_1.0.200.202406191623/tools/bin/../lib/gcc/arm-none-eabi/12.3.1/../../../../arm-none-eabi/lib/thumb/v7e-m+fp/hard\libc_nano.a(libc_a-errno.o)
                0x080077c8                __errno
 .text.__libc_init_array
                0x080077d4       0x48 C:/ST/STM32CubeIDE_1.16.1/STM32CubeIDE/plugins/com.st.stm32cube.ide.mcu.externaltools.gnu-tools-for-stm32.12.3.rel1.win32_1.0.200.202406191623/tools/bin/../lib/gcc/arm-none-eabi/12.3.1/../../../../arm-none-eabi/lib/thumb/v7e-m+fp/hard\libc_nano.a(libc_a-init.o)
                0x080077d4                __libc_init_array
 .text.__retarget_lock_init_recursive
                0x0800781c        0x2 C:/ST/STM32CubeIDE_1.16.1/STM32CubeIDE/plugins/com.st.stm32cube.ide.mcu.externaltools.gnu-tools-for-stm32.12.3.rel1.win32_1.0.200.202406191623/tools/bin/../lib/gcc/arm-none-eabi/12.3.1/../../../../arm-none-eabi/lib/thumb/v7e-m+fp/hard\libc_nano.a(libc_a-lock.o)
                0x0800781c                __retarget_lock_init_recursive
 .text.__retarget_lock_acquire_recursive
                0x0800781e        0x2 C:/ST/STM32CubeIDE_1.16.1/STM32CubeIDE/plugins/com.st.stm32cube.ide.mcu.externaltools.gnu-tools-for-stm32.12.3.rel1.win32_1.0.200.202406191623/tools/bin/../lib/gcc/arm-none-eabi/12.3.1/../../../../arm-none-eabi/lib/thumb/v7e-m+fp/hard\libc_nano.a(libc_a-lock.o)
                0x0800781e                __retarget_lock_acquire_recursive
 .text.__retarget_lock_release_recursive
                0x08007820        0x2 C:/ST/STM32CubeIDE_1.16.1/STM32CubeIDE/plugins/com.st.stm32cube.ide.mcu.externaltools.gnu-tools-for-stm32.12.3.rel1.win32_1.0.200.202406191623/tools/bin/../lib/gcc/arm-none-eabi/12.3.1/../../../../arm-none-eabi/lib/thumb/v7e-m+fp/hard\libc_nano.a(libc_a-lock.o)
                0x08007820                __retarget_lock_release_recursive
 .text.memcpy   0x08007822       0x1c C:/ST/STM32CubeIDE_1.16.1/STM32CubeIDE/plugins/com.st.stm32cube.ide.mcu.externaltools.gnu-tools-for-stm32.12.3.rel1.win32_1.0.200.202406191623/tools/bin/../lib/gcc/arm-none-eabi/12.3.1/../../../../arm-none-eabi/lib/thumb/v7e-m+fp/hard\libc_nano.a(libc_a-memcpy-stub.o)
                0x08007822                memcpy
 .text.quorem   0x0800783e      0x110 C:/ST/STM32CubeIDE_1.16.1/STM32CubeIDE/plugins/com.st.stm32cube.ide.mcu.externaltools.gnu-tools-for-stm32.12.3.rel1.win32_1.0.200.202406191623/tools/bin/../lib/gcc/arm-none-eabi/12.3.1/../../../../arm-none-eabi/lib/thumb/v7e-m+fp/hard\libc_nano.a(libc_a-dtoa.o)
 *fill*         0x0800794e        0x2 
 .text._dtoa_r  0x08007950      0xb88 C:/ST/STM32CubeIDE_1.16.1/STM32CubeIDE/plugins/com.st.stm32cube.ide.mcu.externaltools.gnu-tools-for-stm32.12.3.rel1.win32_1.0.200.202406191623/tools/bin/../lib/gcc/arm-none-eabi/12.3.1/../../../../arm-none-eabi/lib/thumb/v7e-m+fp/hard\libc_nano.a(libc_a-dtoa.o)
                0x08007950                _dtoa_r
 .text._free_r  0x080084d8       0x94 C:/ST/STM32CubeIDE_1.16.1/STM32CubeIDE/plugins/com.st.stm32cube.ide.mcu.externaltools.gnu-tools-for-stm32.12.3.rel1.win32_1.0.200.202406191623/tools/bin/../lib/gcc/arm-none-eabi/12.3.1/../../../../arm-none-eabi/lib/thumb/v7e-m+fp/hard\libc_nano.a(libc_a-freer.o)
                0x080084d8                _free_r
 .text._Balloc  0x0800856c       0x80 C:/ST/STM32CubeIDE_1.16.1/STM32CubeIDE/plugins/com.st.stm32cube.ide.mcu.externaltools.gnu-tools-for-stm32.12.3.rel1.win32_1.0.200.202406191623/tools/bin/../lib/gcc/arm-none-eabi/12.3.1/../../../../arm-none-eabi/lib/thumb/v7e-m+fp/hard\libc_nano.a(libc_a-mprec.o)
                0x0800856c                _Balloc
 .text._Bfree   0x080085ec       0x44 C:/ST/STM32CubeIDE_1.16.1/STM32CubeIDE/plugins/com.st.stm32cube.ide.mcu.externaltools.gnu-tools-for-stm32.12.3.rel1.win32_1.0.200.202406191623/tools/bin/../lib/gcc/arm-none-eabi/12.3.1/../../../../arm-none-eabi/lib/thumb/v7e-m+fp/hard\libc_nano.a(libc_a-mprec.o)
                0x080085ec                _Bfree
 .text.__multadd
                0x08008630       0x8c C:/ST/STM32CubeIDE_1.16.1/STM32CubeIDE/plugins/com.st.stm32cube.ide.mcu.externaltools.gnu-tools-for-stm32.12.3.rel1.win32_1.0.200.202406191623/tools/bin/../lib/gcc/arm-none-eabi/12.3.1/../../../../arm-none-eabi/lib/thumb/v7e-m+fp/hard\libc_nano.a(libc_a-mprec.o)
                0x08008630                __multadd
 .text.__hi0bits
                0x080086bc       0x3e C:/ST/STM32CubeIDE_1.16.1/STM32CubeIDE/plugins/com.st.stm32cube.ide.mcu.externaltools.gnu-tools-for-stm32.12.3.rel1.win32_1.0.200.202406191623/tools/bin/../lib/gcc/arm-none-eabi/12.3.1/../../../../arm-none-eabi/lib/thumb/v7e-m+fp/hard\libc_nano.a(libc_a-mprec.o)
                0x080086bc                __hi0bits
 .text.__lo0bits
                0x080086fa       0x5a C:/ST/STM32CubeIDE_1.16.1/STM32CubeIDE/plugins/com.st.stm32cube.ide.mcu.externaltools.gnu-tools-for-stm32.12.3.rel1.win32_1.0.200.202406191623/tools/bin/../lib/gcc/arm-none-eabi/12.3.1/../../../../arm-none-eabi/lib/thumb/v7e-m+fp/hard\libc_nano.a(libc_a-mprec.o)
                0x080086fa                __lo0bits
 .text.__i2b    0x08008754       0x2c C:/ST/STM32CubeIDE_1.16.1/STM32CubeIDE/plugins/com.st.stm32cube.ide.mcu.externaltools.gnu-tools-for-stm32.12.3.rel1.win32_1.0.200.202406191623/tools/bin/../lib/gcc/arm-none-eabi/12.3.1/../../../../arm-none-eabi/lib/thumb/v7e-m+fp/hard\libc_nano.a(libc_a-mprec.o)
                0x08008754                __i2b
 .text.__multiply
                0x08008780      0x154 C:/ST/STM32CubeIDE_1.16.1/STM32CubeIDE/plugins/com.st.stm32cube.ide.mcu.externaltools.gnu-tools-for-stm32.12.3.rel1.win32_1.0.200.202406191623/tools/bin/../lib/gcc/arm-none-eabi/12.3.1/../../../../arm-none-eabi/lib/thumb/v7e-m+fp/hard\libc_nano.a(libc_a-mprec.o)
                0x08008780                __multiply
 .text.__pow5mult
                0x080088d4       0xb4 C:/ST/STM32CubeIDE_1.16.1/STM32CubeIDE/plugins/com.st.stm32cube.ide.mcu.externaltools.gnu-tools-for-stm32.12.3.rel1.win32_1.0.200.202406191623/tools/bin/../lib/gcc/arm-none-eabi/12.3.1/../../../../arm-none-eabi/lib/thumb/v7e-m+fp/hard\libc_nano.a(libc_a-mprec.o)
                0x080088d4                __pow5mult
 .text.__lshift
                0x08008988       0xd8 C:/ST/STM32CubeIDE_1.16.1/STM32CubeIDE/plugins/com.st.stm32cube.ide.mcu.externaltools.gnu-tools-for-stm32.12.3.rel1.win32_1.0.200.202406191623/tools/bin/../lib/gcc/arm-none-eabi/12.3.1/../../../../arm-none-eabi/lib/thumb/v7e-m+fp/hard\libc_nano.a(libc_a-mprec.o)
                0x08008988                __lshift
 .text.__mcmp   0x08008a60       0x36 C:/ST/STM32CubeIDE_1.16.1/STM32CubeIDE/plugins/com.st.stm32cube.ide.mcu.externaltools.gnu-tools-for-stm32.12.3.rel1.win32_1.0.200.202406191623/tools/bin/../lib/gcc/arm-none-eabi/12.3.1/../../../../arm-none-eabi/lib/thumb/v7e-m+fp/hard\libc_nano.a(libc_a-mprec.o)
                0x08008a60                __mcmp
 *fill*         0x08008a96        0x2 
 .text.__mdiff  0x08008a98      0x128 C:/ST/STM32CubeIDE_1.16.1/STM32CubeIDE/plugins/com.st.stm32cube.ide.mcu.externaltools.gnu-tools-for-stm32.12.3.rel1.win32_1.0.200.202406191623/tools/bin/../lib/gcc/arm-none-eabi/12.3.1/../../../../arm-none-eabi/lib/thumb/v7e-m+fp/hard\libc_nano.a(libc_a-mprec.o)
                0x08008a98                __mdiff
 .text.__d2b    0x08008bc0       0xb0 C:/ST/STM32CubeIDE_1.16.1/STM32CubeIDE/plugins/com.st.stm32cube.ide.mcu.externaltools.gnu-tools-for-stm32.12.3.rel1.win32_1.0.200.202406191623/tools/bin/../lib/gcc/arm-none-eabi/12.3.1/../../../../arm-none-eabi/lib/thumb/v7e-m+fp/hard\libc_nano.a(libc_a-mprec.o)
                0x08008bc0                __d2b
 .text.__ssputs_r
                0x08008c70       0xb6 C:/ST/STM32CubeIDE_1.16.1/STM32CubeIDE/plugins/com.st.stm32cube.ide.mcu.externaltools.gnu-tools-for-stm32.12.3.rel1.win32_1.0.200.202406191623/tools/bin/../lib/gcc/arm-none-eabi/12.3.1/../../../../arm-none-eabi/lib/thumb/v7e-m+fp/hard\libc_nano.a(libc_a-nano-svfprintf.o)
                0x08008c70                __ssputs_r
 *fill*         0x08008d26        0x2 
 .text._svfprintf_r
                0x08008d28      0x1f8 C:/ST/STM32CubeIDE_1.16.1/STM32CubeIDE/plugins/com.st.stm32cube.ide.mcu.externaltools.gnu-tools-for-stm32.12.3.rel1.win32_1.0.200.202406191623/tools/bin/../lib/gcc/arm-none-eabi/12.3.1/../../../../arm-none-eabi/lib/thumb/v7e-m+fp/hard\libc_nano.a(libc_a-nano-svfprintf.o)
                0x08008d28                _svfiprintf_r
                0x08008d28                _svfprintf_r
 .text.__sfputc_r
                0x08008f20       0x2e C:/ST/STM32CubeIDE_1.16.1/STM32CubeIDE/plugins/com.st.stm32cube.ide.mcu.externaltools.gnu-tools-for-stm32.12.3.rel1.win32_1.0.200.202406191623/tools/bin/../lib/gcc/arm-none-eabi/12.3.1/../../../../arm-none-eabi/lib/thumb/v7e-m+fp/hard\libc_nano.a(libc_a-nano-vfprintf.o)
 .text.__sfputs_r
                0x08008f4e       0x24 C:/ST/STM32CubeIDE_1.16.1/STM32CubeIDE/plugins/com.st.stm32cube.ide.mcu.externaltools.gnu-tools-for-stm32.12.3.rel1.win32_1.0.200.202406191623/tools/bin/../lib/gcc/arm-none-eabi/12.3.1/../../../../arm-none-eabi/lib/thumb/v7e-m+fp/hard\libc_nano.a(libc_a-nano-vfprintf.o)
                0x08008f4e                __sfputs_r
 *fill*         0x08008f72        0x2 
 .text._vfprintf_r
                0x08008f74      0x230 C:/ST/STM32CubeIDE_1.16.1/STM32CubeIDE/plugins/com.st.stm32cube.ide.mcu.externaltools.gnu-tools-for-stm32.12.3.rel1.win32_1.0.200.202406191623/tools/bin/../lib/gcc/arm-none-eabi/12.3.1/../../../../arm-none-eabi/lib/thumb/v7e-m+fp/hard\libc_nano.a(libc_a-nano-vfprintf.o)
                0x08008f74                _vfprintf_r
                0x08008f74                _vfiprintf_r
 .text.__sflush_r
                0x080091a4      0x108 C:/ST/STM32CubeIDE_1.16.1/STM32CubeIDE/plugins/com.st.stm32cube.ide.mcu.externaltools.gnu-tools-for-stm32.12.3.rel1.win32_1.0.200.202406191623/tools/bin/../lib/gcc/arm-none-eabi/12.3.1/../../../../arm-none-eabi/lib/thumb/v7e-m+fp/hard\libc_nano.a(libc_a-fflush.o)
                0x080091a4                __sflush_r
 .text._fflush_r
                0x080092ac       0x50 C:/ST/STM32CubeIDE_1.16.1/STM32CubeIDE/plugins/com.st.stm32cube.ide.mcu.externaltools.gnu-tools-for-stm32.12.3.rel1.win32_1.0.200.202406191623/tools/bin/../lib/gcc/arm-none-eabi/12.3.1/../../../../arm-none-eabi/lib/thumb/v7e-m+fp/hard\libc_nano.a(libc_a-fflush.o)
                0x080092ac                _fflush_r
 .text.__swhatbuf_r
                0x080092fc       0x4c C:/ST/STM32CubeIDE_1.16.1/STM32CubeIDE/plugins/com.st.stm32cube.ide.mcu.externaltools.gnu-tools-for-stm32.12.3.rel1.win32_1.0.200.202406191623/tools/bin/../lib/gcc/arm-none-eabi/12.3.1/../../../../arm-none-eabi/lib/thumb/v7e-m+fp/hard\libc_nano.a(libc_a-makebuf.o)
                0x080092fc                __swhatbuf_r
 .text.__smakebuf_r
                0x08009348       0x78 C:/ST/STM32CubeIDE_1.16.1/STM32CubeIDE/plugins/com.st.stm32cube.ide.mcu.externaltools.gnu-tools-for-stm32.12.3.rel1.win32_1.0.200.202406191623/tools/bin/../lib/gcc/arm-none-eabi/12.3.1/../../../../arm-none-eabi/lib/thumb/v7e-m+fp/hard\libc_nano.a(libc_a-makebuf.o)
                0x08009348                __smakebuf_r
 .text.memmove  0x080093c0       0x34 C:/ST/STM32CubeIDE_1.16.1/STM32CubeIDE/plugins/com.st.stm32cube.ide.mcu.externaltools.gnu-tools-for-stm32.12.3.rel1.win32_1.0.200.202406191623/tools/bin/../lib/gcc/arm-none-eabi/12.3.1/../../../../arm-none-eabi/lib/thumb/v7e-m+fp/hard\libc_nano.a(libc_a-memmove.o)
                0x080093c0                memmove
 .text._fstat_r
                0x080093f4       0x24 C:/ST/STM32CubeIDE_1.16.1/STM32CubeIDE/plugins/com.st.stm32cube.ide.mcu.externaltools.gnu-tools-for-stm32.12.3.rel1.win32_1.0.200.202406191623/tools/bin/../lib/gcc/arm-none-eabi/12.3.1/../../../../arm-none-eabi/lib/thumb/v7e-m+fp/hard\libc_nano.a(libc_a-fstatr.o)
                0x080093f4                _fstat_r
 .text._isatty_r
                0x08009418       0x20 C:/ST/STM32CubeIDE_1.16.1/STM32CubeIDE/plugins/com.st.stm32cube.ide.mcu.externaltools.gnu-tools-for-stm32.12.3.rel1.win32_1.0.200.202406191623/tools/bin/../lib/gcc/arm-none-eabi/12.3.1/../../../../arm-none-eabi/lib/thumb/v7e-m+fp/hard\libc_nano.a(libc_a-isattyr.o)
                0x08009418                _isatty_r
 .text.__assert_func
                0x08009438       0x3c C:/ST/STM32CubeIDE_1.16.1/STM32CubeIDE/plugins/com.st.stm32cube.ide.mcu.externaltools.gnu-tools-for-stm32.12.3.rel1.win32_1.0.200.202406191623/tools/bin/../lib/gcc/arm-none-eabi/12.3.1/../../../../arm-none-eabi/lib/thumb/v7e-m+fp/hard\libc_nano.a(libc_a-assert.o)
                0x08009438                __assert_func
 .text._calloc_r
                0x08009474       0x28 C:/ST/STM32CubeIDE_1.16.1/STM32CubeIDE/plugins/com.st.stm32cube.ide.mcu.externaltools.gnu-tools-for-stm32.12.3.rel1.win32_1.0.200.202406191623/tools/bin/../lib/gcc/arm-none-eabi/12.3.1/../../../../arm-none-eabi/lib/thumb/v7e-m+fp/hard\libc_nano.a(libc_a-callocr.o)
                0x08009474                _calloc_r
 .text.__ascii_mbtowc
                0x0800949c       0x24 C:/ST/STM32CubeIDE_1.16.1/STM32CubeIDE/plugins/com.st.stm32cube.ide.mcu.externaltools.gnu-tools-for-stm32.12.3.rel1.win32_1.0.200.202406191623/tools/bin/../lib/gcc/arm-none-eabi/12.3.1/../../../../arm-none-eabi/lib/thumb/v7e-m+fp/hard\libc_nano.a(libc_a-mbtowc_r.o)
                0x0800949c                __ascii_mbtowc
 .text._realloc_r
                0x080094c0       0x5c C:/ST/STM32CubeIDE_1.16.1/STM32CubeIDE/plugins/com.st.stm32cube.ide.mcu.externaltools.gnu-tools-for-stm32.12.3.rel1.win32_1.0.200.202406191623/tools/bin/../lib/gcc/arm-none-eabi/12.3.1/../../../../arm-none-eabi/lib/thumb/v7e-m+fp/hard\libc_nano.a(libc_a-reallocr.o)
                0x080094c0                _realloc_r
 .text.__ascii_wctomb
                0x0800951c       0x1a C:/ST/STM32CubeIDE_1.16.1/STM32CubeIDE/plugins/com.st.stm32cube.ide.mcu.externaltools.gnu-tools-for-stm32.12.3.rel1.win32_1.0.200.202406191623/tools/bin/../lib/gcc/arm-none-eabi/12.3.1/../../../../arm-none-eabi/lib/thumb/v7e-m+fp/hard\libc_nano.a(libc_a-wctomb_r.o)
                0x0800951c                __ascii_wctomb
 *fill*         0x08009536        0x2 
 .text.fprintf  0x08009538       0x24 C:/ST/STM32CubeIDE_1.16.1/STM32CubeIDE/plugins/com.st.stm32cube.ide.mcu.externaltools.gnu-tools-for-stm32.12.3.rel1.win32_1.0.200.202406191623/tools/bin/../lib/gcc/arm-none-eabi/12.3.1/../../../../arm-none-eabi/lib/thumb/v7e-m+fp/hard\libc_nano.a(libc_a-fprintf.o)
                0x08009538                fiprintf
                0x08009538                fprintf
 .text._malloc_usable_size_r
                0x0800955c       0x10 C:/ST/STM32CubeIDE_1.16.1/STM32CubeIDE/plugins/com.st.stm32cube.ide.mcu.externaltools.gnu-tools-for-stm32.12.3.rel1.win32_1.0.200.202406191623/tools/bin/../lib/gcc/arm-none-eabi/12.3.1/../../../../arm-none-eabi/lib/thumb/v7e-m+fp/hard\libc_nano.a(libc_a-msizer.o)
                0x0800955c                _malloc_usable_size_r
 *(.glue_7)
 .glue_7        0x0800956c        0x0 linker stubs
 *(.glue_7t)
 .glue_7t       0x0800956c        0x0 linker stubs
 *(.eh_frame)
 .eh_frame      0x0800956c        0x0 C:/ST/STM32CubeIDE_1.16.1/STM32CubeIDE/plugins/com.st.stm32cube.ide.mcu.externaltools.gnu-tools-for-stm32.12.3.rel1.win32_1.0.200.202406191623/tools/bin/../lib/gcc/arm-none-eabi/12.3.1/thumb/v7e-m+fp/hard/crtbegin.o
 *(.init)
 .init          0x0800956c        0x4 C:/ST/STM32CubeIDE_1.16.1/STM32CubeIDE/plugins/com.st.stm32cube.ide.mcu.externaltools.gnu-tools-for-stm32.12.3.rel1.win32_1.0.200.202406191623/tools/bin/../lib/gcc/arm-none-eabi/12.3.1/thumb/v7e-m+fp/hard/crti.o
                0x0800956c                _init
 .init          0x08009570        0x8 C:/ST/STM32CubeIDE_1.16.1/STM32CubeIDE/plugins/com.st.stm32cube.ide.mcu.externaltools.gnu-tools-for-stm32.12.3.rel1.win32_1.0.200.202406191623/tools/bin/../lib/gcc/arm-none-eabi/12.3.1/thumb/v7e-m+fp/hard/crtn.o
 *(.fini)
 .fini          0x08009578        0x4 C:/ST/STM32CubeIDE_1.16.1/STM32CubeIDE/plugins/com.st.stm32cube.ide.mcu.externaltools.gnu-tools-for-stm32.12.3.rel1.win32_1.0.200.202406191623/tools/bin/../lib/gcc/arm-none-eabi/12.3.1/thumb/v7e-m+fp/hard/crti.o
                0x08009578                _fini
 .fini          0x0800957c        0x8 C:/ST/STM32CubeIDE_1.16.1/STM32CubeIDE/plugins/com.st.stm32cube.ide.mcu.externaltools.gnu-tools-for-stm32.12.3.rel1.win32_1.0.200.202406191623/tools/bin/../lib/gcc/arm-none-eabi/12.3.1/thumb/v7e-m+fp/hard/crtn.o
                0x08009584                        . = ALIGN (0x4)
                0x08009584                        _etext = .

.vfp11_veneer   0x08009584        0x0
 .vfp11_veneer  0x08009584        0x0 linker stubs

.v4_bx          0x08009584        0x0
 .v4_bx         0x08009584        0x0 linker stubs

.iplt           0x08009584        0x0
 .iplt          0x08009584        0x0 C:/ST/STM32CubeIDE_1.16.1/STM32CubeIDE/plugins/com.st.stm32cube.ide.mcu.externaltools.gnu-tools-for-stm32.12.3.rel1.win32_1.0.200.202406191623/tools/bin/../lib/gcc/arm-none-eabi/12.3.1/thumb/v7e-m+fp/hard/crtbegin.o

.rodata         0x08009588     0x3730
                0x08009588                        . = ALIGN (0x4)
 *(.rodata)
 .rodata        0x08009588       0x20 ./Drivers/STM32WBxx_HAL_Driver/Src/stm32wbxx_hal_rcc.o
 *(.rodata*)
 .rodata._ZL12Font16_Table
                0x080095a8      0xbe0 ./Core/Fonts/font16.o
 .rodata._ZL12Font24_Table
                0x0800a188     0x1ab8 ./Core/Fonts/font24.o
 .rodata._Z12log_message2hPKcz.str1.1
                0x0800bc40        0x3 ./Core/Src/Debug.o
 .rodata._ZN11FrameBuffer11getInstanceEtttt.str1.1
                0x0800bc43       0x3f ./Core/Src/EPD_test.o
 .rodata._Z21EPD_MainMenuWithQueuev.str1.1
                0x0800bc82       0xd4 ./Core/Src/EPD_test.o
 *fill*         0x0800bd56        0x2 
 .rodata._ZTV9Container
                0x0800bd58       0x24 ./Core/Src/EPD_test.o
                0x0800bd58                vtable for Container
 .rodata._ZTV9Rectangle
                0x0800bd7c       0x24 ./Core/Src/EPD_test.o
                0x0800bd7c                vtable for Rectangle
 .rodata._ZTV6BitMap